Archive member included to satisfy reference by file (symbol)

uoscore-uedhoc-psk/build/libuoscore-uedhoc.a(responder.o)
                              build/edhoc_responder_suite0.o (edhoc_responder_run)
uoscore-uedhoc-psk/build/libuoscore-uedhoc.a(retrieve_cred.o)
                              uoscore-uedhoc-psk/build/libuoscore-uedhoc.a(responder.o) (retrieve_cred)
uoscore-uedhoc-psk/build/libuoscore-uedhoc.a(runtime_context.o)
                              uoscore-uedhoc-psk/build/libuoscore-uedhoc.a(responder.o) (runtime_context_init)
uoscore-uedhoc-psk/build/libuoscore-uedhoc.a(suites.o)
                              uoscore-uedhoc-psk/build/libuoscore-uedhoc.a(responder.o) (get_suite)
uoscore-uedhoc-psk/build/libuoscore-uedhoc.a(th.o)
                              uoscore-uedhoc-psk/build/libuoscore-uedhoc.a(responder.o) (th2_calculate)
uoscore-uedhoc-psk/build/libuoscore-uedhoc.a(byte_array.o)
                              uoscore-uedhoc-psk/build/libuoscore-uedhoc.a(responder.o) (NULL_ARRAY)
uoscore-uedhoc-psk/build/libuoscore-uedhoc.a(crypto_wrapper.o)
                              uoscore-uedhoc-psk/build/libuoscore-uedhoc.a(responder.o) (hkdf_extract)
uoscore-uedhoc-psk/build/libuoscore-uedhoc.a(memcpy_s.o)
                              uoscore-uedhoc-psk/build/libuoscore-uedhoc.a(responder.o) (check_buffer_size)
uoscore-uedhoc-psk/build/libuoscore-uedhoc.a(print_util.o)
                              uoscore-uedhoc-psk/build/libuoscore-uedhoc.a(responder.o) (handle_runtime_error)
uoscore-uedhoc-psk/build/libuoscore-uedhoc.a(edhoc_decode_id_cred_x.o)
                              uoscore-uedhoc-psk/build/libuoscore-uedhoc.a(retrieve_cred.o) (cbor_decode_id_cred_x_map)
uoscore-uedhoc-psk/build/libuoscore-uedhoc.a(edhoc_decode_message_1.o)
                              uoscore-uedhoc-psk/build/libuoscore-uedhoc.a(responder.o) (cbor_decode_message_1)
uoscore-uedhoc-psk/build/libuoscore-uedhoc.a(edhoc_encode_th2.o)
                              uoscore-uedhoc-psk/build/libuoscore-uedhoc.a(th.o) (cbor_encode_th2)
uoscore-uedhoc-psk/build/libuoscore-uedhoc.a(bstr_encode_decode.o)
                              uoscore-uedhoc-psk/build/libuoscore-uedhoc.a(responder.o) (encode_bstr)
uoscore-uedhoc-psk/build/libuoscore-uedhoc.a(ciphertext.o)
                              uoscore-uedhoc-psk/build/libuoscore-uedhoc.a(responder.o) (ciphertext_gen_psk)
uoscore-uedhoc-psk/build/libuoscore-uedhoc.a(int_encode_decode.o)
                              uoscore-uedhoc-psk/build/libuoscore-uedhoc.a(ciphertext.o) (c_x_is_encoded_int)
uoscore-uedhoc-psk/build/libuoscore-uedhoc.a(okm.o)
                              uoscore-uedhoc-psk/build/libuoscore-uedhoc.a(responder.o) (edhoc_kdf)
uoscore-uedhoc-psk/build/libuoscore-uedhoc.a(plaintext_decode.o)
                              uoscore-uedhoc-psk/build/libuoscore-uedhoc.a(ciphertext.o) (plaintext_split_psk_msg2)
uoscore-uedhoc-psk/build/libuoscore-uedhoc.a(prk.o)
                              uoscore-uedhoc-psk/build/libuoscore-uedhoc.a(responder.o) (prk_derive)
uoscore-uedhoc-psk/build/libuoscore-uedhoc.a(edhoc_decode_bstr_type.o)
                              uoscore-uedhoc-psk/build/libuoscore-uedhoc.a(bstr_encode_decode.o) (cbor_decode_bstr_type_b_str)
uoscore-uedhoc-psk/build/libuoscore-uedhoc.a(edhoc_decode_int_type.o)
                              uoscore-uedhoc-psk/build/libuoscore-uedhoc.a(int_encode_decode.o) (cbor_decode_int_type_i)
uoscore-uedhoc-psk/build/libuoscore-uedhoc.a(edhoc_encode_bstr_type.o)
                              uoscore-uedhoc-psk/build/libuoscore-uedhoc.a(bstr_encode_decode.o) (cbor_encode_bstr_type_b_str)
uoscore-uedhoc-psk/build/libuoscore-uedhoc.a(edhoc_encode_int_type.o)
                              uoscore-uedhoc-psk/build/libuoscore-uedhoc.a(int_encode_decode.o) (cbor_encode_int_type_i)
uoscore-uedhoc-psk/build/libuoscore-uedhoc.a(hkdf_info.o)
                              uoscore-uedhoc-psk/build/libuoscore-uedhoc.a(okm.o) (create_hkdf_info)
uoscore-uedhoc-psk/build/libuoscore-uedhoc.a(edhoc_encode_info.o)
                              uoscore-uedhoc-psk/build/libuoscore-uedhoc.a(hkdf_info.o) (cbor_encode_info)

Discarded input sections

 .text          0x00000000        0x0 build/edhoc_responder_suite0.o
 .data          0x00000000        0x0 build/edhoc_responder_suite0.o
 .bss           0x00000000        0x0 build/edhoc_responder_suite0.o
 .text          0x00000000        0x0 build/kprintf.o
 .data          0x00000000        0x0 build/kprintf.o
 .bss           0x00000000        0x0 build/kprintf.o
 .text.kputs    0x00000000       0x34 build/kprintf.o
 .text          0x00000000        0x0 build/libc_stubs.o
 .data          0x00000000        0x0 build/libc_stubs.o
 .bss           0x00000000        0x0 build/libc_stubs.o
 .text.strlen   0x00000000        0x8 build/libc_stubs.o
 .text.printf   0x00000000       0x1a build/libc_stubs.o
 .text.putchar  0x00000000        0x2 build/libc_stubs.o
[...]
Memory Configuration

Name             Origin             Length             Attributes
memory_mem       0x80000000         0x00010000         xrw
*default*        0x00000000         0xffffffff

Linker script and memory map

LOAD build/edhoc_responder_suite0.o
LOAD build/kprintf.o
LOAD build/libc_stubs.o
LOAD build/csprng_stub.o
LOAD build/zcbor_common.o
LOAD build/zcbor_encode.o
LOAD build/zcbor_decode.o
LOAD build/aes_encrypt.o
LOAD build/ccm_mode.o
LOAD build/sha256.o
LOAD build/hmac.o
LOAD build/utils.o
LOAD build/ecc.o
LOAD build/ecc_dh.o
LOAD build/ecc_dsa.o
LOAD build/ecc_platform_specific.o
LOAD build/compact_x25519.o
LOAD build/compact_ed25519.o
LOAD build/compact_wipe.o
LOAD build/c25519.o
LOAD build/ed25519.o
LOAD build/edsign.o
LOAD build/f25519.o
LOAD build/fprime.o
LOAD build/sha512.o
LOAD build/crt0.o
LOAD uoscore-uedhoc-psk/build/libuoscore-uedhoc.a
                0x80000000                        PROVIDE (_ram = ORIGIN (memory_mem))
                0x80010000                        PROVIDE (_ram_end = (_ram + LENGTH (memory_mem)))

.text           0x80000000     0x4f44
                [!provide]                        PROVIDE (_ftext = .)
 *(.text.init)
 .text.init     0x80000000       0x4a build/crt0.o
                0x80000000                _prog_start
 *(.text.unlikely .text.unlikely.*)
 *(.text .text.* .gnu.linkonce.t.*)
 .text.ead_process
                0x8000004a        0x4 build/edhoc_responder_suite0.o
                0x8000004a                ead_process
 .text.rx_responder
                0x8000004e       0x7c build/edhoc_responder_suite0.o
                0x8000004e                rx_responder
 .text.tx_responder
                0x800000ca       0x68 build/edhoc_responder_suite0.o
                0x800000ca                tx_responder
 .text.startup.main
                0x80000132      0x172 build/edhoc_responder_suite0.o
                0x80000132                main
 .text.kputc    0x800002a4        0xe build/kprintf.o
 .text.kprintf  0x800002b2      0x248 build/kprintf.o
                0x800002b2                kprintf
 .text.memcpy   0x800004fa       0x1c build/libc_stubs.o
                0x800004fa                memcpy
 .text.memset   0x80000516       0x12 build/libc_stubs.o
                0x80000516                memset
 .text.memcmp   0x80000528       0x26 build/libc_stubs.o
                0x80000528                memcmp
 .text.memmove  0x8000054e       0x42 build/libc_stubs.o
                0x8000054e                memmove
 .text.zcbor_new_backup
                0x80000590       0x44 build/zcbor_common.o
                0x80000590                zcbor_new_backup
 .text.zcbor_process_backup
                0x800005d4       0xa8 build/zcbor_common.o
                0x800005d4                zcbor_process_backup
 .text.zcbor_union_start_code
                0x8000067c        0x4 build/zcbor_common.o
                0x8000067c                zcbor_union_start_code
 .text.zcbor_union_elem_code
                0x80000680        0x6 build/zcbor_common.o
                0x80000680                zcbor_union_elem_code
 .text.zcbor_union_end_code
                0x80000686        0x6 build/zcbor_common.o
                0x80000686                zcbor_union_end_code
 .text.zcbor_new_state
                0x8000068c       0x54 build/zcbor_common.o
                0x8000068c                zcbor_new_state
 .text.zcbor_header_len
                0x800006e0       0x28 build/zcbor_common.o
                0x800006e0                zcbor_header_len
 .text.zcbor_header_len_ptr
                0x80000708       0x2e build/zcbor_common.o
                0x80000708                zcbor_header_len_ptr
 .text.zcbor_entry_function
                0x80000736       0x6e build/zcbor_common.o
                0x80000736                zcbor_entry_function
 .text.encode_header_byte
                0x800007a4       0x28 build/zcbor_encode.o
 .text.value_encode_len
                0x800007cc       0x88 build/zcbor_encode.o
 .text.value_encode
                0x80000854       0x28 build/zcbor_encode.o
 .text.str_encode
                0x8000087c       0x7e build/zcbor_encode.o
 .text.zcbor_int_encode
                0x800008fa       0x58 build/zcbor_encode.o
                0x800008fa                zcbor_int_encode
 .text.zcbor_uint_encode
                0x80000952        0x8 build/zcbor_encode.o
                0x80000952                zcbor_uint_encode
 .text.zcbor_int32_encode
                0x8000095a        0x4 build/zcbor_encode.o
                0x8000095a                zcbor_int32_encode
 .text.zcbor_uint32_encode
                0x8000095e        0x4 build/zcbor_encode.o
                0x8000095e                zcbor_uint32_encode
 .text.zcbor_bstr_encode
                0x80000962        0x4 build/zcbor_encode.o
                0x80000962                zcbor_bstr_encode
 .text.zcbor_error.isra.0
                0x80000966        0x6 build/zcbor_decode.o
 .text.err_restore
                0x8000096c        0xe build/zcbor_decode.o
 .text.initial_checks
                0x8000097a       0x1e build/zcbor_decode.o
 .text.type_check
                0x80000998       0x2c build/zcbor_decode.o
 .text.array_end_expect
                0x800009c4       0x30 build/zcbor_decode.o
 .text.list_map_end_decode
                0x800009f4       0x30 build/zcbor_decode.o
 .text.value_extract
                0x80000a24       0xcc build/zcbor_decode.o
 .text.str_start_decode_with_overflow_check
                0x80000af0       0x3e build/zcbor_decode.o
 .text.list_map_start_decode
                0x80000b2e       0x76 build/zcbor_decode.o
 .text.zcbor_int_decode
                0x80000ba4       0x74 build/zcbor_decode.o
                0x80000ba4                zcbor_int_decode
 .text.zcbor_int32_decode
                0x80000c18        0x4 build/zcbor_decode.o
                0x80000c18                zcbor_int32_decode
 .text.zcbor_uint_decode
                0x80000c1c       0x2e build/zcbor_decode.o
                0x80000c1c                zcbor_uint_decode
 .text.zcbor_uint64_decode
                0x80000c4a        0x4 build/zcbor_decode.o
                0x80000c4a                zcbor_uint64_decode
 .text.zcbor_uint64_expect
                0x80000c4e       0x34 build/zcbor_decode.o
                0x80000c4e                zcbor_uint64_expect
 .text.zcbor_uint32_expect
                0x80000c82        0x4 build/zcbor_decode.o
                0x80000c82                zcbor_uint32_expect
 .text.zcbor_bstr_decode
                0x80000c86       0x22 build/zcbor_decode.o
                0x80000c86                zcbor_bstr_decode
 .text.zcbor_tstr_decode
                0x80000ca8       0x22 build/zcbor_decode.o
                0x80000ca8                zcbor_tstr_decode
 .text.zcbor_list_start_decode
                0x80000cca        0x4 build/zcbor_decode.o
                0x80000cca                zcbor_list_start_decode
 .text.zcbor_map_start_decode
                0x80000cce       0x36 build/zcbor_decode.o
                0x80000cce                zcbor_map_start_decode
 .text.zcbor_list_end_decode
                0x80000d04        0x2 build/zcbor_decode.o
                0x80000d04                zcbor_list_end_decode
 .text.zcbor_map_end_decode
                0x80000d06        0x2 build/zcbor_decode.o
                0x80000d06                zcbor_map_end_decode
 .text.zcbor_list_map_end_force_decode
                0x80000d08        0x8 build/zcbor_decode.o
                0x80000d08                zcbor_list_map_end_force_decode
 .text.zcbor_multi_decode
                0x80000d10       0x74 build/zcbor_decode.o
                0x80000d10                zcbor_multi_decode
 .text.zcbor_present_decode
                0x80000d84       0x2c build/zcbor_decode.o
                0x80000d84                zcbor_present_decode
 .text.add_round_key
                0x80000db0       0xda build/aes_encrypt.o
 .text.sub_bytes
                0x80000e8a       0x22 build/aes_encrypt.o
 .text.mult_row_column
                0x80000eac       0xca build/aes_encrypt.o
 .text.tc_aes128_set_encrypt_key
                0x80000f76       0xd4 build/aes_encrypt.o
                0x80000f76                tc_aes128_set_encrypt_key
 .text.tc_aes_encrypt
                0x8000104a      0x1be build/aes_encrypt.o
                0x8000104a                tc_aes_encrypt
 .text.ccm_cbc_mac
                0x80001208       0x80 build/ccm_mode.o
 .text.ccm_ctr_mode.constprop.0.isra.0
                0x80001288       0xd8 build/ccm_mode.o
 .text.tc_ccm_config
                0x80001360       0x3a build/ccm_mode.o
                0x80001360                tc_ccm_config
 .text.tc_ccm_generation_encryption
                0x8000139a      0x13e build/ccm_mode.o
                0x8000139a                tc_ccm_generation_encryption
 .text.tc_ccm_decryption_verification
                0x800014d8      0x168 build/ccm_mode.o
                0x800014d8                tc_ccm_decryption_verification
 .text.compress
                0x80001640      0x286 build/sha256.o
 .text.tc_sha256_init
                0x800018c6       0x70 build/sha256.o
                0x800018c6                tc_sha256_init
 .text.tc_sha256_update
                0x80001936       0x72 build/sha256.o
                0x80001936                tc_sha256_update
 .text.tc_sha256_final
                0x800019a8       0xfc build/sha256.o
                0x800019a8                tc_sha256_final
 .text.rekey    0x80001aa4       0x48 build/hmac.o
 .text.tc_hmac_set_key
                0x80001aec       0x84 build/hmac.o
                0x80001aec                tc_hmac_set_key
 .text.tc_hmac_init
                0x80001b70       0x26 build/hmac.o
                0x80001b70                tc_hmac_init
 .text.tc_hmac_update
                0x80001b96       0x12 build/hmac.o
                0x80001b96                tc_hmac_update
 .text.tc_hmac_final
                0x80001ba8       0x5c build/hmac.o
                0x80001ba8                tc_hmac_final
 .text._copy    0x80001c04       0x22 build/utils.o
                0x80001c04                _copy
 .text._set     0x80001c26        0x4 build/utils.o
                0x80001c26                _set
 .text._double_byte
                0x80001c2a       0x14 build/utils.o
                0x80001c2a                _double_byte
 .text._compare
                0x80001c3e       0x26 build/utils.o
                0x80001c3e                _compare
 .text.compact_x25519_keygen
                0x80001c64       0x54 build/compact_x25519.o
                0x80001c64                compact_x25519_keygen
 .text.compact_wipe
                0x80001cb8       0x12 build/compact_wipe.o
                0x80001cb8                compact_wipe
 .text.xc_diffadd
                0x80001cca       0x8e build/c25519.o
 .text.c25519_smult
                0x80001d58      0x152 build/c25519.o
                0x80001d58                c25519_smult
 .text.f25519_select
                0x80001eaa       0x34 build/f25519.o
                0x80001eaa                f25519_select
 .text.f25519_normalize
                0x80001ede       0x72 build/f25519.o
                0x80001ede                f25519_normalize
 .text.f25519_add
                0x80001f50       0x60 build/f25519.o
                0x80001f50                f25519_add
 .text.f25519_sub
                0x80001fb0       0x6a build/f25519.o
                0x80001fb0                f25519_sub
 .text.f25519_mul__distinct
                0x8000201a       0x90 build/f25519.o
                0x8000201a                f25519_mul__distinct
 .text.f25519_mul_c
                0x800020aa       0x52 build/f25519.o
                0x800020aa                f25519_mul_c
 .text.f25519_inv__distinct
                0x800020fc       0x80 build/f25519.o
                0x800020fc                f25519_inv__distinct
 .text          0x8000217c      0x8d8 uoscore-uedhoc-psk/build/libuoscore-uedhoc.a(responder.o)
                0x80002588                msg2_gen
                0x800025d4                msg3_process
                0x8000287a                edhoc_responder_run_extended
                0x800029e8                edhoc_responder_run
 .text          0x80002a54      0x140 uoscore-uedhoc-psk/build/libuoscore-uedhoc.a(retrieve_cred.o)
                0x80002a54                retrieve_cred
 .text          0x80002b94       0x60 uoscore-uedhoc-psk/build/libuoscore-uedhoc.a(runtime_context.o)
                0x80002b94                runtime_context_init
 .text          0x80002bf4       0x40 uoscore-uedhoc-psk/build/libuoscore-uedhoc.a(suites.o)
                0x80002bf4                get_suite
                0x80002c16                get_hash_len
                0x80002c1c                get_aead_mac_len
                0x80002c20                get_aead_key_len
                0x80002c24                get_aead_iv_len
                0x80002c28                get_signature_len
                0x80002c2e                get_ecdh_pk_len
 .text          0x80002c34      0x4de uoscore-uedhoc-psk/build/libuoscore-uedhoc.a(th.o)
                0x80002c34                th34_calculate
                0x80002d60                th2_calculate
                0x80002f2c                th3_calculate_psk
                0x80002fe8                th4_calculate_psk
 .text          0x80003112       0xc2 uoscore-uedhoc-psk/build/libuoscore-uedhoc.a(byte_array.o)
                0x80003112                byte_array_append
                0x80003168                byte_array_cpy
                0x800031a6                array_equals
 .text          0x800031d4      0x4a8 uoscore-uedhoc-psk/build/libuoscore-uedhoc.a(crypto_wrapper.o)
                0x800033c6                aead
                0x80003488                sign
                0x8000348c                verify
                0x80003494                hkdf_extract
                0x800034a8                hkdf_expand
                0x800034bc                hkdf_sha_256
                0x8000352c                shared_secret_derive
                0x8000357e                ephemeral_dh_key_gen
                0x8000360c                hash
 .text          0x8000367c       0x40 uoscore-uedhoc-psk/build/libuoscore-uedhoc.a(memcpy_s.o)
                0x8000367c                check_buffer_size
                0x80003682                _memcpy_s
 .text          0x800036bc       0x9e uoscore-uedhoc-psk/build/libuoscore-uedhoc.a(print_util.o)
                0x800036bc                print_array
                0x80003736                handle_runtime_error
                0x80003748                handle_external_runtime_error
 .text          0x8000375a      0x396 uoscore-uedhoc-psk/build/libuoscore-uedhoc.a(edhoc_decode_id_cred_x.o)
                0x80003ad4                cbor_decode_id_cred_x_map
 .text          0x80003af0       0xfa uoscore-uedhoc-psk/build/libuoscore-uedhoc.a(edhoc_decode_message_1.o)
                0x80003bce                cbor_decode_message_1
 .text          0x80003bea       0x44 uoscore-uedhoc-psk/build/libuoscore-uedhoc.a(edhoc_encode_th2.o)
                0x80003c12                cbor_encode_th2
 .text          0x80003c2e       0x9c uoscore-uedhoc-psk/build/libuoscore-uedhoc.a(bstr_encode_decode.o)
                0x80003c2e                encode_bstr
                0x80003c6a                decode_bstr
 .text          0x80003cca      0xd9a uoscore-uedhoc-psk/build/libuoscore-uedhoc.a(ciphertext.o)
                0x80003daa                ciphertext_gen_psk
                0x8000406a                ciphertext_decrypt_split_psk
                0x80004228                ciphertext_gen_psk_msg3
                0x8000465a                ciphertext_decrypt_split_psk_msg3
 .text          0x80004a64       0xf0 uoscore-uedhoc-psk/build/libuoscore-uedhoc.a(int_encode_decode.o)
                0x80004a64                c_x_is_encoded_int
                0x80004ace                c_r_is_raw_int
                0x80004ae6                encode_int
                0x80004b1a                decode_int
 .text          0x80004b54       0xd0 uoscore-uedhoc-psk/build/libuoscore-uedhoc.a(okm.o)
                0x80004b54                edhoc_kdf
 .text          0x80004c24      0x10a uoscore-uedhoc-psk/build/libuoscore-uedhoc.a(plaintext_decode.o)
                0x80004c24                plaintext_split_psk_msg2
 .text          0x80004d2e       0xba uoscore-uedhoc-psk/build/libuoscore-uedhoc.a(prk.o)
                0x80004d2e                prk_derive
                0x80004d44                prk_derive_psk
 .text          0x80004de8       0x20 uoscore-uedhoc-psk/build/libuoscore-uedhoc.a(edhoc_decode_bstr_type.o)
                0x80004dec                cbor_decode_bstr_type_b_str
 .text          0x80004e08       0x20 uoscore-uedhoc-psk/build/libuoscore-uedhoc.a(edhoc_decode_int_type.o)
                0x80004e0c                cbor_decode_int_type_i
 .text          0x80004e28       0x20 uoscore-uedhoc-psk/build/libuoscore-uedhoc.a(edhoc_encode_bstr_type.o)
                0x80004e2c                cbor_encode_bstr_type_b_str
 .text          0x80004e48       0x20 uoscore-uedhoc-psk/build/libuoscore-uedhoc.a(edhoc_encode_int_type.o)
                0x80004e4c                cbor_encode_int_type_i
 .text          0x80004e68       0x4c uoscore-uedhoc-psk/build/libuoscore-uedhoc.a(hkdf_info.o)
                0x80004e68                create_hkdf_info
 .text          0x80004eb4       0x50 uoscore-uedhoc-psk/build/libuoscore-uedhoc.a(edhoc_encode_info.o)
                0x80004ee8                cbor_encode_info
                [!provide]                        PROVIDE (_etext = .)
                0x80004f44                        . = (. + 0x40)
 *fill*         0x80004f04       0x40 

.eh_frame       0x80004f48        0x0
 *(.eh_frame)

.srodata        0x80004f48       0x23
 *(.srodata.*)
 .srodata.cred_r
                0x80004f48        0x6 build/edhoc_responder_suite0.o
 *fill*         0x80004f4e        0x2 
 .srodata.cred_i
                0x80004f50        0x6 build/edhoc_responder_suite0.o
 *fill*         0x80004f56        0x2 
 .srodata.id_cred_psk
                0x80004f58        0x4 build/edhoc_responder_suite0.o
 .srodata.suites
                0x80004f5c        0x1 build/edhoc_responder_suite0.o
 *fill*         0x80004f5d        0x3 
 .srodata.c_r   0x80004f60        0x1 build/edhoc_responder_suite0.o
 *fill*         0x80004f61        0x3 
 .srodata.CSWTCH.5
                0x80004f64        0x7 build/zcbor_encode.o

.data           0x80004f70        0x0
 *(.data .data.* .gnu.linkonce.d.*)
 *(.tohost)

.sdata          0x80004f70        0x0
 *(.sdata .sdata.* .gnu.linkonce.s.*)

.rodata         0x80004f70      0x674
 *(.rodata .rodata.* .gnu.linkonce.r.*)
 .rodata.main.str1.4
                0x80004f70      0x3ba build/edhoc_responder_suite0.o
                                 0x5d (size before relaxing)
 *fill*         0x8000532a        0x2 
 .rodata.psk    0x8000532c       0x10 build/edhoc_responder_suite0.o
 .rodata.y_r    0x8000533c       0x20 build/edhoc_responder_suite0.o
 .rodata.sbox   0x8000535c      0x100 build/aes_encrypt.o
 .rodata        0x8000545c       0x2c build/aes_encrypt.o
 .rodata.k256   0x80005488      0x100 build/sha256.o
 .rodata.c25519_base_x
                0x80005588       0x20 build/c25519.o
                0x80005588                c25519_base_x
 .rodata.f25519_one
                0x800055a8       0x20 build/f25519.o
                0x800055a8                f25519_one
 .rodata.str1.4
                0x800055c8      0x193 uoscore-uedhoc-psk/build/libuoscore-uedhoc.a(responder.o)
 .rodata.str1.4
                0x800055c8       0x1a uoscore-uedhoc-psk/build/libuoscore-uedhoc.a(retrieve_cred.o)
 .rodata.str1.4
                0x800055c8        0xf uoscore-uedhoc-psk/build/libuoscore-uedhoc.a(th.o)
 .rodata.str1.4
                0x800055c8       0x18 uoscore-uedhoc-psk/build/libuoscore-uedhoc.a(byte_array.o)
 .rodata.str1.4
                0x800055c8       0x1c uoscore-uedhoc-psk/build/libuoscore-uedhoc.a(crypto_wrapper.o)
 .rodata.str1.4
                0x800055c8       0x16 uoscore-uedhoc-psk/build/libuoscore-uedhoc.a(memcpy_s.o)
 .rodata.str1.4
                0x800055c8       0x6f uoscore-uedhoc-psk/build/libuoscore-uedhoc.a(print_util.o)
 .rodata.str1.4
                0x800055c8       0x1f uoscore-uedhoc-psk/build/libuoscore-uedhoc.a(bstr_encode_decode.o)
 .rodata.str1.4
                0x800055c8       0x4b uoscore-uedhoc-psk/build/libuoscore-uedhoc.a(ciphertext.o)
 .rodata.str1.4
                0x800055c8       0x1e uoscore-uedhoc-psk/build/libuoscore-uedhoc.a(int_encode_decode.o)
 .rodata.str1.4
                0x800055c8       0x10 uoscore-uedhoc-psk/build/libuoscore-uedhoc.a(okm.o)
 .rodata.str1.4
                0x800055c8       0x1d uoscore-uedhoc-psk/build/libuoscore-uedhoc.a(plaintext_decode.o)
 .rodata        0x800055c8       0x1c uoscore-uedhoc-psk/build/libuoscore-uedhoc.a(plaintext_decode.o)
 .rodata.str1.4
                0x800055e4       0x10 uoscore-uedhoc-psk/build/libuoscore-uedhoc.a(prk.o)
 .rodata.str1.4
                0x800055e4       0x16 uoscore-uedhoc-psk/build/libuoscore-uedhoc.a(hkdf_info.o)
 *(.dtb)
                [!provide]                        PROVIDE (_data = ADDR (.rodata))
                [!provide]                        PROVIDE (_data_lma = LOADADDR (.rodata))
                [!provide]                        PROVIDE (_edata = .)

.rela.dyn       0x800055e4        0x0
 .rela.text.init
                0x800055e4        0x0 build/edhoc_responder_suite0.o

.bss            0x800055e8       0x30
                0x800055e8                        PROVIDE (_fbss = .)
                [!provide]                        PROVIDE (__global_pointer$ = (. + 0x7c0))
 *(.sbss .sbss.* .gnu.linkonce.sb.*)
 .sbss          0x800055e8        0x9 uoscore-uedhoc-psk/build/libuoscore-uedhoc.a(byte_array.o)
                0x800055e8                NULL_ARRAY
                0x800055f0                EMPTY_STRING
 *(.bss .bss.* .gnu.linkonce.b.*)
 *fill*         0x800055f1        0x3 
 .bss.g_y       0x800055f4       0x20 build/edhoc_responder_suite0.o
                0x80005618                        . = ALIGN (0x8)
 *fill*         0x80005614        0x4 
                0x80005618                        PROVIDE (_ebss = .)
                0x80005618                        PROVIDE (_end = .)
                0x80005618                        PROVIDE (_heap_start = _end)
                0x8000f800                        PROVIDE (_heap_end = (_ram_end - 0x800))
                [!provide]                        PROVIDE (_sp = _ram_end)
                0x00000001                        ASSERT ((_end <= (_ram_end - 0x800)), ERROR: Program too large! Need to leave 2KB for stack.)
                0x00005618                        _program_size = (_end - _ram)
                0x0000a1e8                        _available_heap = (_heap_end - _heap_start)
                0x00000800                        _stack_size = 0x800
OUTPUT(build/edhoc_responder.elf elf32-littleriscv)

.comment        0x00000000       0x19
 .comment       0x00000000       0x19 build/edhoc_responder_suite0.o
                                 0x1a (size before relaxing)
 .comment       0x00000019       0x1a build/kprintf.o
 .comment       0x00000019       0x1a build/libc_stubs.o
 .comment       0x00000019       0x1a build/zcbor_common.o
 .comment       0x00000019       0x1a build/zcbor_encode.o
 .comment       0x00000019       0x1a build/zcbor_decode.o
 .comment       0x00000019       0x1a build/aes_encrypt.o
 .comment       0x00000019       0x1a build/ccm_mode.o
 .comment       0x00000019       0x1a build/sha256.o
 .comment       0x00000019       0x1a build/hmac.o
 .comment       0x00000019       0x1a build/utils.o
 .comment       0x00000019       0x1a build/compact_x25519.o
 .comment       0x00000019       0x1a build/compact_wipe.o
 .comment       0x00000019       0x1a build/c25519.o
 .comment       0x00000019       0x1a build/f25519.o
 .comment       0x00000019       0x1a uoscore-uedhoc-psk/build/libuoscore-uedhoc.a(responder.o)
 .comment       0x00000019       0x1a uoscore-uedhoc-psk/build/libuoscore-uedhoc.a(retrieve_cred.o)
 .comment       0x00000019       0x1a uoscore-uedhoc-psk/build/libuoscore-uedhoc.a(runtime_context.o)
 .comment       0x00000019       0x1a uoscore-uedhoc-psk/build/libuoscore-uedhoc.a(suites.o)
 .comment       0x00000019       0x1a uoscore-uedhoc-psk/build/libuoscore-uedhoc.a(th.o)
 .comment       0x00000019       0x1a uoscore-uedhoc-psk/build/libuoscore-uedhoc.a(byte_array.o)
 .comment       0x00000019       0x1a uoscore-uedhoc-psk/build/libuoscore-uedhoc.a(crypto_wrapper.o)
 .comment       0x00000019       0x1a uoscore-uedhoc-psk/build/libuoscore-uedhoc.a(memcpy_s.o)
 .comment       0x00000019       0x1a uoscore-uedhoc-psk/build/libuoscore-uedhoc.a(print_util.o)
 .comment       0x00000019       0x1a uoscore-uedhoc-psk/build/libuoscore-uedhoc.a(edhoc_decode_id_cred_x.o)
 .comment       0x00000019       0x1a uoscore-uedhoc-psk/build/libuoscore-uedhoc.a(edhoc_decode_message_1.o)
 .comment       0x00000019       0x1a uoscore-uedhoc-psk/build/libuoscore-uedhoc.a(edhoc_encode_th2.o)
 .comment       0x00000019       0x1a uoscore-uedhoc-psk/build/libuoscore-uedhoc.a(bstr_encode_decode.o)
 .comment       0x00000019       0x1a uoscore-uedhoc-psk/build/libuoscore-uedhoc.a(ciphertext.o)
 .comment       0x00000019       0x1a uoscore-uedhoc-psk/build/libuoscore-uedhoc.a(int_encode_decode.o)
 .comment       0x00000019       0x1a uoscore-uedhoc-psk/build/libuoscore-uedhoc.a(okm.o)
 .comment       0x00000019       0x1a uoscore-uedhoc-psk/build/libuoscore-uedhoc.a(plaintext_decode.o)
 .comment       0x00000019       0x1a uoscore-uedhoc-psk/build/libuoscore-uedhoc.a(prk.o)
 .comment       0x00000019       0x1a uoscore-uedhoc-psk/build/libuoscore-uedhoc.a(edhoc_decode_bstr_type.o)
 .comment       0x00000019       0x1a uoscore-uedhoc-psk/build/libuoscore-uedhoc.a(edhoc_decode_int_type.o)
 .comment       0x00000019       0x1a uoscore-uedhoc-psk/build/libuoscore-uedhoc.a(edhoc_encode_bstr_type.o)
 .comment       0x00000019       0x1a uoscore-uedhoc-psk/build/libuoscore-uedhoc.a(edhoc_encode_int_type.o)
 .comment       0x00000019       0x1a uoscore-uedhoc-psk/build/libuoscore-uedhoc.a(hkdf_info.o)
 .comment       0x00000019       0x1a uoscore-uedhoc-psk/build/libuoscore-uedhoc.a(edhoc_encode_info.o)

.note.GNU-stack
                0x00000000        0x0
 .note.GNU-stack
                0x00000000        0x0 build/edhoc_responder_suite0.o
 .note.GNU-stack
                0x00000000        0x0 build/kprintf.o
 .note.GNU-stack
                0x00000000        0x0 build/libc_stubs.o
 .note.GNU-stack
                0x00000000        0x0 build/zcbor_common.o
 .note.GNU-stack
                0x00000000        0x0 build/zcbor_encode.o
 .note.GNU-stack
                0x00000000        0x0 build/zcbor_decode.o
 .note.GNU-stack
                0x00000000        0x0 build/aes_encrypt.o
 .note.GNU-stack
                0x00000000        0x0 build/ccm_mode.o
 .note.GNU-stack
                0x00000000        0x0 build/sha256.o
 .note.GNU-stack
                0x00000000        0x0 build/hmac.o
 .note.GNU-stack
                0x00000000        0x0 build/utils.o
 .note.GNU-stack
                0x00000000        0x0 build/compact_x25519.o
 .note.GNU-stack
                0x00000000        0x0 build/compact_wipe.o
 .note.GNU-stack
                0x00000000        0x0 build/c25519.o
 .note.GNU-stack
                0x00000000        0x0 build/f25519.o
 .note.GNU-stack
                0x00000000        0x0 uoscore-uedhoc-psk/build/libuoscore-uedhoc.a(responder.o)
 .note.GNU-stack
                0x00000000        0x0 uoscore-uedhoc-psk/build/libuoscore-uedhoc.a(retrieve_cred.o)
 .note.GNU-stack
                0x00000000        0x0 uoscore-uedhoc-psk/build/libuoscore-uedhoc.a(runtime_context.o)
 .note.GNU-stack
                0x00000000        0x0 uoscore-uedhoc-psk/build/libuoscore-uedhoc.a(suites.o)
 .note.GNU-stack
                0x00000000        0x0 uoscore-uedhoc-psk/build/libuoscore-uedhoc.a(th.o)
 .note.GNU-stack
                0x00000000        0x0 uoscore-uedhoc-psk/build/libuoscore-uedhoc.a(byte_array.o)
 .note.GNU-stack
                0x00000000        0x0 uoscore-uedhoc-psk/build/libuoscore-uedhoc.a(crypto_wrapper.o)
 .note.GNU-stack
                0x00000000        0x0 uoscore-uedhoc-psk/build/libuoscore-uedhoc.a(memcpy_s.o)
 .note.GNU-stack
                0x00000000        0x0 uoscore-uedhoc-psk/build/libuoscore-uedhoc.a(print_util.o)
 .note.GNU-stack
                0x00000000        0x0 uoscore-uedhoc-psk/build/libuoscore-uedhoc.a(edhoc_decode_id_cred_x.o)
 .note.GNU-stack
                0x00000000        0x0 uoscore-uedhoc-psk/build/libuoscore-uedhoc.a(edhoc_decode_message_1.o)
 .note.GNU-stack
                0x00000000        0x0 uoscore-uedhoc-psk/build/libuoscore-uedhoc.a(edhoc_encode_th2.o)
 .note.GNU-stack
                0x00000000        0x0 uoscore-uedhoc-psk/build/libuoscore-uedhoc.a(bstr_encode_decode.o)
 .note.GNU-stack
                0x00000000        0x0 uoscore-uedhoc-psk/build/libuoscore-uedhoc.a(ciphertext.o)
 .note.GNU-stack
                0x00000000        0x0 uoscore-uedhoc-psk/build/libuoscore-uedhoc.a(int_encode_decode.o)
 .note.GNU-stack
                0x00000000        0x0 uoscore-uedhoc-psk/build/libuoscore-uedhoc.a(okm.o)
 .note.GNU-stack
                0x00000000        0x0 uoscore-uedhoc-psk/build/libuoscore-uedhoc.a(plaintext_decode.o)
 .note.GNU-stack
                0x00000000        0x0 uoscore-uedhoc-psk/build/libuoscore-uedhoc.a(prk.o)
 .note.GNU-stack
                0x00000000        0x0 uoscore-uedhoc-psk/build/libuoscore-uedhoc.a(edhoc_decode_bstr_type.o)
 .note.GNU-stack
                0x00000000        0x0 uoscore-uedhoc-psk/build/libuoscore-uedhoc.a(edhoc_decode_int_type.o)
 .note.GNU-stack
                0x00000000        0x0 uoscore-uedhoc-psk/build/libuoscore-uedhoc.a(edhoc_encode_bstr_type.o)
 .note.GNU-stack
                0x00000000        0x0 uoscore-uedhoc-psk/build/libuoscore-uedhoc.a(edhoc_encode_int_type.o)
 .note.GNU-stack
                0x00000000        0x0 uoscore-uedhoc-psk/build/libuoscore-uedhoc.a(hkdf_info.o)
 .note.GNU-stack
                0x00000000        0x0 uoscore-uedhoc-psk/build/libuoscore-uedhoc.a(edhoc_encode_info.o)

.riscv.attributes
                0x00000000       0x67
 .riscv.attributes
                0x00000000       0x63 build/edhoc_responder_suite0.o
 .riscv.attributes
                0x00000063       0x63 build/kprintf.o
 .riscv.attributes
                0x000000c6       0x63 build/libc_stubs.o
 .riscv.attributes
                0x00000129       0x63 build/zcbor_common.o
 .riscv.attributes
                0x0000018c       0x63 build/zcbor_encode.o
 .riscv.attributes
                0x000001ef       0x63 build/zcbor_decode.o
 .riscv.attributes
                0x00000252       0x63 build/aes_encrypt.o
 .riscv.attributes
                0x000002b5       0x63 build/ccm_mode.o
 .riscv.attributes
                0x00000318       0x63 build/sha256.o
 .riscv.attributes
                0x0000037b       0x63 build/hmac.o
 .riscv.attributes
                0x000003de       0x63 build/utils.o
 .riscv.attributes
                0x00000441       0x63 build/compact_x25519.o
 .riscv.attributes
                0x000004a4       0x63 build/compact_wipe.o
 .riscv.attributes
                0x00000507       0x63 build/c25519.o
 .riscv.attributes
                0x0000056a       0x63 build/f25519.o
 .riscv.attributes
                0x000005cd       0x65 build/crt0.o
 .riscv.attributes
                0x00000632       0x63 uoscore-uedhoc-psk/build/libuoscore-uedhoc.a(responder.o)
 .riscv.attributes
                0x00000695       0x63 uoscore-uedhoc-psk/build/libuoscore-uedhoc.a(retrieve_cred.o)
 .riscv.attributes
                0x000006f8       0x63 uoscore-uedhoc-psk/build/libuoscore-uedhoc.a(runtime_context.o)
 .riscv.attributes
                0x0000075b       0x63 uoscore-uedhoc-psk/build/libuoscore-uedhoc.a(suites.o)
 .riscv.attributes
                0x000007be       0x63 uoscore-uedhoc-psk/build/libuoscore-uedhoc.a(th.o)
 .riscv.attributes
                0x00000821       0x63 uoscore-uedhoc-psk/build/libuoscore-uedhoc.a(byte_array.o)
 .riscv.attributes
                0x00000884       0x63 uoscore-uedhoc-psk/build/libuoscore-uedhoc.a(crypto_wrapper.o)
 .riscv.attributes
                0x000008e7       0x63 uoscore-uedhoc-psk/build/libuoscore-uedhoc.a(memcpy_s.o)
 .riscv.attributes
                0x0000094a       0x63 uoscore-uedhoc-psk/build/libuoscore-uedhoc.a(print_util.o)
 .riscv.attributes
                0x000009ad       0x63 uoscore-uedhoc-psk/build/libuoscore-uedhoc.a(edhoc_decode_id_cred_x.o)
 .riscv.attributes
                0x00000a10       0x63 uoscore-uedhoc-psk/build/libuoscore-uedhoc.a(edhoc_decode_message_1.o)
 .riscv.attributes
                0x00000a73       0x63 uoscore-uedhoc-psk/build/libuoscore-uedhoc.a(edhoc_encode_th2.o)
 .riscv.attributes
                0x00000ad6       0x63 uoscore-uedhoc-psk/build/libuoscore-uedhoc.a(bstr_encode_decode.o)
 .riscv.attributes
                0x00000b39       0x63 uoscore-uedhoc-psk/build/libuoscore-uedhoc.a(ciphertext.o)
 .riscv.attributes
                0x00000b9c       0x63 uoscore-uedhoc-psk/build/libuoscore-uedhoc.a(int_encode_decode.o)
 .riscv.attributes
                0x00000bff       0x63 uoscore-uedhoc-psk/build/libuoscore-uedhoc.a(okm.o)
 .riscv.attributes
                0x00000c62       0x63 uoscore-uedhoc-psk/build/libuoscore-uedhoc.a(plaintext_decode.o)
 .riscv.attributes
                0x00000cc5       0x63 uoscore-uedhoc-psk/build/libuoscore-uedhoc.a(prk.o)
 .riscv.attributes
                0x00000d28       0x63 uoscore-uedhoc-psk/build/libuoscore-uedhoc.a(edhoc_decode_bstr_type.o)
 .riscv.attributes
                0x00000d8b       0x63 uoscore-uedhoc-psk/build/libuoscore-uedhoc.a(edhoc_decode_int_type.o)
 .riscv.attributes
                0x00000dee       0x63 uoscore-uedhoc-psk/build/libuoscore-uedhoc.a(edhoc_encode_bstr_type.o)
 .riscv.attributes
                0x00000e51       0x63 uoscore-uedhoc-psk/build/libuoscore-uedhoc.a(edhoc_encode_int_type.o)
 .riscv.attributes
                0x00000eb4       0x63 uoscore-uedhoc-psk/build/libuoscore-uedhoc.a(hkdf_info.o)
 .riscv.attributes
                0x00000f17       0x63 uoscore-uedhoc-psk/build/libuoscore-uedhoc.a(edhoc_encode_info.o)

.debug_info     0x00000000     0xd5a1
 .debug_info    0x00000000     0x20d1 uoscore-uedhoc-psk/build/libuoscore-uedhoc.a(responder.o)
 .debug_info    0x000020d1      0x922 uoscore-uedhoc-psk/build/libuoscore-uedhoc.a(retrieve_cred.o)
 .debug_info    0x000029f3      0x348 uoscore-uedhoc-psk/build/libuoscore-uedhoc.a(runtime_context.o)
 .debug_info    0x00002d3b      0x441 uoscore-uedhoc-psk/build/libuoscore-uedhoc.a(suites.o)
 .debug_info    0x0000317c      0xeb4 uoscore-uedhoc-psk/build/libuoscore-uedhoc.a(th.o)
 .debug_info    0x00004030      0x488 uoscore-uedhoc-psk/build/libuoscore-uedhoc.a(byte_array.o)
 .debug_info    0x000044b8     0x150d uoscore-uedhoc-psk/build/libuoscore-uedhoc.a(crypto_wrapper.o)
 .debug_info    0x000059c5      0x3b0 uoscore-uedhoc-psk/build/libuoscore-uedhoc.a(memcpy_s.o)
 .debug_info    0x00005d75      0x284 uoscore-uedhoc-psk/build/libuoscore-uedhoc.a(print_util.o)
 .debug_info    0x00005ff9     0x1074 uoscore-uedhoc-psk/build/libuoscore-uedhoc.a(edhoc_decode_id_cred_x.o)
 .debug_info    0x0000706d      0x754 uoscore-uedhoc-psk/build/libuoscore-uedhoc.a(edhoc_decode_message_1.o)
 .debug_info    0x000077c1      0x43e uoscore-uedhoc-psk/build/libuoscore-uedhoc.a(edhoc_encode_th2.o)
 .debug_info    0x00007bff      0x4e4 uoscore-uedhoc-psk/build/libuoscore-uedhoc.a(bstr_encode_decode.o)
 .debug_info    0x000080e3     0x25a3 uoscore-uedhoc-psk/build/libuoscore-uedhoc.a(ciphertext.o)
 .debug_info    0x0000a686      0x4f2 uoscore-uedhoc-psk/build/libuoscore-uedhoc.a(int_encode_decode.o)
 .debug_info    0x0000ab78      0x439 uoscore-uedhoc-psk/build/libuoscore-uedhoc.a(okm.o)
 .debug_info    0x0000afb1      0x6d7 uoscore-uedhoc-psk/build/libuoscore-uedhoc.a(plaintext_decode.o)
 .debug_info    0x0000b688      0x6eb uoscore-uedhoc-psk/build/libuoscore-uedhoc.a(prk.o)
 .debug_info    0x0000bd73      0x3ef uoscore-uedhoc-psk/build/libuoscore-uedhoc.a(edhoc_decode_bstr_type.o)
 .debug_info    0x0000c162      0x3df uoscore-uedhoc-psk/build/libuoscore-uedhoc.a(edhoc_decode_int_type.o)
 .debug_info    0x0000c541      0x3f4 uoscore-uedhoc-psk/build/libuoscore-uedhoc.a(edhoc_encode_bstr_type.o)
 .debug_info    0x0000c935      0x3e4 uoscore-uedhoc-psk/build/libuoscore-uedhoc.a(edhoc_encode_int_type.o)
 .debug_info    0x0000cd19      0x3e8 uoscore-uedhoc-psk/build/libuoscore-uedhoc.a(hkdf_info.o)
 .debug_info    0x0000d101      0x4a0 uoscore-uedhoc-psk/build/libuoscore-uedhoc.a(edhoc_encode_info.o)

.debug_abbrev   0x00000000     0x2e1f
 .debug_abbrev  0x00000000      0x40a uoscore-uedhoc-psk/build/libuoscore-uedhoc.a(responder.o)
 .debug_abbrev  0x0000040a      0x284 uoscore-uedhoc-psk/build/libuoscore-uedhoc.a(retrieve_cred.o)
 .debug_abbrev  0x0000068e      0x111 uoscore-uedhoc-psk/build/libuoscore-uedhoc.a(runtime_context.o)
 .debug_abbrev  0x0000079f      0x103 uoscore-uedhoc-psk/build/libuoscore-uedhoc.a(suites.o)
 .debug_abbrev  0x000008a2      0x2ac uoscore-uedhoc-psk/build/libuoscore-uedhoc.a(th.o)
 .debug_abbrev  0x00000b4e      0x1e9 uoscore-uedhoc-psk/build/libuoscore-uedhoc.a(byte_array.o)
 .debug_abbrev  0x00000d37      0x321 uoscore-uedhoc-psk/build/libuoscore-uedhoc.a(crypto_wrapper.o)
 .debug_abbrev  0x00001058      0x18c uoscore-uedhoc-psk/build/libuoscore-uedhoc.a(memcpy_s.o)
 .debug_abbrev  0x000011e4       0xfa uoscore-uedhoc-psk/build/libuoscore-uedhoc.a(print_util.o)
 .debug_abbrev  0x000012de      0x1e1 uoscore-uedhoc-psk/build/libuoscore-uedhoc.a(edhoc_decode_id_cred_x.o)
 .debug_abbrev  0x000014bf      0x1db uoscore-uedhoc-psk/build/libuoscore-uedhoc.a(edhoc_decode_message_1.o)
 .debug_abbrev  0x0000169a      0x1c0 uoscore-uedhoc-psk/build/libuoscore-uedhoc.a(edhoc_encode_th2.o)
 .debug_abbrev  0x0000185a      0x1a5 uoscore-uedhoc-psk/build/libuoscore-uedhoc.a(bstr_encode_decode.o)
 .debug_abbrev  0x000019ff      0x378 uoscore-uedhoc-psk/build/libuoscore-uedhoc.a(ciphertext.o)
 .debug_abbrev  0x00001d77      0x183 uoscore-uedhoc-psk/build/libuoscore-uedhoc.a(int_encode_decode.o)
 .debug_abbrev  0x00001efa      0x1ac uoscore-uedhoc-psk/build/libuoscore-uedhoc.a(okm.o)
 .debug_abbrev  0x000020a6      0x211 uoscore-uedhoc-psk/build/libuoscore-uedhoc.a(plaintext_decode.o)
 .debug_abbrev  0x000022b7      0x1ed uoscore-uedhoc-psk/build/libuoscore-uedhoc.a(prk.o)
 .debug_abbrev  0x000024a4      0x1a2 uoscore-uedhoc-psk/build/libuoscore-uedhoc.a(edhoc_decode_bstr_type.o)
 .debug_abbrev  0x00002646      0x191 uoscore-uedhoc-psk/build/libuoscore-uedhoc.a(edhoc_decode_int_type.o)
 .debug_abbrev  0x000027d7      0x1a2 uoscore-uedhoc-psk/build/libuoscore-uedhoc.a(edhoc_encode_bstr_type.o)
 .debug_abbrev  0x00002979      0x191 uoscore-uedhoc-psk/build/libuoscore-uedhoc.a(edhoc_encode_int_type.o)
 .debug_abbrev  0x00002b0a      0x16f uoscore-uedhoc-psk/build/libuoscore-uedhoc.a(hkdf_info.o)
 .debug_abbrev  0x00002c79      0x1a6 uoscore-uedhoc-psk/build/libuoscore-uedhoc.a(edhoc_encode_info.o)

.debug_loc      0x00000000     0x6e97
 .debug_loc     0x00000000     0x1247 uoscore-uedhoc-psk/build/libuoscore-uedhoc.a(responder.o)
 .debug_loc     0x00001247      0x22d uoscore-uedhoc-psk/build/libuoscore-uedhoc.a(retrieve_cred.o)
 .debug_loc     0x00001474      0x12d uoscore-uedhoc-psk/build/libuoscore-uedhoc.a(suites.o)
 .debug_loc     0x000015a1      0x86f uoscore-uedhoc-psk/build/libuoscore-uedhoc.a(th.o)
 .debug_loc     0x00001e10      0x23a uoscore-uedhoc-psk/build/libuoscore-uedhoc.a(byte_array.o)
 .debug_loc     0x0000204a      0xdf9 uoscore-uedhoc-psk/build/libuoscore-uedhoc.a(crypto_wrapper.o)
 .debug_loc     0x00002e43      0x25b uoscore-uedhoc-psk/build/libuoscore-uedhoc.a(memcpy_s.o)
 .debug_loc     0x0000309e      0x251 uoscore-uedhoc-psk/build/libuoscore-uedhoc.a(print_util.o)
 .debug_loc     0x000032ef      0x870 uoscore-uedhoc-psk/build/libuoscore-uedhoc.a(edhoc_decode_id_cred_x.o)
 .debug_loc     0x00003b5f      0x1a4 uoscore-uedhoc-psk/build/libuoscore-uedhoc.a(edhoc_decode_message_1.o)
 .debug_loc     0x00003d03      0x161 uoscore-uedhoc-psk/build/libuoscore-uedhoc.a(edhoc_encode_th2.o)
 .debug_loc     0x00003e64      0x139 uoscore-uedhoc-psk/build/libuoscore-uedhoc.a(bstr_encode_decode.o)
 .debug_loc     0x00003f9d     0x1e85 uoscore-uedhoc-psk/build/libuoscore-uedhoc.a(ciphertext.o)
 .debug_loc     0x00005e22      0x28f uoscore-uedhoc-psk/build/libuoscore-uedhoc.a(int_encode_decode.o)
 .debug_loc     0x000060b1      0x190 uoscore-uedhoc-psk/build/libuoscore-uedhoc.a(okm.o)
 .debug_loc     0x00006241      0x37b uoscore-uedhoc-psk/build/libuoscore-uedhoc.a(plaintext_decode.o)
 .debug_loc     0x000065bc      0x290 uoscore-uedhoc-psk/build/libuoscore-uedhoc.a(prk.o)
 .debug_loc     0x0000684c      0x102 uoscore-uedhoc-psk/build/libuoscore-uedhoc.a(edhoc_decode_bstr_type.o)
 .debug_loc     0x0000694e      0x102 uoscore-uedhoc-psk/build/libuoscore-uedhoc.a(edhoc_decode_int_type.o)
 .debug_loc     0x00006a50      0x102 uoscore-uedhoc-psk/build/libuoscore-uedhoc.a(edhoc_encode_bstr_type.o)
 .debug_loc     0x00006b52      0x102 uoscore-uedhoc-psk/build/libuoscore-uedhoc.a(edhoc_encode_int_type.o)
 .debug_loc     0x00006c54      0x112 uoscore-uedhoc-psk/build/libuoscore-uedhoc.a(hkdf_info.o)
 .debug_loc     0x00006d66      0x131 uoscore-uedhoc-psk/build/libuoscore-uedhoc.a(edhoc_encode_info.o)

.debug_aranges  0x00000000      0x300
 .debug_aranges
                0x00000000       0x20 uoscore-uedhoc-psk/build/libuoscore-uedhoc.a(responder.o)
 .debug_aranges
                0x00000020       0x20 uoscore-uedhoc-psk/build/libuoscore-uedhoc.a(retrieve_cred.o)
 .debug_aranges
                0x00000040       0x20 uoscore-uedhoc-psk/build/libuoscore-uedhoc.a(runtime_context.o)
 .debug_aranges
                0x00000060       0x20 uoscore-uedhoc-psk/build/libuoscore-uedhoc.a(suites.o)
 .debug_aranges
                0x00000080       0x20 uoscore-uedhoc-psk/build/libuoscore-uedhoc.a(th.o)
 .debug_aranges
                0x000000a0       0x20 uoscore-uedhoc-psk/build/libuoscore-uedhoc.a(byte_array.o)
 .debug_aranges
                0x000000c0       0x20 uoscore-uedhoc-psk/build/libuoscore-uedhoc.a(crypto_wrapper.o)
 .debug_aranges
                0x000000e0       0x20 uoscore-uedhoc-psk/build/libuoscore-uedhoc.a(memcpy_s.o)
 .debug_aranges
                0x00000100       0x20 uoscore-uedhoc-psk/build/libuoscore-uedhoc.a(print_util.o)
 .debug_aranges
                0x00000120       0x20 uoscore-uedhoc-psk/build/libuoscore-uedhoc.a(edhoc_decode_id_cred_x.o)
 .debug_aranges
                0x00000140       0x20 uoscore-uedhoc-psk/build/libuoscore-uedhoc.a(edhoc_decode_message_1.o)
 .debug_aranges
                0x00000160       0x20 uoscore-uedhoc-psk/build/libuoscore-uedhoc.a(edhoc_encode_th2.o)
 .debug_aranges
                0x00000180       0x20 uoscore-uedhoc-psk/build/libuoscore-uedhoc.a(bstr_encode_decode.o)
 .debug_aranges
                0x000001a0       0x20 uoscore-uedhoc-psk/build/libuoscore-uedhoc.a(ciphertext.o)
 .debug_aranges
                0x000001c0       0x20 uoscore-uedhoc-psk/build/libuoscore-uedhoc.a(int_encode_decode.o)
 .debug_aranges
                0x000001e0       0x20 uoscore-uedhoc-psk/build/libuoscore-uedhoc.a(okm.o)
 .debug_aranges
                0x00000200       0x20 uoscore-uedhoc-psk/build/libuoscore-uedhoc.a(plaintext_decode.o)
 .debug_aranges
                0x00000220       0x20 uoscore-uedhoc-psk/build/libuoscore-uedhoc.a(prk.o)
 .debug_aranges
                0x00000240       0x20 uoscore-uedhoc-psk/build/libuoscore-uedhoc.a(edhoc_decode_bstr_type.o)
 .debug_aranges
                0x00000260       0x20 uoscore-uedhoc-psk/build/libuoscore-uedhoc.a(edhoc_decode_int_type.o)
 .debug_aranges
                0x00000280       0x20 uoscore-uedhoc-psk/build/libuoscore-uedhoc.a(edhoc_encode_bstr_type.o)
 .debug_aranges
                0x000002a0       0x20 uoscore-uedhoc-psk/build/libuoscore-uedhoc.a(edhoc_encode_int_type.o)
 .debug_aranges
                0x000002c0       0x20 uoscore-uedhoc-psk/build/libuoscore-uedhoc.a(hkdf_info.o)
 .debug_aranges
                0x000002e0       0x20 uoscore-uedhoc-psk/build/libuoscore-uedhoc.a(edhoc_encode_info.o)

.debug_ranges   0x00000000      0xc88
 .debug_ranges  0x00000000      0x2f0 uoscore-uedhoc-psk/build/libuoscore-uedhoc.a(responder.o)
 .debug_ranges  0x000002f0       0x48 uoscore-uedhoc-psk/build/libuoscore-uedhoc.a(retrieve_cred.o)
 .debug_ranges  0x00000338      0x1e0 uoscore-uedhoc-psk/build/libuoscore-uedhoc.a(th.o)
 .debug_ranges  0x00000518       0x40 uoscore-uedhoc-psk/build/libuoscore-uedhoc.a(byte_array.o)
 .debug_ranges  0x00000558      0x250 uoscore-uedhoc-psk/build/libuoscore-uedhoc.a(crypto_wrapper.o)
 .debug_ranges  0x000007a8       0x40 uoscore-uedhoc-psk/build/libuoscore-uedhoc.a(memcpy_s.o)
 .debug_ranges  0x000007e8       0x18 uoscore-uedhoc-psk/build/libuoscore-uedhoc.a(print_util.o)
 .debug_ranges  0x00000800       0x38 uoscore-uedhoc-psk/build/libuoscore-uedhoc.a(bstr_encode_decode.o)
 .debug_ranges  0x00000838      0x318 uoscore-uedhoc-psk/build/libuoscore-uedhoc.a(ciphertext.o)
 .debug_ranges  0x00000b50       0x40 uoscore-uedhoc-psk/build/libuoscore-uedhoc.a(int_encode_decode.o)
 .debug_ranges  0x00000b90       0x20 uoscore-uedhoc-psk/build/libuoscore-uedhoc.a(okm.o)
 .debug_ranges  0x00000bb0       0x80 uoscore-uedhoc-psk/build/libuoscore-uedhoc.a(plaintext_decode.o)
 .debug_ranges  0x00000c30       0x38 uoscore-uedhoc-psk/build/libuoscore-uedhoc.a(prk.o)
 .debug_ranges  0x00000c68       0x20 uoscore-uedhoc-psk/build/libuoscore-uedhoc.a(hkdf_info.o)

.debug_macro    0x00000000     0x4e75
 .debug_macro   0x00000000      0x320 uoscore-uedhoc-psk/build/libuoscore-uedhoc.a(responder.o)
 .debug_macro   0x00000320      0x904 uoscore-uedhoc-psk/build/libuoscore-uedhoc.a(responder.o)
 .debug_macro   0x00000c24      0x130 uoscore-uedhoc-psk/build/libuoscore-uedhoc.a(responder.o)
 .debug_macro   0x00000d54       0x22 uoscore-uedhoc-psk/build/libuoscore-uedhoc.a(responder.o)
 .debug_macro   0x00000d76       0x56 uoscore-uedhoc-psk/build/libuoscore-uedhoc.a(responder.o)
 .debug_macro   0x00000dcc       0x51 uoscore-uedhoc-psk/build/libuoscore-uedhoc.a(responder.o)
 .debug_macro   0x00000e1d      0x103 uoscore-uedhoc-psk/build/libuoscore-uedhoc.a(responder.o)
 .debug_macro   0x00000f20       0x6a uoscore-uedhoc-psk/build/libuoscore-uedhoc.a(responder.o)
 .debug_macro   0x00000f8a      0x1df uoscore-uedhoc-psk/build/libuoscore-uedhoc.a(responder.o)
 .debug_macro   0x00001169       0x22 uoscore-uedhoc-psk/build/libuoscore-uedhoc.a(responder.o)
 .debug_macro   0x0000118b       0x67 uoscore-uedhoc-psk/build/libuoscore-uedhoc.a(responder.o)
 .debug_macro   0x000011f2       0x19 uoscore-uedhoc-psk/build/libuoscore-uedhoc.a(responder.o)
 .debug_macro   0x0000120b       0x3b uoscore-uedhoc-psk/build/libuoscore-uedhoc.a(responder.o)
 .debug_macro   0x00001246       0x34 uoscore-uedhoc-psk/build/libuoscore-uedhoc.a(responder.o)
 .debug_macro   0x0000127a       0x16 uoscore-uedhoc-psk/build/libuoscore-uedhoc.a(responder.o)
 .debug_macro   0x00001290       0x9e uoscore-uedhoc-psk/build/libuoscore-uedhoc.a(responder.o)
 .debug_macro   0x0000132e      0x364 uoscore-uedhoc-psk/build/libuoscore-uedhoc.a(responder.o)
 .debug_macro   0x00001692      0x112 uoscore-uedhoc-psk/build/libuoscore-uedhoc.a(responder.o)
 .debug_macro   0x000017a4       0x10 uoscore-uedhoc-psk/build/libuoscore-uedhoc.a(responder.o)
 .debug_macro   0x000017b4       0x16 uoscore-uedhoc-psk/build/libuoscore-uedhoc.a(responder.o)
 .debug_macro   0x000017ca       0x4a uoscore-uedhoc-psk/build/libuoscore-uedhoc.a(responder.o)
 .debug_macro   0x00001814       0x34 uoscore-uedhoc-psk/build/libuoscore-uedhoc.a(responder.o)
 .debug_macro   0x00001848       0x10 uoscore-uedhoc-psk/build/libuoscore-uedhoc.a(responder.o)
 .debug_macro   0x00001858       0x52 uoscore-uedhoc-psk/build/libuoscore-uedhoc.a(responder.o)
 .debug_macro   0x000018aa      0x1de uoscore-uedhoc-psk/build/libuoscore-uedhoc.a(responder.o)
 .debug_macro   0x00001a88       0x16 uoscore-uedhoc-psk/build/libuoscore-uedhoc.a(responder.o)
 .debug_macro   0x00001a9e       0x16 uoscore-uedhoc-psk/build/libuoscore-uedhoc.a(responder.o)
 .debug_macro   0x00001ab4      0x12a uoscore-uedhoc-psk/build/libuoscore-uedhoc.a(responder.o)
 .debug_macro   0x00001bde       0x22 uoscore-uedhoc-psk/build/libuoscore-uedhoc.a(responder.o)
 .debug_macro   0x00001c00       0x10 uoscore-uedhoc-psk/build/libuoscore-uedhoc.a(responder.o)
 .debug_macro   0x00001c10       0x10 uoscore-uedhoc-psk/build/libuoscore-uedhoc.a(responder.o)
 .debug_macro   0x00001c20       0x16 uoscore-uedhoc-psk/build/libuoscore-uedhoc.a(responder.o)
 .debug_macro   0x00001c36       0x3c uoscore-uedhoc-psk/build/libuoscore-uedhoc.a(responder.o)
 .debug_macro   0x00001c72      0x1aa uoscore-uedhoc-psk/build/libuoscore-uedhoc.a(responder.o)
 .debug_macro   0x00001e1c      0x243 uoscore-uedhoc-psk/build/libuoscore-uedhoc.a(retrieve_cred.o)
 .debug_macro   0x0000205f       0x61 uoscore-uedhoc-psk/build/libuoscore-uedhoc.a(retrieve_cred.o)
 .debug_macro   0x000020c0       0x5c uoscore-uedhoc-psk/build/libuoscore-uedhoc.a(retrieve_cred.o)
 .debug_macro   0x0000211c      0x190 uoscore-uedhoc-psk/build/libuoscore-uedhoc.a(retrieve_cred.o)
 .debug_macro   0x000022ac       0x57 uoscore-uedhoc-psk/build/libuoscore-uedhoc.a(retrieve_cred.o)
 .debug_macro   0x00002303       0x10 uoscore-uedhoc-psk/build/libuoscore-uedhoc.a(retrieve_cred.o)
 .debug_macro   0x00002313       0x1c uoscore-uedhoc-psk/build/libuoscore-uedhoc.a(retrieve_cred.o)
 .debug_macro   0x0000232f      0x1b0 uoscore-uedhoc-psk/build/libuoscore-uedhoc.a(retrieve_cred.o)
 .debug_macro   0x000024df      0x1f7 uoscore-uedhoc-psk/build/libuoscore-uedhoc.a(runtime_context.o)
 .debug_macro   0x000026d6      0x153 uoscore-uedhoc-psk/build/libuoscore-uedhoc.a(suites.o)
 .debug_macro   0x00002829      0x240 uoscore-uedhoc-psk/build/libuoscore-uedhoc.a(th.o)
 .debug_macro   0x00002a69      0x177 uoscore-uedhoc-psk/build/libuoscore-uedhoc.a(byte_array.o)
 .debug_macro   0x00002be0      0x280 uoscore-uedhoc-psk/build/libuoscore-uedhoc.a(crypto_wrapper.o)
 .debug_macro   0x00002e60       0x10 uoscore-uedhoc-psk/build/libuoscore-uedhoc.a(crypto_wrapper.o)
 .debug_macro   0x00002e70       0x16 uoscore-uedhoc-psk/build/libuoscore-uedhoc.a(crypto_wrapper.o)
 .debug_macro   0x00002e86       0x10 uoscore-uedhoc-psk/build/libuoscore-uedhoc.a(crypto_wrapper.o)
 .debug_macro   0x00002e96       0x28 uoscore-uedhoc-psk/build/libuoscore-uedhoc.a(crypto_wrapper.o)
 .debug_macro   0x00002ebe       0x10 uoscore-uedhoc-psk/build/libuoscore-uedhoc.a(crypto_wrapper.o)
 .debug_macro   0x00002ece       0x1c uoscore-uedhoc-psk/build/libuoscore-uedhoc.a(crypto_wrapper.o)
 .debug_macro   0x00002eea       0x16 uoscore-uedhoc-psk/build/libuoscore-uedhoc.a(crypto_wrapper.o)
 .debug_macro   0x00002f00      0x174 uoscore-uedhoc-psk/build/libuoscore-uedhoc.a(memcpy_s.o)
 .debug_macro   0x00003074      0x157 uoscore-uedhoc-psk/build/libuoscore-uedhoc.a(print_util.o)
 .debug_macro   0x000031cb      0x1c2 uoscore-uedhoc-psk/build/libuoscore-uedhoc.a(edhoc_decode_id_cred_x.o)
 .debug_macro   0x0000338d       0x42 uoscore-uedhoc-psk/build/libuoscore-uedhoc.a(edhoc_decode_id_cred_x.o)
 .debug_macro   0x000033cf       0x2e uoscore-uedhoc-psk/build/libuoscore-uedhoc.a(edhoc_decode_id_cred_x.o)
 .debug_macro   0x000033fd      0x1c2 uoscore-uedhoc-psk/build/libuoscore-uedhoc.a(edhoc_decode_message_1.o)
 .debug_macro   0x000035bf      0x1c2 uoscore-uedhoc-psk/build/libuoscore-uedhoc.a(edhoc_encode_th2.o)
 .debug_macro   0x00003781       0x26 uoscore-uedhoc-psk/build/libuoscore-uedhoc.a(edhoc_encode_th2.o)
 .debug_macro   0x000037a7      0x1fd uoscore-uedhoc-psk/build/libuoscore-uedhoc.a(bstr_encode_decode.o)
 .debug_macro   0x000039a4      0x21a uoscore-uedhoc-psk/build/libuoscore-uedhoc.a(ciphertext.o)
 .debug_macro   0x00003bbe      0x1d4 uoscore-uedhoc-psk/build/libuoscore-uedhoc.a(int_encode_decode.o)
 .debug_macro   0x00003d92      0x1b4 uoscore-uedhoc-psk/build/libuoscore-uedhoc.a(okm.o)
 .debug_macro   0x00003f46      0x2b1 uoscore-uedhoc-psk/build/libuoscore-uedhoc.a(plaintext_decode.o)
 .debug_macro   0x000041f7      0x1df uoscore-uedhoc-psk/build/libuoscore-uedhoc.a(prk.o)
 .debug_macro   0x000043d6      0x1be uoscore-uedhoc-psk/build/libuoscore-uedhoc.a(edhoc_decode_bstr_type.o)
 .debug_macro   0x00004594      0x1be uoscore-uedhoc-psk/build/libuoscore-uedhoc.a(edhoc_decode_int_type.o)
 .debug_macro   0x00004752      0x1be uoscore-uedhoc-psk/build/libuoscore-uedhoc.a(edhoc_encode_bstr_type.o)
 .debug_macro   0x00004910      0x1be uoscore-uedhoc-psk/build/libuoscore-uedhoc.a(edhoc_encode_int_type.o)
 .debug_macro   0x00004ace      0x1e5 uoscore-uedhoc-psk/build/libuoscore-uedhoc.a(hkdf_info.o)
 .debug_macro   0x00004cb3      0x1c2 uoscore-uedhoc-psk/build/libuoscore-uedhoc.a(edhoc_encode_info.o)

.debug_line     0x00000000     0xc2e1
 .debug_line    0x00000000     0x1965 uoscore-uedhoc-psk/build/libuoscore-uedhoc.a(responder.o)
 .debug_line    0x00001965      0x632 uoscore-uedhoc-psk/build/libuoscore-uedhoc.a(retrieve_cred.o)
 .debug_line    0x00001f97      0x44f uoscore-uedhoc-psk/build/libuoscore-uedhoc.a(runtime_context.o)
 .debug_line    0x000023e6      0x3f3 uoscore-uedhoc-psk/build/libuoscore-uedhoc.a(suites.o)
 .debug_line    0x000027d9     0x108f uoscore-uedhoc-psk/build/libuoscore-uedhoc.a(th.o)
 .debug_line    0x00003868      0x471 uoscore-uedhoc-psk/build/libuoscore-uedhoc.a(byte_array.o)
 .debug_line    0x00003cd9     0x1062 uoscore-uedhoc-psk/build/libuoscore-uedhoc.a(crypto_wrapper.o)
 .debug_line    0x00004d3b      0x3ac uoscore-uedhoc-psk/build/libuoscore-uedhoc.a(memcpy_s.o)
 .debug_line    0x000050e7      0x3af uoscore-uedhoc-psk/build/libuoscore-uedhoc.a(print_util.o)
 .debug_line    0x00005496      0xc13 uoscore-uedhoc-psk/build/libuoscore-uedhoc.a(edhoc_decode_id_cred_x.o)
 .debug_line    0x000060a9      0x4fc uoscore-uedhoc-psk/build/libuoscore-uedhoc.a(edhoc_decode_message_1.o)
 .debug_line    0x000065a5      0x3c0 uoscore-uedhoc-psk/build/libuoscore-uedhoc.a(edhoc_encode_th2.o)
 .debug_line    0x00006965      0x50b uoscore-uedhoc-psk/build/libuoscore-uedhoc.a(bstr_encode_decode.o)
 .debug_line    0x00006e70     0x27e9 uoscore-uedhoc-psk/build/libuoscore-uedhoc.a(ciphertext.o)
 .debug_line    0x00009659      0x5ee uoscore-uedhoc-psk/build/libuoscore-uedhoc.a(int_encode_decode.o)
 .debug_line    0x00009c47      0x51f uoscore-uedhoc-psk/build/libuoscore-uedhoc.a(okm.o)
 .debug_line    0x0000a166      0x760 uoscore-uedhoc-psk/build/libuoscore-uedhoc.a(plaintext_decode.o)
 .debug_line    0x0000a8c6      0x4d9 uoscore-uedhoc-psk/build/libuoscore-uedhoc.a(prk.o)
 .debug_line    0x0000ad9f      0x358 uoscore-uedhoc-psk/build/libuoscore-uedhoc.a(edhoc_decode_bstr_type.o)
 .debug_line    0x0000b0f7      0x355 uoscore-uedhoc-psk/build/libuoscore-uedhoc.a(edhoc_decode_int_type.o)
 .debug_line    0x0000b44c      0x358 uoscore-uedhoc-psk/build/libuoscore-uedhoc.a(edhoc_encode_bstr_type.o)
 .debug_line    0x0000b7a4      0x355 uoscore-uedhoc-psk/build/libuoscore-uedhoc.a(edhoc_encode_int_type.o)
 .debug_line    0x0000baf9      0x441 uoscore-uedhoc-psk/build/libuoscore-uedhoc.a(hkdf_info.o)
 .debug_line    0x0000bf3a      0x3a7 uoscore-uedhoc-psk/build/libuoscore-uedhoc.a(edhoc_encode_info.o)

.debug_str      0x00000000     0xb03f
 .debug_str     0x00000000     0xb03f uoscore-uedhoc-psk/build/libuoscore-uedhoc.a(responder.o)
                               0x94c4 (size before relaxing)
 .debug_str     0x0000b03f     0x865f uoscore-uedhoc-psk/build/libuoscore-uedhoc.a(retrieve_cred.o)
 .debug_str     0x0000b03f     0x7c87 uoscore-uedhoc-psk/build/libuoscore-uedhoc.a(runtime_context.o)
 .debug_str     0x0000b03f     0x75c2 uoscore-uedhoc-psk/build/libuoscore-uedhoc.a(suites.o)
 .debug_str     0x0000b03f     0x8ca4 uoscore-uedhoc-psk/build/libuoscore-uedhoc.a(th.o)
 .debug_str     0x0000b03f     0x76aa uoscore-uedhoc-psk/build/libuoscore-uedhoc.a(byte_array.o)
 .debug_str     0x0000b03f     0x8597 uoscore-uedhoc-psk/build/libuoscore-uedhoc.a(crypto_wrapper.o)
 .debug_str     0x0000b03f     0x7530 uoscore-uedhoc-psk/build/libuoscore-uedhoc.a(memcpy_s.o)
 .debug_str     0x0000b03f     0x7065 uoscore-uedhoc-psk/build/libuoscore-uedhoc.a(print_util.o)
 .debug_str     0x0000b03f     0x84ec uoscore-uedhoc-psk/build/libuoscore-uedhoc.a(edhoc_decode_id_cred_x.o)
 .debug_str     0x0000b03f     0x8102 uoscore-uedhoc-psk/build/libuoscore-uedhoc.a(edhoc_decode_message_1.o)
 .debug_str     0x0000b03f     0x7cee uoscore-uedhoc-psk/build/libuoscore-uedhoc.a(edhoc_encode_th2.o)
 .debug_str     0x0000b03f     0x822b uoscore-uedhoc-psk/build/libuoscore-uedhoc.a(bstr_encode_decode.o)
 .debug_str     0x0000b03f     0x8566 uoscore-uedhoc-psk/build/libuoscore-uedhoc.a(ciphertext.o)
 .debug_str     0x0000b03f     0x779c uoscore-uedhoc-psk/build/libuoscore-uedhoc.a(int_encode_decode.o)
 .debug_str     0x0000b03f     0x7faa uoscore-uedhoc-psk/build/libuoscore-uedhoc.a(okm.o)
 .debug_str     0x0000b03f     0x83c5 uoscore-uedhoc-psk/build/libuoscore-uedhoc.a(plaintext_decode.o)
 .debug_str     0x0000b03f     0x815b uoscore-uedhoc-psk/build/libuoscore-uedhoc.a(prk.o)
 .debug_str     0x0000b03f     0x7ef9 uoscore-uedhoc-psk/build/libuoscore-uedhoc.a(edhoc_decode_bstr_type.o)
 .debug_str     0x0000b03f     0x7eec uoscore-uedhoc-psk/build/libuoscore-uedhoc.a(edhoc_decode_int_type.o)
 .debug_str     0x0000b03f     0x7d02 uoscore-uedhoc-psk/build/libuoscore-uedhoc.a(edhoc_encode_bstr_type.o)
 .debug_str     0x0000b03f     0x7cf5 uoscore-uedhoc-psk/build/libuoscore-uedhoc.a(edhoc_encode_int_type.o)
 .debug_str     0x0000b03f     0x81e5 uoscore-uedhoc-psk/build/libuoscore-uedhoc.a(hkdf_info.o)
 .debug_str     0x0000b03f     0x7d2e uoscore-uedhoc-psk/build/libuoscore-uedhoc.a(edhoc_encode_info.o)

.debug_frame    0x00000000      0xd9c
 .debug_frame   0x00000000      0x15c uoscore-uedhoc-psk/build/libuoscore-uedhoc.a(responder.o)
 .debug_frame   0x0000015c       0x58 uoscore-uedhoc-psk/build/libuoscore-uedhoc.a(retrieve_cred.o)
 .debug_frame   0x000001b4       0x20 uoscore-uedhoc-psk/build/libuoscore-uedhoc.a(runtime_context.o)
 .debug_frame   0x000001d4       0x80 uoscore-uedhoc-psk/build/libuoscore-uedhoc.a(suites.o)
 .debug_frame   0x00000254      0x10c uoscore-uedhoc-psk/build/libuoscore-uedhoc.a(th.o)
 .debug_frame   0x00000360       0x78 uoscore-uedhoc-psk/build/libuoscore-uedhoc.a(byte_array.o)
 .debug_frame   0x000003d8      0x1b0 uoscore-uedhoc-psk/build/libuoscore-uedhoc.a(crypto_wrapper.o)
 .debug_frame   0x00000588       0x44 uoscore-uedhoc-psk/build/libuoscore-uedhoc.a(memcpy_s.o)
 .debug_frame   0x000005cc       0x70 uoscore-uedhoc-psk/build/libuoscore-uedhoc.a(print_util.o)
 .debug_frame   0x0000063c      0x1f8 uoscore-uedhoc-psk/build/libuoscore-uedhoc.a(edhoc_decode_id_cred_x.o)
 .debug_frame   0x00000834       0x58 uoscore-uedhoc-psk/build/libuoscore-uedhoc.a(edhoc_decode_message_1.o)
 .debug_frame   0x0000088c       0x58 uoscore-uedhoc-psk/build/libuoscore-uedhoc.a(edhoc_encode_th2.o)
 .debug_frame   0x000008e4       0x5c uoscore-uedhoc-psk/build/libuoscore-uedhoc.a(bstr_encode_decode.o)
 .debug_frame   0x00000940      0x17c uoscore-uedhoc-psk/build/libuoscore-uedhoc.a(ciphertext.o)
 .debug_frame   0x00000abc       0x74 uoscore-uedhoc-psk/build/libuoscore-uedhoc.a(int_encode_decode.o)
 .debug_frame   0x00000b30       0x4c uoscore-uedhoc-psk/build/libuoscore-uedhoc.a(okm.o)
 .debug_frame   0x00000b7c       0x48 uoscore-uedhoc-psk/build/libuoscore-uedhoc.a(plaintext_decode.o)
 .debug_frame   0x00000bc4       0x64 uoscore-uedhoc-psk/build/libuoscore-uedhoc.a(prk.o)
 .debug_frame   0x00000c28       0x3c uoscore-uedhoc-psk/build/libuoscore-uedhoc.a(edhoc_decode_bstr_type.o)
 .debug_frame   0x00000c64       0x3c uoscore-uedhoc-psk/build/libuoscore-uedhoc.a(edhoc_decode_int_type.o)
 .debug_frame   0x00000ca0       0x3c uoscore-uedhoc-psk/build/libuoscore-uedhoc.a(edhoc_encode_bstr_type.o)
 .debug_frame   0x00000cdc       0x3c uoscore-uedhoc-psk/build/libuoscore-uedhoc.a(edhoc_encode_int_type.o)
 .debug_frame   0x00000d18       0x34 uoscore-uedhoc-psk/build/libuoscore-uedhoc.a(hkdf_info.o)
 .debug_frame   0x00000d4c       0x50 uoscore-uedhoc-psk/build/libuoscore-uedhoc.a(edhoc_encode_info.o)
