Archive member included to satisfy reference by file (symbol)

uoscore-uedhoc-psk/build/libuoscore-uedhoc.a(initiator.o)
                              build/edhoc_initiator_suite0.o (edhoc_initiator_run)
uoscore-uedhoc-psk/build/libuoscore-uedhoc.a(int_encode_decode.o)
                              uoscore-uedhoc-psk/build/libuoscore-uedhoc.a(initiator.o) (c_x_is_encoded_int)
uoscore-uedhoc-psk/build/libuoscore-uedhoc.a(okm.o)
                              uoscore-uedhoc-psk/build/libuoscore-uedhoc.a(initiator.o) (edhoc_kdf)
uoscore-uedhoc-psk/build/libuoscore-uedhoc.a(prk.o)
                              uoscore-uedhoc-psk/build/libuoscore-uedhoc.a(initiator.o) (prk_derive_psk)
uoscore-uedhoc-psk/build/libuoscore-uedhoc.a(runtime_context.o)
                              uoscore-uedhoc-psk/build/libuoscore-uedhoc.a(initiator.o) (runtime_context_init)
uoscore-uedhoc-psk/build/libuoscore-uedhoc.a(suites.o)
                              uoscore-uedhoc-psk/build/libuoscore-uedhoc.a(initiator.o) (get_suite)
uoscore-uedhoc-psk/build/libuoscore-uedhoc.a(th.o)
                              uoscore-uedhoc-psk/build/libuoscore-uedhoc.a(initiator.o) (th2_calculate)
uoscore-uedhoc-psk/build/libuoscore-uedhoc.a(byte_array.o)
                              uoscore-uedhoc-psk/build/libuoscore-uedhoc.a(initiator.o) (NULL_ARRAY)
uoscore-uedhoc-psk/build/libuoscore-uedhoc.a(crypto_wrapper.o)
                              uoscore-uedhoc-psk/build/libuoscore-uedhoc.a(initiator.o) (hkdf_extract)
uoscore-uedhoc-psk/build/libuoscore-uedhoc.a(memcpy_s.o)
                              uoscore-uedhoc-psk/build/libuoscore-uedhoc.a(initiator.o) (check_buffer_size)
uoscore-uedhoc-psk/build/libuoscore-uedhoc.a(print_util.o)
                              uoscore-uedhoc-psk/build/libuoscore-uedhoc.a(initiator.o) (handle_runtime_error)
uoscore-uedhoc-psk/build/libuoscore-uedhoc.a(edhoc_decode_int_type.o)
                              uoscore-uedhoc-psk/build/libuoscore-uedhoc.a(int_encode_decode.o) (cbor_decode_int_type_i)
uoscore-uedhoc-psk/build/libuoscore-uedhoc.a(edhoc_encode_int_type.o)
                              uoscore-uedhoc-psk/build/libuoscore-uedhoc.a(int_encode_decode.o) (cbor_encode_int_type_i)
uoscore-uedhoc-psk/build/libuoscore-uedhoc.a(edhoc_encode_message_1.o)
                              uoscore-uedhoc-psk/build/libuoscore-uedhoc.a(initiator.o) (cbor_encode_message_1)
uoscore-uedhoc-psk/build/libuoscore-uedhoc.a(edhoc_encode_th2.o)
                              uoscore-uedhoc-psk/build/libuoscore-uedhoc.a(th.o) (cbor_encode_th2)
uoscore-uedhoc-psk/build/libuoscore-uedhoc.a(bstr_encode_decode.o)
                              uoscore-uedhoc-psk/build/libuoscore-uedhoc.a(initiator.o) (encode_bstr)
uoscore-uedhoc-psk/build/libuoscore-uedhoc.a(ciphertext.o)
                              uoscore-uedhoc-psk/build/libuoscore-uedhoc.a(initiator.o) (ciphertext_decrypt_split_psk)
uoscore-uedhoc-psk/build/libuoscore-uedhoc.a(edhoc_method_type.o)
                              uoscore-uedhoc-psk/build/libuoscore-uedhoc.a(initiator.o) (authentication_type_get)
uoscore-uedhoc-psk/build/libuoscore-uedhoc.a(hkdf_info.o)
                              uoscore-uedhoc-psk/build/libuoscore-uedhoc.a(okm.o) (create_hkdf_info)
uoscore-uedhoc-psk/build/libuoscore-uedhoc.a(plaintext_decode.o)
                              uoscore-uedhoc-psk/build/libuoscore-uedhoc.a(ciphertext.o) (plaintext_split_psk_msg2)
uoscore-uedhoc-psk/build/libuoscore-uedhoc.a(retrieve_cred.o)
                              uoscore-uedhoc-psk/build/libuoscore-uedhoc.a(ciphertext.o) (retrieve_cred)
uoscore-uedhoc-psk/build/libuoscore-uedhoc.a(edhoc_decode_bstr_type.o)
                              uoscore-uedhoc-psk/build/libuoscore-uedhoc.a(bstr_encode_decode.o) (cbor_decode_bstr_type_b_str)
uoscore-uedhoc-psk/build/libuoscore-uedhoc.a(edhoc_decode_id_cred_x.o)
                              uoscore-uedhoc-psk/build/libuoscore-uedhoc.a(retrieve_cred.o) (cbor_decode_id_cred_x_map)
uoscore-uedhoc-psk/build/libuoscore-uedhoc.a(edhoc_encode_bstr_type.o)
                              uoscore-uedhoc-psk/build/libuoscore-uedhoc.a(bstr_encode_decode.o) (cbor_encode_bstr_type_b_str)
uoscore-uedhoc-psk/build/libuoscore-uedhoc.a(edhoc_encode_info.o)
                              uoscore-uedhoc-psk/build/libuoscore-uedhoc.a(hkdf_info.o) (cbor_encode_info)

Discarded input sections

 .text          0x00000000        0x0 build/edhoc_initiator_suite0.o
 .data          0x00000000        0x0 build/edhoc_initiator_suite0.o
 .bss           0x00000000        0x0 build/edhoc_initiator_suite0.o
 .text          0x00000000        0x0 build/kprintf.o
 .data          0x00000000        0x0 build/kprintf.o
 .bss           0x00000000        0x0 build/kprintf.o
 .text.kputs    0x00000000       0x34 build/kprintf.o
 .text          0x00000000        0x0 build/libc_stubs.o
 .data          0x00000000        0x0 build/libc_stubs.o
 .bss           0x00000000        0x0 build/libc_stubs.o
 .text.strlen   0x00000000        0x8 build/libc_stubs.o
 .text.printf   0x00000000       0x1a build/libc_stubs.o
 .text.putchar  0x00000000        0x2 build/libc_stubs.o
 .text.puts     0x00000000        0x4 build/libc_stubs.o
 .text.unlikely.abort
                0x00000000        0x4 build/libc_stubs.o
 .text.__assert_func
                0x00000000        0x4 build/libc_stubs.o
 .text.__stack_chk_fail
                0x00000000        0x4 build/libc_stubs.o
 .text.malloc   0x00000000        0x4 build/libc_stubs.o
 .text.calloc   0x00000000        0x4 build/libc_stubs.o
 .text.realloc  0x00000000        0x4 build/libc_stubs.o
 .text.free     0x00000000        0x2 build/libc_stubs.o
 .text.fopen    0x00000000        0x4 build/libc_stubs.o
 .text.fclose   0x00000000        0x4 build/libc_stubs.o
 .text.fread    0x00000000        0x4 build/libc_stubs.o
 .text.fwrite   0x00000000        0x4 build/libc_stubs.o
 .sdata.__stack_chk_guard
                0x00000000        0x4 build/libc_stubs.o
 .text          0x00000000        0x0 build/csprng_stub.o
 .data          0x00000000        0x0 build/csprng_stub.o
 .bss           0x00000000        0x0 build/csprng_stub.o
 .text.default_CSPRNG
                0x00000000       0x42 build/csprng_stub.o
 .text.init_prng
                0x00000000        0xa build/csprng_stub.o
 .sdata.prng_state
                0x00000000        0x4 build/csprng_stub.o
 .comment       0x00000000       0x1a build/csprng_stub.o
 .note.GNU-stack
                0x00000000        0x0 build/csprng_stub.o
 .riscv.attributes
                0x00000000       0x63 build/csprng_stub.o
 .text          0x00000000        0x0 build/zcbor_common.o
 .data          0x00000000        0x0 build/zcbor_common.o
 .bss           0x00000000        0x0 build/zcbor_common.o
 .text.zcbor_union_elem_code
                0x00000000        0xc build/zcbor_common.o
 .text.zcbor_update_state
                0x00000000       0x2c build/zcbor_common.o
 .text.zcbor_validate_string_fragments
                0x00000000       0x5c build/zcbor_common.o
 .text.zcbor_splice_string_fragments
                0x00000000       0x64 build/zcbor_common.o
 .text.zcbor_compare_strings
                0x00000000       0x38 build/zcbor_common.o
 .text.zcbor_float16_to_32
                0x00000000       0x74 build/zcbor_common.o
 .text.zcbor_float32_to_16
                0x00000000      0x140 build/zcbor_common.o
 .text.strnlen  0x00000000       0x18 build/zcbor_common.o
 .srodata.cst4  0x00000000       0x1c build/zcbor_common.o
 .text          0x00000000        0x0 build/zcbor_encode.o
 .data          0x00000000        0x0 build/zcbor_encode.o
 .bss           0x00000000        0x0 build/zcbor_encode.o
 .text.remaining_str_len
                0x00000000       0x24 build/zcbor_encode.o
 .text.zcbor_int64_encode
                0x00000000        0xa build/zcbor_encode.o
 .text.zcbor_uint64_encode
                0x00000000        0xa build/zcbor_encode.o
 .text.zcbor_int32_put
                0x00000000       0x18 build/zcbor_encode.o
 .text.zcbor_int64_put
                0x00000000       0x1c build/zcbor_encode.o
 .text.zcbor_uint32_put
                0x00000000       0x18 build/zcbor_encode.o
 .text.zcbor_uint64_put
                0x00000000       0x1c build/zcbor_encode.o
 .text.zcbor_size_put
                0x00000000        0x8 build/zcbor_encode.o
 .text.zcbor_size_encode
                0x00000000        0x8 build/zcbor_encode.o
 .text.zcbor_bstr_start_encode
                0x00000000       0x3c build/zcbor_encode.o
 .text.zcbor_bstr_end_encode
                0x00000000       0x5e build/zcbor_encode.o
 .text.zcbor_tstr_encode
                0x00000000        0xa build/zcbor_encode.o
 .text.zcbor_bstr_encode_ptr
                0x00000000       0x18 build/zcbor_encode.o
 .text.zcbor_tstr_encode_ptr
                0x00000000       0x18 build/zcbor_encode.o
 .text.zcbor_bstr_put_term
                0x00000000       0x2e build/zcbor_encode.o
 .text.zcbor_tstr_put_term
                0x00000000       0x2e build/zcbor_encode.o
 .text.zcbor_map_start_encode
                0x00000000        0xc build/zcbor_encode.o
 .text.zcbor_map_end_encode
                0x00000000        0x8 build/zcbor_encode.o
 .text.zcbor_simple_encode
                0x00000000        0xe build/zcbor_encode.o
 .text.zcbor_simple_put
                0x00000000       0x1e build/zcbor_encode.o
 .text.zcbor_nil_put
                0x00000000        0xa build/zcbor_encode.o
 .text.zcbor_undefined_put
                0x00000000        0xa build/zcbor_encode.o
 .text.zcbor_bool_put
                0x00000000        0xe build/zcbor_encode.o
 .text.zcbor_bool_encode
                0x00000000        0xc build/zcbor_encode.o
 .text.zcbor_float64_encode
                0x00000000        0xe build/zcbor_encode.o
 .text.zcbor_float64_put
                0x00000000       0x18 build/zcbor_encode.o
 .text.zcbor_float32_encode
                0x00000000        0xe build/zcbor_encode.o
 .text.zcbor_float32_put
                0x00000000       0x16 build/zcbor_encode.o
 .text.zcbor_float16_bytes_encode
                0x00000000        0xe build/zcbor_encode.o
 .text.zcbor_float16_put
                0x00000000       0x2c build/zcbor_encode.o
 .text.zcbor_float16_encode
                0x00000000        0xa build/zcbor_encode.o
 .text.zcbor_float16_bytes_put
                0x00000000       0x1a build/zcbor_encode.o
 .text.zcbor_tag_put
                0x00000000       0x28 build/zcbor_encode.o
 .text.zcbor_tag_encode
                0x00000000        0xa build/zcbor_encode.o
 .text.zcbor_new_encode_state
                0x00000000        0xc build/zcbor_encode.o
 .text          0x00000000        0x0 build/zcbor_decode.o
 .data          0x00000000        0x0 build/zcbor_decode.o
 .bss           0x00000000        0x0 build/zcbor_decode.o
 .text.float_check
                0x00000000       0x3c build/zcbor_decode.o
 .text.str_expect
                0x00000000       0x46 build/zcbor_decode.o
 .text.zcbor_bstr_expect
                0x00000000        0xa build/zcbor_decode.o
 .text.zcbor_tstr_expect
                0x00000000        0xa build/zcbor_decode.o
 .text.start_decode_fragment
                0x00000000       0x50 build/zcbor_decode.o
 .text.zcbor_int64_decode
                0x00000000        0xa build/zcbor_decode.o
 .text.zcbor_uint32_decode
                0x00000000        0xa build/zcbor_decode.o
 .text.zcbor_int64_expect
                0x00000000       0x40 build/zcbor_decode.o
 .text.zcbor_int64_expect_union
                0x00000000       0x32 build/zcbor_decode.o
 .text.zcbor_int32_expect
                0x00000000        0xc build/zcbor_decode.o
 .text.zcbor_int32_expect_union
                0x00000000       0x2e build/zcbor_decode.o
 .text.zcbor_int32_pexpect
                0x00000000        0xa build/zcbor_decode.o
 .text.zcbor_int64_pexpect
                0x00000000        0xc build/zcbor_decode.o
 .text.zcbor_size_decode
                0x00000000        0x8 build/zcbor_decode.o
 .text.zcbor_uint64_expect_union
                0x00000000       0x32 build/zcbor_decode.o
 .text.zcbor_uint32_expect_union
                0x00000000       0x2e build/zcbor_decode.o
 .text.zcbor_uint32_pexpect
                0x00000000        0xa build/zcbor_decode.o
 .text.zcbor_uint64_pexpect
                0x00000000        0xc build/zcbor_decode.o
 .text.zcbor_size_expect
                0x00000000        0x8 build/zcbor_decode.o
 .text.zcbor_size_pexpect
                0x00000000        0xa build/zcbor_decode.o
 .text.zcbor_bstr_start_decode
                0x00000000       0x4e build/zcbor_decode.o
 .text.zcbor_bstr_end_decode
                0x00000000       0x2c build/zcbor_decode.o
 .text.zcbor_bstr_start_decode_fragment
                0x00000000       0x36 build/zcbor_decode.o
 .text.zcbor_next_fragment
                0x00000000       0x44 build/zcbor_decode.o
 .text.zcbor_bstr_next_fragment
                0x00000000       0x44 build/zcbor_decode.o
 .text.zcbor_is_last_fragment
                0x00000000       0x12 build/zcbor_decode.o
 .text.zcbor_bstr_decode_fragment
                0x00000000       0x28 build/zcbor_decode.o
 .text.zcbor_tstr_decode_fragment
                0x00000000       0x28 build/zcbor_decode.o
 .text.zcbor_bstr_expect_ptr
                0x00000000       0x18 build/zcbor_decode.o
 .text.zcbor_tstr_expect_ptr
                0x00000000       0x18 build/zcbor_decode.o
 .text.zcbor_bstr_expect_term
                0x00000000       0x2e build/zcbor_decode.o
 .text.zcbor_tstr_expect_term
                0x00000000       0x2e build/zcbor_decode.o
 .text.zcbor_array_at_end
                0x00000000       0x22 build/zcbor_decode.o
 .text.zcbor_unordered_map_start_decode
                0x00000000       0x32 build/zcbor_decode.o
 .text.get_current_index
                0x00000000       0x1a build/zcbor_decode.o
 .text.zcbor_elem_processed
                0x00000000       0x10 build/zcbor_decode.o
 .text.zcbor_simple_decode
                0x00000000       0x54 build/zcbor_decode.o
 .text.zcbor_simple_expect
                0x00000000       0x3a build/zcbor_decode.o
 .text.zcbor_simple_pexpect
                0x00000000        0xc build/zcbor_decode.o
 .text.zcbor_nil_expect
                0x00000000        0xa build/zcbor_decode.o
 .text.zcbor_undefined_expect
                0x00000000        0xa build/zcbor_decode.o
 .text.zcbor_bool_decode
                0x00000000       0x4a build/zcbor_decode.o
 .text.zcbor_bool_expect
                0x00000000        0xe build/zcbor_decode.o
 .text.zcbor_bool_pexpect
                0x00000000        0xc build/zcbor_decode.o
 .text.zcbor_float16_bytes_decode
                0x00000000       0x38 build/zcbor_decode.o
 .text.zcbor_float16_bytes_expect
                0x00000000       0x3a build/zcbor_decode.o
 .text.zcbor_float16_bytes_pexpect
                0x00000000        0xc build/zcbor_decode.o
 .text.zcbor_float16_decode
                0x00000000       0x34 build/zcbor_decode.o
 .text.zcbor_float16_expect
                0x00000000       0x46 build/zcbor_decode.o
 .text.zcbor_float16_pexpect
                0x00000000        0xa build/zcbor_decode.o
 .text.zcbor_float32_decode
                0x00000000       0x38 build/zcbor_decode.o
 .text.zcbor_float32_expect
                0x00000000       0x46 build/zcbor_decode.o
 .text.zcbor_float32_pexpect
                0x00000000        0xa build/zcbor_decode.o
 .text.zcbor_float16_32_decode
                0x00000000       0x2e build/zcbor_decode.o
 .text.zcbor_float16_32_expect
                0x00000000       0x2e build/zcbor_decode.o
 .text.zcbor_float16_32_pexpect
                0x00000000        0xa build/zcbor_decode.o
 .text.zcbor_float64_decode
                0x00000000       0x38 build/zcbor_decode.o
 .text.zcbor_float64_expect
                0x00000000       0x48 build/zcbor_decode.o
 .text.zcbor_float64_pexpect
                0x00000000        0xc build/zcbor_decode.o
 .text.zcbor_float32_64_decode
                0x00000000       0x48 build/zcbor_decode.o
 .text.zcbor_float32_64_expect
                0x00000000       0x48 build/zcbor_decode.o
 .text.zcbor_float32_64_pexpect
                0x00000000        0xc build/zcbor_decode.o
 .text.zcbor_float_decode
                0x00000000       0x4e build/zcbor_decode.o
 .text.zcbor_float_expect
                0x00000000       0x60 build/zcbor_decode.o
 .text.zcbor_float_pexpect
                0x00000000        0xc build/zcbor_decode.o
 .text.zcbor_tag_decode
                0x00000000       0x38 build/zcbor_decode.o
 .text.zcbor_any_skip
                0x00000000      0x172 build/zcbor_decode.o
 .text.zcbor_unordered_map_search
                0x00000000      0x112 build/zcbor_decode.o
 .text.zcbor_search_key_bstr_ptr
                0x00000000       0x22 build/zcbor_decode.o
 .text.zcbor_search_key_bstr_term
                0x00000000       0x2e build/zcbor_decode.o
 .text.zcbor_search_key_tstr_ptr
                0x00000000       0x22 build/zcbor_decode.o
 .text.zcbor_search_key_tstr_term
                0x00000000       0x2e build/zcbor_decode.o
 .text.zcbor_unordered_map_end_decode
                0x00000000       0x60 build/zcbor_decode.o
 .text.zcbor_tag_expect
                0x00000000       0x36 build/zcbor_decode.o
 .text.zcbor_tag_pexpect
                0x00000000        0xa build/zcbor_decode.o
 .text.zcbor_new_decode_state
                0x00000000        0x8 build/zcbor_decode.o
 .text          0x00000000        0x0 build/encrypt.o
 .data          0x00000000        0x0 build/encrypt.o
 .bss           0x00000000        0x0 build/encrypt.o
 .text          0x00000000        0x0 build/decrypt.o
 .data          0x00000000        0x0 build/decrypt.o
 .bss           0x00000000        0x0 build/decrypt.o
 .text          0x00000000        0x0 build/hash.o
 .data          0x00000000        0x0 build/hash.o
 .bss           0x00000000        0x0 build/hash.o
 .text          0x00000000        0x0 build/permutations.o
 .data          0x00000000        0x0 build/permutations.o
 .bss           0x00000000        0x0 build/permutations.o
 .text          0x00000000        0x0 build/interleave.o
 .data          0x00000000        0x0 build/interleave.o
 .bss           0x00000000        0x0 build/interleave.o
 .rodata.B      0x00000000        0xc build/interleave.o
 .text          0x00000000        0x0 build/constants.o
 .data          0x00000000        0x0 build/constants.o
 .bss           0x00000000        0x0 build/constants.o
 .text          0x00000000        0x0 build/ascon_hmac.o
 .data          0x00000000        0x0 build/ascon_hmac.o
 .bss           0x00000000        0x0 build/ascon_hmac.o
 .text          0x00000000        0x0 build/compact_x25519.o
 .data          0x00000000        0x0 build/compact_x25519.o
 .bss           0x00000000        0x0 build/compact_x25519.o
 .text.compact_x25519_shared
                0x00000000        0xe build/compact_x25519.o
 .text.compact_x25519_derive_encryption_key
                0x00000000       0x9a build/compact_x25519.o
 .text          0x00000000        0x0 build/compact_wipe.o
 .data          0x00000000        0x0 build/compact_wipe.o
 .bss           0x00000000        0x0 build/compact_wipe.o
 .text          0x00000000        0x0 build/c25519.o
 .data          0x00000000        0x0 build/c25519.o
 .bss           0x00000000        0x0 build/c25519.o
 .text          0x00000000        0x0 build/f25519.o
 .data          0x00000000        0x0 build/f25519.o
 .bss           0x00000000        0x0 build/f25519.o
 .text.f25519_load
                0x00000000       0x22 build/f25519.o
 .text.f25519_eq
                0x00000000       0x42 build/f25519.o
 .text.f25519_neg
                0x00000000       0x5a build/f25519.o
 .text.f25519_sqrt
                0x00000000       0xe2 build/f25519.o
 .text          0x00000000        0x0 build/fprime.o
 .data          0x00000000        0x0 build/fprime.o
 .bss           0x00000000        0x0 build/fprime.o
 .text.prime_msb
                0x00000000       0x2a build/fprime.o
 .text.shift_n_bits
                0x00000000       0x22 build/fprime.o
 .text.fprime_select
                0x00000000       0x34 build/fprime.o
 .text.raw_try_sub
                0x00000000       0x4e build/fprime.o
 .text.fprime_from_bytes
                0x00000000       0xf0 build/fprime.o
 .text.fprime_add
                0x00000000       0x36 build/fprime.o
 .text.fprime_mul
                0x00000000       0xa4 build/fprime.o
 .comment       0x00000000       0x1a build/fprime.o
 .note.GNU-stack
                0x00000000        0x0 build/fprime.o
 .riscv.attributes
                0x00000000       0x63 build/fprime.o
 .text          0x00000000        0x0 build/crt0.o
 .data          0x00000000        0x0 build/crt0.o
 .bss           0x00000000        0x0 build/crt0.o
 .data          0x00000000        0x0 build/ascon.o
 .bss           0x00000000        0x0 build/ascon.o
 .data          0x00000000        0x0 uoscore-uedhoc-psk/build/libuoscore-uedhoc.a(initiator.o)
 .bss           0x00000000        0x0 uoscore-uedhoc-psk/build/libuoscore-uedhoc.a(initiator.o)
 .data          0x00000000        0x0 uoscore-uedhoc-psk/build/libuoscore-uedhoc.a(int_encode_decode.o)
 .bss           0x00000000        0x0 uoscore-uedhoc-psk/build/libuoscore-uedhoc.a(int_encode_decode.o)
 .data          0x00000000        0x0 uoscore-uedhoc-psk/build/libuoscore-uedhoc.a(okm.o)
 .bss           0x00000000        0x0 uoscore-uedhoc-psk/build/libuoscore-uedhoc.a(okm.o)
 .data          0x00000000        0x0 uoscore-uedhoc-psk/build/libuoscore-uedhoc.a(prk.o)
 .bss           0x00000000        0x0 uoscore-uedhoc-psk/build/libuoscore-uedhoc.a(prk.o)
 .data          0x00000000        0x0 uoscore-uedhoc-psk/build/libuoscore-uedhoc.a(runtime_context.o)
 .bss           0x00000000        0x0 uoscore-uedhoc-psk/build/libuoscore-uedhoc.a(runtime_context.o)
 .data          0x00000000        0x0 uoscore-uedhoc-psk/build/libuoscore-uedhoc.a(suites.o)
 .bss           0x00000000        0x0 uoscore-uedhoc-psk/build/libuoscore-uedhoc.a(suites.o)
 .data          0x00000000        0x0 uoscore-uedhoc-psk/build/libuoscore-uedhoc.a(th.o)
 .bss           0x00000000        0x0 uoscore-uedhoc-psk/build/libuoscore-uedhoc.a(th.o)
 .data          0x00000000        0x0 uoscore-uedhoc-psk/build/libuoscore-uedhoc.a(byte_array.o)
 .bss           0x00000000        0x0 uoscore-uedhoc-psk/build/libuoscore-uedhoc.a(byte_array.o)
 .sdata         0x00000000        0x8 uoscore-uedhoc-psk/build/libuoscore-uedhoc.a(byte_array.o)
 .data          0x00000000        0x0 uoscore-uedhoc-psk/build/libuoscore-uedhoc.a(crypto_wrapper.o)
 .bss           0x00000000        0x0 uoscore-uedhoc-psk/build/libuoscore-uedhoc.a(crypto_wrapper.o)
 .data          0x00000000        0x0 uoscore-uedhoc-psk/build/libuoscore-uedhoc.a(memcpy_s.o)
 .bss           0x00000000        0x0 uoscore-uedhoc-psk/build/libuoscore-uedhoc.a(memcpy_s.o)
 .data          0x00000000        0x0 uoscore-uedhoc-psk/build/libuoscore-uedhoc.a(print_util.o)
 .bss           0x00000000        0x0 uoscore-uedhoc-psk/build/libuoscore-uedhoc.a(print_util.o)
 .data          0x00000000        0x0 uoscore-uedhoc-psk/build/libuoscore-uedhoc.a(edhoc_decode_int_type.o)
 .bss           0x00000000        0x0 uoscore-uedhoc-psk/build/libuoscore-uedhoc.a(edhoc_decode_int_type.o)
 .data          0x00000000        0x0 uoscore-uedhoc-psk/build/libuoscore-uedhoc.a(edhoc_encode_int_type.o)
 .bss           0x00000000        0x0 uoscore-uedhoc-psk/build/libuoscore-uedhoc.a(edhoc_encode_int_type.o)
 .data          0x00000000        0x0 uoscore-uedhoc-psk/build/libuoscore-uedhoc.a(edhoc_encode_message_1.o)
 .bss           0x00000000        0x0 uoscore-uedhoc-psk/build/libuoscore-uedhoc.a(edhoc_encode_message_1.o)
 .data          0x00000000        0x0 uoscore-uedhoc-psk/build/libuoscore-uedhoc.a(edhoc_encode_th2.o)
 .bss           0x00000000        0x0 uoscore-uedhoc-psk/build/libuoscore-uedhoc.a(edhoc_encode_th2.o)
 .data          0x00000000        0x0 uoscore-uedhoc-psk/build/libuoscore-uedhoc.a(bstr_encode_decode.o)
 .bss           0x00000000        0x0 uoscore-uedhoc-psk/build/libuoscore-uedhoc.a(bstr_encode_decode.o)
 .data          0x00000000        0x0 uoscore-uedhoc-psk/build/libuoscore-uedhoc.a(ciphertext.o)
 .bss           0x00000000        0x0 uoscore-uedhoc-psk/build/libuoscore-uedhoc.a(ciphertext.o)
 .data          0x00000000        0x0 uoscore-uedhoc-psk/build/libuoscore-uedhoc.a(edhoc_method_type.o)
 .bss           0x00000000        0x0 uoscore-uedhoc-psk/build/libuoscore-uedhoc.a(edhoc_method_type.o)
 .data          0x00000000        0x0 uoscore-uedhoc-psk/build/libuoscore-uedhoc.a(hkdf_info.o)
 .bss           0x00000000        0x0 uoscore-uedhoc-psk/build/libuoscore-uedhoc.a(hkdf_info.o)
 .data          0x00000000        0x0 uoscore-uedhoc-psk/build/libuoscore-uedhoc.a(plaintext_decode.o)
 .bss           0x00000000        0x0 uoscore-uedhoc-psk/build/libuoscore-uedhoc.a(plaintext_decode.o)
 .data          0x00000000        0x0 uoscore-uedhoc-psk/build/libuoscore-uedhoc.a(retrieve_cred.o)
 .bss           0x00000000        0x0 uoscore-uedhoc-psk/build/libuoscore-uedhoc.a(retrieve_cred.o)
 .data          0x00000000        0x0 uoscore-uedhoc-psk/build/libuoscore-uedhoc.a(edhoc_decode_bstr_type.o)
 .bss           0x00000000        0x0 uoscore-uedhoc-psk/build/libuoscore-uedhoc.a(edhoc_decode_bstr_type.o)
 .data          0x00000000        0x0 uoscore-uedhoc-psk/build/libuoscore-uedhoc.a(edhoc_decode_id_cred_x.o)
 .bss           0x00000000        0x0 uoscore-uedhoc-psk/build/libuoscore-uedhoc.a(edhoc_decode_id_cred_x.o)
 .data          0x00000000        0x0 uoscore-uedhoc-psk/build/libuoscore-uedhoc.a(edhoc_encode_bstr_type.o)
 .bss           0x00000000        0x0 uoscore-uedhoc-psk/build/libuoscore-uedhoc.a(edhoc_encode_bstr_type.o)
 .data          0x00000000        0x0 uoscore-uedhoc-psk/build/libuoscore-uedhoc.a(edhoc_encode_info.o)
 .bss           0x00000000        0x0 uoscore-uedhoc-psk/build/libuoscore-uedhoc.a(edhoc_encode_info.o)

Memory Configuration

Name             Origin             Length             Attributes
memory_mem       0x80000000         0x00010000         xrw
*default*        0x00000000         0xffffffff

Linker script and memory map

LOAD build/edhoc_initiator_suite0.o
LOAD build/kprintf.o
LOAD build/libc_stubs.o
LOAD build/csprng_stub.o
LOAD build/zcbor_common.o
LOAD build/zcbor_encode.o
LOAD build/zcbor_decode.o
LOAD build/encrypt.o
LOAD build/decrypt.o
LOAD build/hash.o
LOAD build/permutations.o
LOAD build/interleave.o
LOAD build/constants.o
LOAD build/ascon_hmac.o
LOAD build/compact_x25519.o
LOAD build/compact_wipe.o
LOAD build/c25519.o
LOAD build/f25519.o
LOAD build/fprime.o
LOAD build/crt0.o
LOAD build/ascon.o
LOAD uoscore-uedhoc-psk/build/libuoscore-uedhoc.a
                0x80000000                        PROVIDE (_ram = ORIGIN (memory_mem))
                0x80010000                        PROVIDE (_ram_end = (_ram + LENGTH (memory_mem)))

.text           0x80000000     0x4ab2
                [!provide]                        PROVIDE (_ftext = .)
 *(.text.init)
 .text.init     0x80000000       0x4a build/crt0.o
                0x80000000                _prog_start
 *(.text.unlikely .text.unlikely.*)
 *(.text .text.* .gnu.linkonce.t.*)
 .text.ead_process
                0x8000004a        0x4 build/edhoc_initiator_suite0.o
                0x8000004a                ead_process
 .text.rx_initiator
                0x8000004e       0x7c build/edhoc_initiator_suite0.o
                0x8000004e                rx_initiator
 .text.tx_initiator
                0x800000ca       0x68 build/edhoc_initiator_suite0.o
                0x800000ca                tx_initiator
 .text.startup.main
                0x80000132      0x17a build/edhoc_initiator_suite0.o
                0x80000132                main
 .text.kputc    0x800002ac        0xe build/kprintf.o
 .text.kprintf  0x800002ba      0x248 build/kprintf.o
                0x800002ba                kprintf
 .text.memcpy   0x80000502       0x1c build/libc_stubs.o
                0x80000502                memcpy
 .text.memset   0x8000051e       0x12 build/libc_stubs.o
                0x8000051e                memset
 .text.memcmp   0x80000530       0x26 build/libc_stubs.o
                0x80000530                memcmp
 .text.memmove  0x80000556       0x42 build/libc_stubs.o
                0x80000556                memmove
 .text.zcbor_new_backup
                0x80000598       0x44 build/zcbor_common.o
                0x80000598                zcbor_new_backup
 .text.zcbor_process_backup
                0x800005dc       0xa8 build/zcbor_common.o
                0x800005dc                zcbor_process_backup
 .text.zcbor_union_start_code
                0x80000684        0x4 build/zcbor_common.o
                0x80000684                zcbor_union_start_code
 .text.zcbor_union_end_code
                0x80000688        0x6 build/zcbor_common.o
                0x80000688                zcbor_union_end_code
 .text.zcbor_new_state
                0x8000068e       0x54 build/zcbor_common.o
                0x8000068e                zcbor_new_state
 .text.zcbor_header_len
                0x800006e2       0x28 build/zcbor_common.o
                0x800006e2                zcbor_header_len
 .text.zcbor_header_len_ptr
                0x8000070a       0x2e build/zcbor_common.o
                0x8000070a                zcbor_header_len_ptr
 .text.zcbor_entry_function
                0x80000738       0x6e build/zcbor_common.o
                0x80000738                zcbor_entry_function
 .text.encode_header_byte
                0x800007a6       0x28 build/zcbor_encode.o
 .text.value_encode_len
                0x800007ce       0x88 build/zcbor_encode.o
 .text.value_encode
                0x80000856       0x28 build/zcbor_encode.o
 .text.str_encode
                0x8000087e       0x7e build/zcbor_encode.o
 .text.zcbor_int_encode
                0x800008fc       0x58 build/zcbor_encode.o
                0x800008fc                zcbor_int_encode
 .text.zcbor_uint_encode
                0x80000954        0x8 build/zcbor_encode.o
                0x80000954                zcbor_uint_encode
 .text.zcbor_int32_encode
                0x8000095c        0x4 build/zcbor_encode.o
                0x8000095c                zcbor_int32_encode
 .text.zcbor_uint32_encode
                0x80000960        0x4 build/zcbor_encode.o
                0x80000960                zcbor_uint32_encode
 .text.zcbor_bstr_encode
                0x80000964        0x4 build/zcbor_encode.o
                0x80000964                zcbor_bstr_encode
 .text.zcbor_list_start_encode
                0x80000968        0x6 build/zcbor_encode.o
                0x80000968                zcbor_list_start_encode
 .text.zcbor_list_end_encode
                0x8000096e        0x6 build/zcbor_encode.o
                0x8000096e                zcbor_list_end_encode
 .text.zcbor_list_map_end_force_encode
                0x80000974        0x4 build/zcbor_encode.o
                0x80000974                zcbor_list_map_end_force_encode
 .text.zcbor_multi_encode
                0x80000978       0x3c build/zcbor_encode.o
                0x80000978                zcbor_multi_encode
 .text.zcbor_multi_encode_minmax
                0x800009b4       0x36 build/zcbor_encode.o
                0x800009b4                zcbor_multi_encode_minmax
 .text.zcbor_error.isra.0
                0x800009ea        0x6 build/zcbor_decode.o
 .text.err_restore
                0x800009f0        0xe build/zcbor_decode.o
 .text.initial_checks
                0x800009fe       0x1e build/zcbor_decode.o
 .text.type_check
                0x80000a1c       0x2c build/zcbor_decode.o
 .text.array_end_expect
                0x80000a48       0x30 build/zcbor_decode.o
 .text.list_map_end_decode
                0x80000a78       0x30 build/zcbor_decode.o
 .text.value_extract
                0x80000aa8       0xcc build/zcbor_decode.o
 .text.str_start_decode_with_overflow_check
                0x80000b74       0x3e build/zcbor_decode.o
 .text.list_map_start_decode
                0x80000bb2       0x76 build/zcbor_decode.o
 .text.zcbor_int_decode
                0x80000c28       0x74 build/zcbor_decode.o
                0x80000c28                zcbor_int_decode
 .text.zcbor_int32_decode
                0x80000c9c        0x4 build/zcbor_decode.o
                0x80000c9c                zcbor_int32_decode
 .text.zcbor_uint_decode
                0x80000ca0       0x2e build/zcbor_decode.o
                0x80000ca0                zcbor_uint_decode
 .text.zcbor_uint64_decode
                0x80000cce        0x4 build/zcbor_decode.o
                0x80000cce                zcbor_uint64_decode
 .text.zcbor_uint64_expect
                0x80000cd2       0x34 build/zcbor_decode.o
                0x80000cd2                zcbor_uint64_expect
 .text.zcbor_uint32_expect
                0x80000d06        0x4 build/zcbor_decode.o
                0x80000d06                zcbor_uint32_expect
 .text.zcbor_bstr_decode
                0x80000d0a       0x22 build/zcbor_decode.o
                0x80000d0a                zcbor_bstr_decode
 .text.zcbor_tstr_decode
                0x80000d2c       0x22 build/zcbor_decode.o
                0x80000d2c                zcbor_tstr_decode
 .text.zcbor_list_start_decode
                0x80000d4e        0x4 build/zcbor_decode.o
                0x80000d4e                zcbor_list_start_decode
 .text.zcbor_map_start_decode
                0x80000d52       0x36 build/zcbor_decode.o
                0x80000d52                zcbor_map_start_decode
 .text.zcbor_list_end_decode
                0x80000d88        0x2 build/zcbor_decode.o
                0x80000d88                zcbor_list_end_decode
 .text.zcbor_map_end_decode
                0x80000d8a        0x2 build/zcbor_decode.o
                0x80000d8a                zcbor_map_end_decode
 .text.zcbor_list_map_end_force_decode
                0x80000d8c        0x8 build/zcbor_decode.o
                0x80000d8c                zcbor_list_map_end_force_decode
 .text.zcbor_multi_decode
                0x80000d94       0x74 build/zcbor_decode.o
                0x80000d94                zcbor_multi_decode
 .text.zcbor_present_decode
                0x80000e08       0x2c build/zcbor_decode.o
                0x80000e08                zcbor_present_decode
 .text.crypto_aead_encrypt
                0x80000e34       0x26 build/encrypt.o
                0x80000e34                crypto_aead_encrypt
 .text.crypto_aead_decrypt
                0x80000e5a       0x48 build/decrypt.o
                0x80000e5a                crypto_aead_decrypt
 .text.ascon_xof
                0x80000ea2      0x12a build/hash.o
                0x80000ea2                ascon_xof
 .text.crypto_hash
                0x80000fcc        0xe build/hash.o
                0x80000fcc                crypto_hash
 .text.P        0x80000fda      0x236 build/permutations.o
                0x80000fda                P
 .text.TOBI     0x80001210       0xb0 build/interleave.o
                0x80001210                TOBI
 .text.FROMBI   0x800012c0       0xb8 build/interleave.o
                0x800012c0                FROMBI
 .text.ascon_hmac
                0x80001378       0xfc build/ascon_hmac.o
                0x80001378                ascon_hmac
 .text.ascon_hmac_init
                0x80001474       0xa2 build/ascon_hmac.o
                0x80001474                ascon_hmac_init
 .text.ascon_hmac_update
                0x80001516       0x5e build/ascon_hmac.o
                0x80001516                ascon_hmac_update
 .text.ascon_hmac_final
                0x80001574       0x68 build/ascon_hmac.o
                0x80001574                ascon_hmac_final
 .text.compact_x25519_keygen
                0x800015dc       0x54 build/compact_x25519.o
                0x800015dc                compact_x25519_keygen
 .text.compact_wipe
                0x80001630       0x12 build/compact_wipe.o
                0x80001630                compact_wipe
 .text.xc_diffadd
                0x80001642       0x8e build/c25519.o
 .text.c25519_smult
                0x800016d0      0x152 build/c25519.o
                0x800016d0                c25519_smult
 .text.f25519_select
                0x80001822       0x34 build/f25519.o
                0x80001822                f25519_select
 .text.f25519_normalize
                0x80001856       0x72 build/f25519.o
                0x80001856                f25519_normalize
 .text.f25519_add
                0x800018c8       0x60 build/f25519.o
                0x800018c8                f25519_add
 .text.f25519_sub
                0x80001928       0x6a build/f25519.o
                0x80001928                f25519_sub
 .text.f25519_mul__distinct
                0x80001992       0x90 build/f25519.o
                0x80001992                f25519_mul__distinct
 .text.f25519_mul_c
                0x80001a22       0x52 build/f25519.o
                0x80001a22                f25519_mul_c
 .text.f25519_inv__distinct
                0x80001a74       0x80 build/f25519.o
                0x80001a74                f25519_inv__distinct
 *fill*         0x80001af4        0xc 
 .text          0x80001b00      0x4bc build/ascon.o
                0x80001b00                ascon_permute
                0x80001ce0                ascon_memcpy
                0x80001d00                ascon_duplex
                0x80001dd0                ascon_core
 .text          0x80001fbc      0x8a8 uoscore-uedhoc-psk/build/libuoscore-uedhoc.a(initiator.o)
                0x80001fbc                msg1_gen
                0x800020bc                msg3_gen
                0x800025be                msg4_process
                0x80002690                edhoc_initiator_run_extended
                0x80002804                edhoc_initiator_run
 .text          0x80002864       0xf4 uoscore-uedhoc-psk/build/libuoscore-uedhoc.a(int_encode_decode.o)
                0x80002864                c_x_is_encoded_int
                0x800028ce                c_r_is_raw_int
                0x800028e6                encode_int
                0x8000291c                decode_int
 .text          0x80002958       0xd2 uoscore-uedhoc-psk/build/libuoscore-uedhoc.a(okm.o)
                0x80002958                edhoc_kdf
 .text          0x80002a2a       0xb0 uoscore-uedhoc-psk/build/libuoscore-uedhoc.a(prk.o)
                0x80002a2a                prk_derive
                0x80002a40                prk_derive_psk
 .text          0x80002ada       0x62 uoscore-uedhoc-psk/build/libuoscore-uedhoc.a(runtime_context.o)
                0x80002ada                runtime_context_init
 .text          0x80002b3c       0x78 uoscore-uedhoc-psk/build/libuoscore-uedhoc.a(suites.o)
                0x80002b3c                get_suite
                0x80002b80                get_hash_len
                0x80002b86                get_aead_mac_len
                0x80002b94                get_aead_key_len
                0x80002b98                get_aead_iv_len
                0x80002ba8                get_signature_len
                0x80002bae                get_ecdh_pk_len
 .text          0x80002bb4      0x374 uoscore-uedhoc-psk/build/libuoscore-uedhoc.a(th.o)
                0x80002bb4                th2_calculate
                0x80002d72                th3_calculate_psk
                0x80002e22                th4_calculate_psk
 .text          0x80002f28       0xc2 uoscore-uedhoc-psk/build/libuoscore-uedhoc.a(byte_array.o)
                0x80002f28                byte_array_append
                0x80002f7e                byte_array_cpy
                0x80002fbc                array_equals
 .text          0x80002fea      0x34c uoscore-uedhoc-psk/build/libuoscore-uedhoc.a(crypto_wrapper.o)
                0x80002fea                aead
                0x80003092                sign
                0x80003096                verify
                0x8000309e                hkdf_extract
                0x800030fc                hkdf_expand
                0x800031fc                hkdf_sha_256
                0x8000326c                shared_secret_derive
                0x800032be                ephemeral_dh_key_gen
                0x800032fe                hash
 .text          0x80003336       0x40 uoscore-uedhoc-psk/build/libuoscore-uedhoc.a(memcpy_s.o)
                0x80003336                check_buffer_size
                0x8000333c                _memcpy_s
 .text          0x80003376       0x9e uoscore-uedhoc-psk/build/libuoscore-uedhoc.a(print_util.o)
                0x80003376                print_array
                0x800033f0                handle_runtime_error
                0x80003402                handle_external_runtime_error
 .text          0x80003414       0x20 uoscore-uedhoc-psk/build/libuoscore-uedhoc.a(edhoc_decode_int_type.o)
                0x80003418                cbor_decode_int_type_i
 .text          0x80003434       0x20 uoscore-uedhoc-psk/build/libuoscore-uedhoc.a(edhoc_encode_int_type.o)
                0x80003438                cbor_encode_int_type_i
 .text          0x80003454       0xce uoscore-uedhoc-psk/build/libuoscore-uedhoc.a(edhoc_encode_message_1.o)
                0x80003506                cbor_encode_message_1
 .text          0x80003522       0x44 uoscore-uedhoc-psk/build/libuoscore-uedhoc.a(edhoc_encode_th2.o)
                0x8000354a                cbor_encode_th2
 .text          0x80003566       0x9c uoscore-uedhoc-psk/build/libuoscore-uedhoc.a(bstr_encode_decode.o)
                0x80003566                encode_bstr
                0x800035a2                decode_bstr
 .text          0x80003602      0xda4 uoscore-uedhoc-psk/build/libuoscore-uedhoc.a(ciphertext.o)
                0x800036e2                ciphertext_gen_psk
                0x800039a2                ciphertext_decrypt_split_psk
                0x80003b60                ciphertext_gen_psk_msg3
                0x80003f94                ciphertext_decrypt_split_psk_msg3
 .text          0x800043a6       0x12 uoscore-uedhoc-psk/build/libuoscore-uedhoc.a(edhoc_method_type.o)
                0x800043a6                authentication_type_get
                0x800043b0                is_psk_authentication
 .text          0x800043b8       0x4c uoscore-uedhoc-psk/build/libuoscore-uedhoc.a(hkdf_info.o)
                0x800043b8                create_hkdf_info
 .text          0x80004404      0x10a uoscore-uedhoc-psk/build/libuoscore-uedhoc.a(plaintext_decode.o)
                0x80004404                plaintext_split_psk_msg2
 .text          0x8000450e      0x13e uoscore-uedhoc-psk/build/libuoscore-uedhoc.a(retrieve_cred.o)
                0x8000450e                retrieve_cred
 .text          0x8000464c       0x20 uoscore-uedhoc-psk/build/libuoscore-uedhoc.a(edhoc_decode_bstr_type.o)
                0x80004650                cbor_decode_bstr_type_b_str
 .text          0x8000466c      0x396 uoscore-uedhoc-psk/build/libuoscore-uedhoc.a(edhoc_decode_id_cred_x.o)
                0x800049e6                cbor_decode_id_cred_x_map
 .text          0x80004a02       0x20 uoscore-uedhoc-psk/build/libuoscore-uedhoc.a(edhoc_encode_bstr_type.o)
                0x80004a06                cbor_encode_bstr_type_b_str
 .text          0x80004a22       0x50 uoscore-uedhoc-psk/build/libuoscore-uedhoc.a(edhoc_encode_info.o)
                0x80004a56                cbor_encode_info
                [!provide]                        PROVIDE (_etext = .)
                0x80004ab2                        . = (. + 0x40)
 *fill*         0x80004a72       0x40 

.eh_frame       0x80004ab8        0x0
 *(.eh_frame)

.srodata        0x80004ab8       0x13
 *(.srodata.*)
 .srodata.id_cred_psk
                0x80004ab8        0x4 build/edhoc_initiator_suite0.o
 .srodata.suites
                0x80004abc        0x1 build/edhoc_initiator_suite0.o
 *fill*         0x80004abd        0x3 
 .srodata.c_i   0x80004ac0        0x1 build/edhoc_initiator_suite0.o
 *fill*         0x80004ac1        0x3 
 .srodata.CSWTCH.5
                0x80004ac4        0x7 build/zcbor_encode.o

.data           0x80004ad0        0x0
 *(.data .data.* .gnu.linkonce.d.*)
 *(.tohost)

.sdata          0x80004ad0        0x0
 *(.sdata .sdata.* .gnu.linkonce.s.*)

.rodata         0x80004ad0      0x494
 *(.rodata .rodata.* .gnu.linkonce.r.*)
 .rodata.main.str1.4
                0x80004ad0      0x372 build/edhoc_initiator_suite0.o
                                 0x5d (size before relaxing)
 *fill*         0x80004e42        0x2 
 .rodata.cred_r
                0x80004e44       0x27 build/edhoc_initiator_suite0.o
 *fill*         0x80004e6b        0x1 
 .rodata.cred_i
                0x80004e6c       0x27 build/edhoc_initiator_suite0.o
 *fill*         0x80004e93        0x1 
 .rodata.psk    0x80004e94       0x10 build/edhoc_initiator_suite0.o
 .rodata.x_i    0x80004ea4       0x20 build/edhoc_initiator_suite0.o
 *fill*         0x80004ec4        0x4 
 .rodata        0x80004ec8       0x28 build/hash.o
 .rodata.constants
                0x80004ef0       0x18 build/constants.o
                0x80004ef0                constants
 .rodata.c25519_base_x
                0x80004f08       0x20 build/c25519.o
                0x80004f08                c25519_base_x
 .rodata.f25519_one
                0x80004f28       0x20 build/f25519.o
                0x80004f28                f25519_one
 .rodata.str1.4
                0x80004f48       0xbb uoscore-uedhoc-psk/build/libuoscore-uedhoc.a(initiator.o)
 .rodata.str1.4
                0x80004f48       0x1e uoscore-uedhoc-psk/build/libuoscore-uedhoc.a(int_encode_decode.o)
 .rodata.str1.4
                0x80004f48       0x10 uoscore-uedhoc-psk/build/libuoscore-uedhoc.a(okm.o)
 .rodata.str1.4
                0x80004f48       0x10 uoscore-uedhoc-psk/build/libuoscore-uedhoc.a(prk.o)
 .rodata.str1.4
                0x80004f48        0xf uoscore-uedhoc-psk/build/libuoscore-uedhoc.a(th.o)
 .rodata.str1.4
                0x80004f48       0x18 uoscore-uedhoc-psk/build/libuoscore-uedhoc.a(byte_array.o)
 .rodata.str1.4
                0x80004f48       0xac uoscore-uedhoc-psk/build/libuoscore-uedhoc.a(crypto_wrapper.o)
 .rodata.str1.4
                0x80004f48       0x16 uoscore-uedhoc-psk/build/libuoscore-uedhoc.a(memcpy_s.o)
 .rodata.str1.4
                0x80004f48       0x6f uoscore-uedhoc-psk/build/libuoscore-uedhoc.a(print_util.o)
 .rodata.str1.4
                0x80004f48       0x1f uoscore-uedhoc-psk/build/libuoscore-uedhoc.a(bstr_encode_decode.o)
 .rodata.str1.4
                0x80004f48       0x4b uoscore-uedhoc-psk/build/libuoscore-uedhoc.a(ciphertext.o)
 .rodata.str1.4
                0x80004f48       0x16 uoscore-uedhoc-psk/build/libuoscore-uedhoc.a(hkdf_info.o)
 .rodata.str1.4
                0x80004f48       0x1d uoscore-uedhoc-psk/build/libuoscore-uedhoc.a(plaintext_decode.o)
 .rodata        0x80004f48       0x1c uoscore-uedhoc-psk/build/libuoscore-uedhoc.a(plaintext_decode.o)
 .rodata.str1.4
                0x80004f64       0x1a uoscore-uedhoc-psk/build/libuoscore-uedhoc.a(retrieve_cred.o)
 *(.dtb)
                [!provide]                        PROVIDE (_data = ADDR (.rodata))
                [!provide]                        PROVIDE (_data_lma = LOADADDR (.rodata))
                [!provide]                        PROVIDE (_edata = .)

.rela.dyn       0x80004f64        0x0
 .rela.text.init
                0x80004f64        0x0 build/edhoc_initiator_suite0.o

.bss            0x80004f68       0x30
                0x80004f68                        PROVIDE (_fbss = .)
                [!provide]                        PROVIDE (__global_pointer$ = (. + 0x7c0))
 *(.sbss .sbss.* .gnu.linkonce.sb.*)
 .sbss          0x80004f68        0x9 uoscore-uedhoc-psk/build/libuoscore-uedhoc.a(byte_array.o)
                0x80004f68                NULL_ARRAY
                0x80004f70                EMPTY_STRING
 *(.bss .bss.* .gnu.linkonce.b.*)
 *fill*         0x80004f71        0x3 
 .bss.g_x       0x80004f74       0x20 build/edhoc_initiator_suite0.o
                0x80004f98                        . = ALIGN (0x8)
 *fill*         0x80004f94        0x4 
                0x80004f98                        PROVIDE (_ebss = .)
                0x80004f98                        PROVIDE (_end = .)
                0x80004f98                        PROVIDE (_heap_start = _end)
                0x8000f800                        PROVIDE (_heap_end = (_ram_end - 0x800))
                [!provide]                        PROVIDE (_sp = _ram_end)
                0x00000001                        ASSERT ((_end <= (_ram_end - 0x800)), ERROR: Program too large! Need to leave 2KB for stack.)
                0x00004f98                        _program_size = (_end - _ram)
                0x0000a868                        _available_heap = (_heap_end - _heap_start)
                0x00000800                        _stack_size = 0x800
OUTPUT(build/edhoc_initiator.elf elf32-littleriscv)

.comment        0x00000000       0x19
 .comment       0x00000000       0x19 build/edhoc_initiator_suite0.o
                                 0x1a (size before relaxing)
 .comment       0x00000019       0x1a build/kprintf.o
 .comment       0x00000019       0x1a build/libc_stubs.o
 .comment       0x00000019       0x1a build/zcbor_common.o
 .comment       0x00000019       0x1a build/zcbor_encode.o
 .comment       0x00000019       0x1a build/zcbor_decode.o
 .comment       0x00000019       0x1a build/encrypt.o
 .comment       0x00000019       0x1a build/decrypt.o
 .comment       0x00000019       0x1a build/hash.o
 .comment       0x00000019       0x1a build/permutations.o
 .comment       0x00000019       0x1a build/interleave.o
 .comment       0x00000019       0x1a build/constants.o
 .comment       0x00000019       0x1a build/ascon_hmac.o
 .comment       0x00000019       0x1a build/compact_x25519.o
 .comment       0x00000019       0x1a build/compact_wipe.o
 .comment       0x00000019       0x1a build/c25519.o
 .comment       0x00000019       0x1a build/f25519.o
 .comment       0x00000019       0x1a uoscore-uedhoc-psk/build/libuoscore-uedhoc.a(initiator.o)
 .comment       0x00000019       0x1a uoscore-uedhoc-psk/build/libuoscore-uedhoc.a(int_encode_decode.o)
 .comment       0x00000019       0x1a uoscore-uedhoc-psk/build/libuoscore-uedhoc.a(okm.o)
 .comment       0x00000019       0x1a uoscore-uedhoc-psk/build/libuoscore-uedhoc.a(prk.o)
 .comment       0x00000019       0x1a uoscore-uedhoc-psk/build/libuoscore-uedhoc.a(runtime_context.o)
 .comment       0x00000019       0x1a uoscore-uedhoc-psk/build/libuoscore-uedhoc.a(suites.o)
 .comment       0x00000019       0x1a uoscore-uedhoc-psk/build/libuoscore-uedhoc.a(th.o)
 .comment       0x00000019       0x1a uoscore-uedhoc-psk/build/libuoscore-uedhoc.a(byte_array.o)
 .comment       0x00000019       0x1a uoscore-uedhoc-psk/build/libuoscore-uedhoc.a(crypto_wrapper.o)
 .comment       0x00000019       0x1a uoscore-uedhoc-psk/build/libuoscore-uedhoc.a(memcpy_s.o)
 .comment       0x00000019       0x1a uoscore-uedhoc-psk/build/libuoscore-uedhoc.a(print_util.o)
 .comment       0x00000019       0x1a uoscore-uedhoc-psk/build/libuoscore-uedhoc.a(edhoc_decode_int_type.o)
 .comment       0x00000019       0x1a uoscore-uedhoc-psk/build/libuoscore-uedhoc.a(edhoc_encode_int_type.o)
 .comment       0x00000019       0x1a uoscore-uedhoc-psk/build/libuoscore-uedhoc.a(edhoc_encode_message_1.o)
 .comment       0x00000019       0x1a uoscore-uedhoc-psk/build/libuoscore-uedhoc.a(edhoc_encode_th2.o)
 .comment       0x00000019       0x1a uoscore-uedhoc-psk/build/libuoscore-uedhoc.a(bstr_encode_decode.o)
 .comment       0x00000019       0x1a uoscore-uedhoc-psk/build/libuoscore-uedhoc.a(ciphertext.o)
 .comment       0x00000019       0x1a uoscore-uedhoc-psk/build/libuoscore-uedhoc.a(edhoc_method_type.o)
 .comment       0x00000019       0x1a uoscore-uedhoc-psk/build/libuoscore-uedhoc.a(hkdf_info.o)
 .comment       0x00000019       0x1a uoscore-uedhoc-psk/build/libuoscore-uedhoc.a(plaintext_decode.o)
 .comment       0x00000019       0x1a uoscore-uedhoc-psk/build/libuoscore-uedhoc.a(retrieve_cred.o)
 .comment       0x00000019       0x1a uoscore-uedhoc-psk/build/libuoscore-uedhoc.a(edhoc_decode_bstr_type.o)
 .comment       0x00000019       0x1a uoscore-uedhoc-psk/build/libuoscore-uedhoc.a(edhoc_decode_id_cred_x.o)
 .comment       0x00000019       0x1a uoscore-uedhoc-psk/build/libuoscore-uedhoc.a(edhoc_encode_bstr_type.o)
 .comment       0x00000019       0x1a uoscore-uedhoc-psk/build/libuoscore-uedhoc.a(edhoc_encode_info.o)

.note.GNU-stack
                0x00000000        0x0
 .note.GNU-stack
                0x00000000        0x0 build/edhoc_initiator_suite0.o
 .note.GNU-stack
                0x00000000        0x0 build/kprintf.o
 .note.GNU-stack
                0x00000000        0x0 build/libc_stubs.o
 .note.GNU-stack
                0x00000000        0x0 build/zcbor_common.o
 .note.GNU-stack
                0x00000000        0x0 build/zcbor_encode.o
 .note.GNU-stack
                0x00000000        0x0 build/zcbor_decode.o
 .note.GNU-stack
                0x00000000        0x0 build/encrypt.o
 .note.GNU-stack
                0x00000000        0x0 build/decrypt.o
 .note.GNU-stack
                0x00000000        0x0 build/hash.o
 .note.GNU-stack
                0x00000000        0x0 build/permutations.o
 .note.GNU-stack
                0x00000000        0x0 build/interleave.o
 .note.GNU-stack
                0x00000000        0x0 build/constants.o
 .note.GNU-stack
                0x00000000        0x0 build/ascon_hmac.o
 .note.GNU-stack
                0x00000000        0x0 build/compact_x25519.o
 .note.GNU-stack
                0x00000000        0x0 build/compact_wipe.o
 .note.GNU-stack
                0x00000000        0x0 build/c25519.o
 .note.GNU-stack
                0x00000000        0x0 build/f25519.o
 .note.GNU-stack
                0x00000000        0x0 uoscore-uedhoc-psk/build/libuoscore-uedhoc.a(initiator.o)
 .note.GNU-stack
                0x00000000        0x0 uoscore-uedhoc-psk/build/libuoscore-uedhoc.a(int_encode_decode.o)
 .note.GNU-stack
                0x00000000        0x0 uoscore-uedhoc-psk/build/libuoscore-uedhoc.a(okm.o)
 .note.GNU-stack
                0x00000000        0x0 uoscore-uedhoc-psk/build/libuoscore-uedhoc.a(prk.o)
 .note.GNU-stack
                0x00000000        0x0 uoscore-uedhoc-psk/build/libuoscore-uedhoc.a(runtime_context.o)
 .note.GNU-stack
                0x00000000        0x0 uoscore-uedhoc-psk/build/libuoscore-uedhoc.a(suites.o)
 .note.GNU-stack
                0x00000000        0x0 uoscore-uedhoc-psk/build/libuoscore-uedhoc.a(th.o)
 .note.GNU-stack
                0x00000000        0x0 uoscore-uedhoc-psk/build/libuoscore-uedhoc.a(byte_array.o)
 .note.GNU-stack
                0x00000000        0x0 uoscore-uedhoc-psk/build/libuoscore-uedhoc.a(crypto_wrapper.o)
 .note.GNU-stack
                0x00000000        0x0 uoscore-uedhoc-psk/build/libuoscore-uedhoc.a(memcpy_s.o)
 .note.GNU-stack
                0x00000000        0x0 uoscore-uedhoc-psk/build/libuoscore-uedhoc.a(print_util.o)
 .note.GNU-stack
                0x00000000        0x0 uoscore-uedhoc-psk/build/libuoscore-uedhoc.a(edhoc_decode_int_type.o)
 .note.GNU-stack
                0x00000000        0x0 uoscore-uedhoc-psk/build/libuoscore-uedhoc.a(edhoc_encode_int_type.o)
 .note.GNU-stack
                0x00000000        0x0 uoscore-uedhoc-psk/build/libuoscore-uedhoc.a(edhoc_encode_message_1.o)
 .note.GNU-stack
                0x00000000        0x0 uoscore-uedhoc-psk/build/libuoscore-uedhoc.a(edhoc_encode_th2.o)
 .note.GNU-stack
                0x00000000        0x0 uoscore-uedhoc-psk/build/libuoscore-uedhoc.a(bstr_encode_decode.o)
 .note.GNU-stack
                0x00000000        0x0 uoscore-uedhoc-psk/build/libuoscore-uedhoc.a(ciphertext.o)
 .note.GNU-stack
                0x00000000        0x0 uoscore-uedhoc-psk/build/libuoscore-uedhoc.a(edhoc_method_type.o)
 .note.GNU-stack
                0x00000000        0x0 uoscore-uedhoc-psk/build/libuoscore-uedhoc.a(hkdf_info.o)
 .note.GNU-stack
                0x00000000        0x0 uoscore-uedhoc-psk/build/libuoscore-uedhoc.a(plaintext_decode.o)
 .note.GNU-stack
                0x00000000        0x0 uoscore-uedhoc-psk/build/libuoscore-uedhoc.a(retrieve_cred.o)
 .note.GNU-stack
                0x00000000        0x0 uoscore-uedhoc-psk/build/libuoscore-uedhoc.a(edhoc_decode_bstr_type.o)
 .note.GNU-stack
                0x00000000        0x0 uoscore-uedhoc-psk/build/libuoscore-uedhoc.a(edhoc_decode_id_cred_x.o)
 .note.GNU-stack
                0x00000000        0x0 uoscore-uedhoc-psk/build/libuoscore-uedhoc.a(edhoc_encode_bstr_type.o)
 .note.GNU-stack
                0x00000000        0x0 uoscore-uedhoc-psk/build/libuoscore-uedhoc.a(edhoc_encode_info.o)

.riscv.attributes
                0x00000000       0x67
 .riscv.attributes
                0x00000000       0x63 build/edhoc_initiator_suite0.o
 .riscv.attributes
                0x00000063       0x63 build/kprintf.o
 .riscv.attributes
                0x000000c6       0x63 build/libc_stubs.o
 .riscv.attributes
                0x00000129       0x63 build/zcbor_common.o
 .riscv.attributes
                0x0000018c       0x63 build/zcbor_encode.o
 .riscv.attributes
                0x000001ef       0x63 build/zcbor_decode.o
 .riscv.attributes
                0x00000252       0x63 build/encrypt.o
 .riscv.attributes
                0x000002b5       0x63 build/decrypt.o
 .riscv.attributes
                0x00000318       0x63 build/hash.o
 .riscv.attributes
                0x0000037b       0x63 build/permutations.o
 .riscv.attributes
                0x000003de       0x63 build/interleave.o
 .riscv.attributes
                0x00000441       0x63 build/constants.o
 .riscv.attributes
                0x000004a4       0x63 build/ascon_hmac.o
 .riscv.attributes
                0x00000507       0x63 build/compact_x25519.o
 .riscv.attributes
                0x0000056a       0x63 build/compact_wipe.o
 .riscv.attributes
                0x000005cd       0x63 build/c25519.o
 .riscv.attributes
                0x00000630       0x63 build/f25519.o
 .riscv.attributes
                0x00000693       0x65 build/crt0.o
 .riscv.attributes
                0x000006f8       0x61 build/ascon.o
 .riscv.attributes
                0x00000759       0x63 uoscore-uedhoc-psk/build/libuoscore-uedhoc.a(initiator.o)
 .riscv.attributes
                0x000007bc       0x63 uoscore-uedhoc-psk/build/libuoscore-uedhoc.a(int_encode_decode.o)
 .riscv.attributes
                0x0000081f       0x63 uoscore-uedhoc-psk/build/libuoscore-uedhoc.a(okm.o)
 .riscv.attributes
                0x00000882       0x63 uoscore-uedhoc-psk/build/libuoscore-uedhoc.a(prk.o)
 .riscv.attributes
                0x000008e5       0x63 uoscore-uedhoc-psk/build/libuoscore-uedhoc.a(runtime_context.o)
 .riscv.attributes
                0x00000948       0x63 uoscore-uedhoc-psk/build/libuoscore-uedhoc.a(suites.o)
 .riscv.attributes
                0x000009ab       0x63 uoscore-uedhoc-psk/build/libuoscore-uedhoc.a(th.o)
 .riscv.attributes
                0x00000a0e       0x63 uoscore-uedhoc-psk/build/libuoscore-uedhoc.a(byte_array.o)
 .riscv.attributes
                0x00000a71       0x63 uoscore-uedhoc-psk/build/libuoscore-uedhoc.a(crypto_wrapper.o)
 .riscv.attributes
                0x00000ad4       0x63 uoscore-uedhoc-psk/build/libuoscore-uedhoc.a(memcpy_s.o)
 .riscv.attributes
                0x00000b37       0x63 uoscore-uedhoc-psk/build/libuoscore-uedhoc.a(print_util.o)
 .riscv.attributes
                0x00000b9a       0x63 uoscore-uedhoc-psk/build/libuoscore-uedhoc.a(edhoc_decode_int_type.o)
 .riscv.attributes
                0x00000bfd       0x63 uoscore-uedhoc-psk/build/libuoscore-uedhoc.a(edhoc_encode_int_type.o)
 .riscv.attributes
                0x00000c60       0x63 uoscore-uedhoc-psk/build/libuoscore-uedhoc.a(edhoc_encode_message_1.o)
 .riscv.attributes
                0x00000cc3       0x63 uoscore-uedhoc-psk/build/libuoscore-uedhoc.a(edhoc_encode_th2.o)
 .riscv.attributes
                0x00000d26       0x63 uoscore-uedhoc-psk/build/libuoscore-uedhoc.a(bstr_encode_decode.o)
 .riscv.attributes
                0x00000d89       0x63 uoscore-uedhoc-psk/build/libuoscore-uedhoc.a(ciphertext.o)
 .riscv.attributes
                0x00000dec       0x63 uoscore-uedhoc-psk/build/libuoscore-uedhoc.a(edhoc_method_type.o)
 .riscv.attributes
                0x00000e4f       0x63 uoscore-uedhoc-psk/build/libuoscore-uedhoc.a(hkdf_info.o)
 .riscv.attributes
                0x00000eb2       0x63 uoscore-uedhoc-psk/build/libuoscore-uedhoc.a(plaintext_decode.o)
 .riscv.attributes
                0x00000f15       0x63 uoscore-uedhoc-psk/build/libuoscore-uedhoc.a(retrieve_cred.o)
 .riscv.attributes
                0x00000f78       0x63 uoscore-uedhoc-psk/build/libuoscore-uedhoc.a(edhoc_decode_bstr_type.o)
 .riscv.attributes
                0x00000fdb       0x63 uoscore-uedhoc-psk/build/libuoscore-uedhoc.a(edhoc_decode_id_cred_x.o)
 .riscv.attributes
                0x0000103e       0x63 uoscore-uedhoc-psk/build/libuoscore-uedhoc.a(edhoc_encode_bstr_type.o)
 .riscv.attributes
                0x000010a1       0x63 uoscore-uedhoc-psk/build/libuoscore-uedhoc.a(edhoc_encode_info.o)

.debug_info     0x00000000     0xccd6
 .debug_info    0x00000000     0x2180 uoscore-uedhoc-psk/build/libuoscore-uedhoc.a(initiator.o)
 .debug_info    0x00002180      0x4ee uoscore-uedhoc-psk/build/libuoscore-uedhoc.a(int_encode_decode.o)
 .debug_info    0x0000266e      0x43b uoscore-uedhoc-psk/build/libuoscore-uedhoc.a(okm.o)
 .debug_info    0x00002aa9      0x6f3 uoscore-uedhoc-psk/build/libuoscore-uedhoc.a(prk.o)
 .debug_info    0x0000319c      0x350 uoscore-uedhoc-psk/build/libuoscore-uedhoc.a(runtime_context.o)
 .debug_info    0x000034ec      0x449 uoscore-uedhoc-psk/build/libuoscore-uedhoc.a(suites.o)
 .debug_info    0x00003935      0xb5f uoscore-uedhoc-psk/build/libuoscore-uedhoc.a(th.o)
 .debug_info    0x00004494      0x484 uoscore-uedhoc-psk/build/libuoscore-uedhoc.a(byte_array.o)
 .debug_info    0x00004918      0xe38 uoscore-uedhoc-psk/build/libuoscore-uedhoc.a(crypto_wrapper.o)
 .debug_info    0x00005750      0x3ac uoscore-uedhoc-psk/build/libuoscore-uedhoc.a(memcpy_s.o)
 .debug_info    0x00005afc      0x280 uoscore-uedhoc-psk/build/libuoscore-uedhoc.a(print_util.o)
 .debug_info    0x00005d7c      0x3db uoscore-uedhoc-psk/build/libuoscore-uedhoc.a(edhoc_decode_int_type.o)
 .debug_info    0x00006157      0x3e0 uoscore-uedhoc-psk/build/libuoscore-uedhoc.a(edhoc_encode_int_type.o)
 .debug_info    0x00006537      0x6f1 uoscore-uedhoc-psk/build/libuoscore-uedhoc.a(edhoc_encode_message_1.o)
 .debug_info    0x00006c28      0x43a uoscore-uedhoc-psk/build/libuoscore-uedhoc.a(edhoc_encode_th2.o)
 .debug_info    0x00007062      0x4e0 uoscore-uedhoc-psk/build/libuoscore-uedhoc.a(bstr_encode_decode.o)
 .debug_info    0x00007542     0x25af uoscore-uedhoc-psk/build/libuoscore-uedhoc.a(ciphertext.o)
 .debug_info    0x00009af1      0x129 uoscore-uedhoc-psk/build/libuoscore-uedhoc.a(edhoc_method_type.o)
 .debug_info    0x00009c1a      0x3e4 uoscore-uedhoc-psk/build/libuoscore-uedhoc.a(hkdf_info.o)
 .debug_info    0x00009ffe      0x6d3 uoscore-uedhoc-psk/build/libuoscore-uedhoc.a(plaintext_decode.o)
 .debug_info    0x0000a6d1      0x91e uoscore-uedhoc-psk/build/libuoscore-uedhoc.a(retrieve_cred.o)
 .debug_info    0x0000afef      0x3eb uoscore-uedhoc-psk/build/libuoscore-uedhoc.a(edhoc_decode_bstr_type.o)
 .debug_info    0x0000b3da     0x1070 uoscore-uedhoc-psk/build/libuoscore-uedhoc.a(edhoc_decode_id_cred_x.o)
 .debug_info    0x0000c44a      0x3f0 uoscore-uedhoc-psk/build/libuoscore-uedhoc.a(edhoc_encode_bstr_type.o)
 .debug_info    0x0000c83a      0x49c uoscore-uedhoc-psk/build/libuoscore-uedhoc.a(edhoc_encode_info.o)

.debug_abbrev   0x00000000     0x2e7b
 .debug_abbrev  0x00000000      0x41f uoscore-uedhoc-psk/build/libuoscore-uedhoc.a(initiator.o)
 .debug_abbrev  0x0000041f      0x180 uoscore-uedhoc-psk/build/libuoscore-uedhoc.a(int_encode_decode.o)
 .debug_abbrev  0x0000059f      0x1a9 uoscore-uedhoc-psk/build/libuoscore-uedhoc.a(okm.o)
 .debug_abbrev  0x00000748      0x1ea uoscore-uedhoc-psk/build/libuoscore-uedhoc.a(prk.o)
 .debug_abbrev  0x00000932      0x10e uoscore-uedhoc-psk/build/libuoscore-uedhoc.a(runtime_context.o)
 .debug_abbrev  0x00000a40      0x100 uoscore-uedhoc-psk/build/libuoscore-uedhoc.a(suites.o)
 .debug_abbrev  0x00000b40      0x268 uoscore-uedhoc-psk/build/libuoscore-uedhoc.a(th.o)
 .debug_abbrev  0x00000da8      0x1e6 uoscore-uedhoc-psk/build/libuoscore-uedhoc.a(byte_array.o)
 .debug_abbrev  0x00000f8e      0x31e uoscore-uedhoc-psk/build/libuoscore-uedhoc.a(crypto_wrapper.o)
 .debug_abbrev  0x000012ac      0x189 uoscore-uedhoc-psk/build/libuoscore-uedhoc.a(memcpy_s.o)
 .debug_abbrev  0x00001435       0xf7 uoscore-uedhoc-psk/build/libuoscore-uedhoc.a(print_util.o)
 .debug_abbrev  0x0000152c      0x18e uoscore-uedhoc-psk/build/libuoscore-uedhoc.a(edhoc_decode_int_type.o)
 .debug_abbrev  0x000016ba      0x18e uoscore-uedhoc-psk/build/libuoscore-uedhoc.a(edhoc_encode_int_type.o)
 .debug_abbrev  0x00001848      0x1dd uoscore-uedhoc-psk/build/libuoscore-uedhoc.a(edhoc_encode_message_1.o)
 .debug_abbrev  0x00001a25      0x1bd uoscore-uedhoc-psk/build/libuoscore-uedhoc.a(edhoc_encode_th2.o)
 .debug_abbrev  0x00001be2      0x1a2 uoscore-uedhoc-psk/build/libuoscore-uedhoc.a(bstr_encode_decode.o)
 .debug_abbrev  0x00001d84      0x375 uoscore-uedhoc-psk/build/libuoscore-uedhoc.a(ciphertext.o)
 .debug_abbrev  0x000020f9       0xc8 uoscore-uedhoc-psk/build/libuoscore-uedhoc.a(edhoc_method_type.o)
 .debug_abbrev  0x000021c1      0x16c uoscore-uedhoc-psk/build/libuoscore-uedhoc.a(hkdf_info.o)
 .debug_abbrev  0x0000232d      0x20e uoscore-uedhoc-psk/build/libuoscore-uedhoc.a(plaintext_decode.o)
 .debug_abbrev  0x0000253b      0x281 uoscore-uedhoc-psk/build/libuoscore-uedhoc.a(retrieve_cred.o)
 .debug_abbrev  0x000027bc      0x19f uoscore-uedhoc-psk/build/libuoscore-uedhoc.a(edhoc_decode_bstr_type.o)
 .debug_abbrev  0x0000295b      0x1de uoscore-uedhoc-psk/build/libuoscore-uedhoc.a(edhoc_decode_id_cred_x.o)
 .debug_abbrev  0x00002b39      0x19f uoscore-uedhoc-psk/build/libuoscore-uedhoc.a(edhoc_encode_bstr_type.o)
 .debug_abbrev  0x00002cd8      0x1a3 uoscore-uedhoc-psk/build/libuoscore-uedhoc.a(edhoc_encode_info.o)

.debug_loc      0x00000000     0x68ce
 .debug_loc     0x00000000     0x1005 uoscore-uedhoc-psk/build/libuoscore-uedhoc.a(initiator.o)
 .debug_loc     0x00001005      0x28f uoscore-uedhoc-psk/build/libuoscore-uedhoc.a(int_encode_decode.o)
 .debug_loc     0x00001294      0x190 uoscore-uedhoc-psk/build/libuoscore-uedhoc.a(okm.o)
 .debug_loc     0x00001424      0x290 uoscore-uedhoc-psk/build/libuoscore-uedhoc.a(prk.o)
 .debug_loc     0x000016b4      0x194 uoscore-uedhoc-psk/build/libuoscore-uedhoc.a(suites.o)
 .debug_loc     0x00001848      0x622 uoscore-uedhoc-psk/build/libuoscore-uedhoc.a(th.o)
 .debug_loc     0x00001e6a      0x23a uoscore-uedhoc-psk/build/libuoscore-uedhoc.a(byte_array.o)
 .debug_loc     0x000020a4      0xc77 uoscore-uedhoc-psk/build/libuoscore-uedhoc.a(crypto_wrapper.o)
 .debug_loc     0x00002d1b      0x25b uoscore-uedhoc-psk/build/libuoscore-uedhoc.a(memcpy_s.o)
 .debug_loc     0x00002f76      0x251 uoscore-uedhoc-psk/build/libuoscore-uedhoc.a(print_util.o)
 .debug_loc     0x000031c7      0x102 uoscore-uedhoc-psk/build/libuoscore-uedhoc.a(edhoc_decode_int_type.o)
 .debug_loc     0x000032c9      0x102 uoscore-uedhoc-psk/build/libuoscore-uedhoc.a(edhoc_encode_int_type.o)
 .debug_loc     0x000033cb      0x14b uoscore-uedhoc-psk/build/libuoscore-uedhoc.a(edhoc_encode_message_1.o)
 .debug_loc     0x00003516      0x161 uoscore-uedhoc-psk/build/libuoscore-uedhoc.a(edhoc_encode_th2.o)
 .debug_loc     0x00003677      0x139 uoscore-uedhoc-psk/build/libuoscore-uedhoc.a(bstr_encode_decode.o)
 .debug_loc     0x000037b0     0x1e85 uoscore-uedhoc-psk/build/libuoscore-uedhoc.a(ciphertext.o)
 .debug_loc     0x00005635       0x3a uoscore-uedhoc-psk/build/libuoscore-uedhoc.a(edhoc_method_type.o)
 .debug_loc     0x0000566f      0x112 uoscore-uedhoc-psk/build/libuoscore-uedhoc.a(hkdf_info.o)
 .debug_loc     0x00005781      0x37b uoscore-uedhoc-psk/build/libuoscore-uedhoc.a(plaintext_decode.o)
 .debug_loc     0x00005afc      0x22d uoscore-uedhoc-psk/build/libuoscore-uedhoc.a(retrieve_cred.o)
 .debug_loc     0x00005d29      0x102 uoscore-uedhoc-psk/build/libuoscore-uedhoc.a(edhoc_decode_bstr_type.o)
 .debug_loc     0x00005e2b      0x870 uoscore-uedhoc-psk/build/libuoscore-uedhoc.a(edhoc_decode_id_cred_x.o)
 .debug_loc     0x0000669b      0x102 uoscore-uedhoc-psk/build/libuoscore-uedhoc.a(edhoc_encode_bstr_type.o)
 .debug_loc     0x0000679d      0x131 uoscore-uedhoc-psk/build/libuoscore-uedhoc.a(edhoc_encode_info.o)

.debug_aranges  0x00000000      0x320
 .debug_aranges
                0x00000000       0x20 uoscore-uedhoc-psk/build/libuoscore-uedhoc.a(initiator.o)
 .debug_aranges
                0x00000020       0x20 uoscore-uedhoc-psk/build/libuoscore-uedhoc.a(int_encode_decode.o)
 .debug_aranges
                0x00000040       0x20 uoscore-uedhoc-psk/build/libuoscore-uedhoc.a(okm.o)
 .debug_aranges
                0x00000060       0x20 uoscore-uedhoc-psk/build/libuoscore-uedhoc.a(prk.o)
 .debug_aranges
                0x00000080       0x20 uoscore-uedhoc-psk/build/libuoscore-uedhoc.a(runtime_context.o)
 .debug_aranges
                0x000000a0       0x20 uoscore-uedhoc-psk/build/libuoscore-uedhoc.a(suites.o)
 .debug_aranges
                0x000000c0       0x20 uoscore-uedhoc-psk/build/libuoscore-uedhoc.a(th.o)
 .debug_aranges
                0x000000e0       0x20 uoscore-uedhoc-psk/build/libuoscore-uedhoc.a(byte_array.o)
 .debug_aranges
                0x00000100       0x20 uoscore-uedhoc-psk/build/libuoscore-uedhoc.a(crypto_wrapper.o)
 .debug_aranges
                0x00000120       0x20 uoscore-uedhoc-psk/build/libuoscore-uedhoc.a(memcpy_s.o)
 .debug_aranges
                0x00000140       0x20 uoscore-uedhoc-psk/build/libuoscore-uedhoc.a(print_util.o)
 .debug_aranges
                0x00000160       0x20 uoscore-uedhoc-psk/build/libuoscore-uedhoc.a(edhoc_decode_int_type.o)
 .debug_aranges
                0x00000180       0x20 uoscore-uedhoc-psk/build/libuoscore-uedhoc.a(edhoc_encode_int_type.o)
 .debug_aranges
                0x000001a0       0x20 uoscore-uedhoc-psk/build/libuoscore-uedhoc.a(edhoc_encode_message_1.o)
 .debug_aranges
                0x000001c0       0x20 uoscore-uedhoc-psk/build/libuoscore-uedhoc.a(edhoc_encode_th2.o)
 .debug_aranges
                0x000001e0       0x20 uoscore-uedhoc-psk/build/libuoscore-uedhoc.a(bstr_encode_decode.o)
 .debug_aranges
                0x00000200       0x20 uoscore-uedhoc-psk/build/libuoscore-uedhoc.a(ciphertext.o)
 .debug_aranges
                0x00000220       0x20 uoscore-uedhoc-psk/build/libuoscore-uedhoc.a(edhoc_method_type.o)
 .debug_aranges
                0x00000240       0x20 uoscore-uedhoc-psk/build/libuoscore-uedhoc.a(hkdf_info.o)
 .debug_aranges
                0x00000260       0x20 uoscore-uedhoc-psk/build/libuoscore-uedhoc.a(plaintext_decode.o)
 .debug_aranges
                0x00000280       0x20 uoscore-uedhoc-psk/build/libuoscore-uedhoc.a(retrieve_cred.o)
 .debug_aranges
                0x000002a0       0x20 uoscore-uedhoc-psk/build/libuoscore-uedhoc.a(edhoc_decode_bstr_type.o)
 .debug_aranges
                0x000002c0       0x20 uoscore-uedhoc-psk/build/libuoscore-uedhoc.a(edhoc_decode_id_cred_x.o)
 .debug_aranges
                0x000002e0       0x20 uoscore-uedhoc-psk/build/libuoscore-uedhoc.a(edhoc_encode_bstr_type.o)
 .debug_aranges
                0x00000300       0x20 uoscore-uedhoc-psk/build/libuoscore-uedhoc.a(edhoc_encode_info.o)

.debug_ranges   0x00000000      0xb88
 .debug_ranges  0x00000000      0x328 uoscore-uedhoc-psk/build/libuoscore-uedhoc.a(initiator.o)
 .debug_ranges  0x00000328       0x40 uoscore-uedhoc-psk/build/libuoscore-uedhoc.a(int_encode_decode.o)
 .debug_ranges  0x00000368       0x20 uoscore-uedhoc-psk/build/libuoscore-uedhoc.a(okm.o)
 .debug_ranges  0x00000388       0x38 uoscore-uedhoc-psk/build/libuoscore-uedhoc.a(prk.o)
 .debug_ranges  0x000003c0      0x180 uoscore-uedhoc-psk/build/libuoscore-uedhoc.a(th.o)
 .debug_ranges  0x00000540       0x40 uoscore-uedhoc-psk/build/libuoscore-uedhoc.a(byte_array.o)
 .debug_ranges  0x00000580      0x178 uoscore-uedhoc-psk/build/libuoscore-uedhoc.a(crypto_wrapper.o)
 .debug_ranges  0x000006f8       0x40 uoscore-uedhoc-psk/build/libuoscore-uedhoc.a(memcpy_s.o)
 .debug_ranges  0x00000738       0x18 uoscore-uedhoc-psk/build/libuoscore-uedhoc.a(print_util.o)
 .debug_ranges  0x00000750       0x38 uoscore-uedhoc-psk/build/libuoscore-uedhoc.a(bstr_encode_decode.o)
 .debug_ranges  0x00000788      0x318 uoscore-uedhoc-psk/build/libuoscore-uedhoc.a(ciphertext.o)
 .debug_ranges  0x00000aa0       0x20 uoscore-uedhoc-psk/build/libuoscore-uedhoc.a(hkdf_info.o)
 .debug_ranges  0x00000ac0       0x80 uoscore-uedhoc-psk/build/libuoscore-uedhoc.a(plaintext_decode.o)
 .debug_ranges  0x00000b40       0x48 uoscore-uedhoc-psk/build/libuoscore-uedhoc.a(retrieve_cred.o)

.debug_line     0x00000000     0x99e6
 .debug_line    0x00000000     0x19db uoscore-uedhoc-psk/build/libuoscore-uedhoc.a(initiator.o)
 .debug_line    0x000019db      0x474 uoscore-uedhoc-psk/build/libuoscore-uedhoc.a(int_encode_decode.o)
 .debug_line    0x00001e4f      0x3a3 uoscore-uedhoc-psk/build/libuoscore-uedhoc.a(okm.o)
 .debug_line    0x000021f2      0x37a uoscore-uedhoc-psk/build/libuoscore-uedhoc.a(prk.o)
 .debug_line    0x0000256c      0x237 uoscore-uedhoc-psk/build/libuoscore-uedhoc.a(runtime_context.o)
 .debug_line    0x000027a3      0x317 uoscore-uedhoc-psk/build/libuoscore-uedhoc.a(suites.o)
 .debug_line    0x00002aba      0xbe5 uoscore-uedhoc-psk/build/libuoscore-uedhoc.a(th.o)
 .debug_line    0x0000369f      0x310 uoscore-uedhoc-psk/build/libuoscore-uedhoc.a(byte_array.o)
 .debug_line    0x000039af      0xb1b uoscore-uedhoc-psk/build/libuoscore-uedhoc.a(crypto_wrapper.o)
 .debug_line    0x000044ca      0x272 uoscore-uedhoc-psk/build/libuoscore-uedhoc.a(memcpy_s.o)
 .debug_line    0x0000473c      0x238 uoscore-uedhoc-psk/build/libuoscore-uedhoc.a(print_util.o)
 .debug_line    0x00004974      0x1c5 uoscore-uedhoc-psk/build/libuoscore-uedhoc.a(edhoc_decode_int_type.o)
 .debug_line    0x00004b39      0x1c5 uoscore-uedhoc-psk/build/libuoscore-uedhoc.a(edhoc_encode_int_type.o)
 .debug_line    0x00004cfe      0x317 uoscore-uedhoc-psk/build/libuoscore-uedhoc.a(edhoc_encode_message_1.o)
 .debug_line    0x00005015      0x25f uoscore-uedhoc-psk/build/libuoscore-uedhoc.a(edhoc_encode_th2.o)
 .debug_line    0x00005274      0x38d uoscore-uedhoc-psk/build/libuoscore-uedhoc.a(bstr_encode_decode.o)
 .debug_line    0x00005601     0x2651 uoscore-uedhoc-psk/build/libuoscore-uedhoc.a(ciphertext.o)
 .debug_line    0x00007c52       0xbf uoscore-uedhoc-psk/build/libuoscore-uedhoc.a(edhoc_method_type.o)
 .debug_line    0x00007d11      0x2d4 uoscore-uedhoc-psk/build/libuoscore-uedhoc.a(hkdf_info.o)
 .debug_line    0x00007fe5      0x4d5 uoscore-uedhoc-psk/build/libuoscore-uedhoc.a(plaintext_decode.o)
 .debug_line    0x000084ba      0x4af uoscore-uedhoc-psk/build/libuoscore-uedhoc.a(retrieve_cred.o)
 .debug_line    0x00008969      0x1c6 uoscore-uedhoc-psk/build/libuoscore-uedhoc.a(edhoc_decode_bstr_type.o)
 .debug_line    0x00008b2f      0xaac uoscore-uedhoc-psk/build/libuoscore-uedhoc.a(edhoc_decode_id_cred_x.o)
 .debug_line    0x000095db      0x1c6 uoscore-uedhoc-psk/build/libuoscore-uedhoc.a(edhoc_encode_bstr_type.o)
 .debug_line    0x000097a1      0x245 uoscore-uedhoc-psk/build/libuoscore-uedhoc.a(edhoc_encode_info.o)

.debug_str      0x00000000     0x1fd8
 .debug_str     0x00000000     0x1fd8 uoscore-uedhoc-psk/build/libuoscore-uedhoc.a(initiator.o)
                                0xf4a (size before relaxing)
 .debug_str     0x00001fd8      0x797 uoscore-uedhoc-psk/build/libuoscore-uedhoc.a(int_encode_decode.o)
 .debug_str     0x00001fd8      0x733 uoscore-uedhoc-psk/build/libuoscore-uedhoc.a(okm.o)
 .debug_str     0x00001fd8      0x8c8 uoscore-uedhoc-psk/build/libuoscore-uedhoc.a(prk.o)
 .debug_str     0x00001fd8      0x3ad uoscore-uedhoc-psk/build/libuoscore-uedhoc.a(runtime_context.o)
 .debug_str     0x00001fd8      0x7e5 uoscore-uedhoc-psk/build/libuoscore-uedhoc.a(suites.o)
 .debug_str     0x00001fd8      0x87b uoscore-uedhoc-psk/build/libuoscore-uedhoc.a(th.o)
 .debug_str     0x00001fd8      0x74a uoscore-uedhoc-psk/build/libuoscore-uedhoc.a(byte_array.o)
 .debug_str     0x00001fd8      0x96d uoscore-uedhoc-psk/build/libuoscore-uedhoc.a(crypto_wrapper.o)
 .debug_str     0x00001fd8      0x718 uoscore-uedhoc-psk/build/libuoscore-uedhoc.a(memcpy_s.o)
 .debug_str     0x00001fd8      0x26b uoscore-uedhoc-psk/build/libuoscore-uedhoc.a(print_util.o)
 .debug_str     0x00001fd8      0x3d2 uoscore-uedhoc-psk/build/libuoscore-uedhoc.a(edhoc_decode_int_type.o)
 .debug_str     0x00001fd8      0x3d1 uoscore-uedhoc-psk/build/libuoscore-uedhoc.a(edhoc_encode_int_type.o)
 .debug_str     0x00001fd8      0x5b2 uoscore-uedhoc-psk/build/libuoscore-uedhoc.a(edhoc_encode_message_1.o)
 .debug_str     0x00001fd8      0x3d4 uoscore-uedhoc-psk/build/libuoscore-uedhoc.a(edhoc_encode_th2.o)
 .debug_str     0x00001fd8      0x775 uoscore-uedhoc-psk/build/libuoscore-uedhoc.a(bstr_encode_decode.o)
 .debug_str     0x00001fd8      0xc5c uoscore-uedhoc-psk/build/libuoscore-uedhoc.a(ciphertext.o)
 .debug_str     0x00001fd8      0x2bf uoscore-uedhoc-psk/build/libuoscore-uedhoc.a(edhoc_method_type.o)
 .debug_str     0x00001fd8      0x760 uoscore-uedhoc-psk/build/libuoscore-uedhoc.a(hkdf_info.o)
 .debug_str     0x00001fd8      0x7e4 uoscore-uedhoc-psk/build/libuoscore-uedhoc.a(plaintext_decode.o)
 .debug_str     0x00001fd8      0xb4c uoscore-uedhoc-psk/build/libuoscore-uedhoc.a(retrieve_cred.o)
 .debug_str     0x00001fd8      0x3dd uoscore-uedhoc-psk/build/libuoscore-uedhoc.a(edhoc_decode_bstr_type.o)
 .debug_str     0x00001fd8      0x9d0 uoscore-uedhoc-psk/build/libuoscore-uedhoc.a(edhoc_decode_id_cred_x.o)
 .debug_str     0x00001fd8      0x3dc uoscore-uedhoc-psk/build/libuoscore-uedhoc.a(edhoc_encode_bstr_type.o)
 .debug_str     0x00001fd8      0x412 uoscore-uedhoc-psk/build/libuoscore-uedhoc.a(edhoc_encode_info.o)

.debug_frame    0x00000000      0xd10
 .debug_frame   0x00000000      0x144 uoscore-uedhoc-psk/build/libuoscore-uedhoc.a(initiator.o)
 .debug_frame   0x00000144       0x74 uoscore-uedhoc-psk/build/libuoscore-uedhoc.a(int_encode_decode.o)
 .debug_frame   0x000001b8       0x4c uoscore-uedhoc-psk/build/libuoscore-uedhoc.a(okm.o)
 .debug_frame   0x00000204       0x64 uoscore-uedhoc-psk/build/libuoscore-uedhoc.a(prk.o)
 .debug_frame   0x00000268       0x20 uoscore-uedhoc-psk/build/libuoscore-uedhoc.a(runtime_context.o)
 .debug_frame   0x00000288       0x80 uoscore-uedhoc-psk/build/libuoscore-uedhoc.a(suites.o)
 .debug_frame   0x00000308       0xd0 uoscore-uedhoc-psk/build/libuoscore-uedhoc.a(th.o)
 .debug_frame   0x000003d8       0x78 uoscore-uedhoc-psk/build/libuoscore-uedhoc.a(byte_array.o)
 .debug_frame   0x00000450      0x14c uoscore-uedhoc-psk/build/libuoscore-uedhoc.a(crypto_wrapper.o)
 .debug_frame   0x0000059c       0x44 uoscore-uedhoc-psk/build/libuoscore-uedhoc.a(memcpy_s.o)
 .debug_frame   0x000005e0       0x70 uoscore-uedhoc-psk/build/libuoscore-uedhoc.a(print_util.o)
 .debug_frame   0x00000650       0x3c uoscore-uedhoc-psk/build/libuoscore-uedhoc.a(edhoc_decode_int_type.o)
 .debug_frame   0x0000068c       0x3c uoscore-uedhoc-psk/build/libuoscore-uedhoc.a(edhoc_encode_int_type.o)
 .debug_frame   0x000006c8       0x54 uoscore-uedhoc-psk/build/libuoscore-uedhoc.a(edhoc_encode_message_1.o)
 .debug_frame   0x0000071c       0x58 uoscore-uedhoc-psk/build/libuoscore-uedhoc.a(edhoc_encode_th2.o)
 .debug_frame   0x00000774       0x5c uoscore-uedhoc-psk/build/libuoscore-uedhoc.a(bstr_encode_decode.o)
 .debug_frame   0x000007d0      0x17c uoscore-uedhoc-psk/build/libuoscore-uedhoc.a(ciphertext.o)
 .debug_frame   0x0000094c       0x30 uoscore-uedhoc-psk/build/libuoscore-uedhoc.a(edhoc_method_type.o)
 .debug_frame   0x0000097c       0x34 uoscore-uedhoc-psk/build/libuoscore-uedhoc.a(hkdf_info.o)
 .debug_frame   0x000009b0       0x48 uoscore-uedhoc-psk/build/libuoscore-uedhoc.a(plaintext_decode.o)
 .debug_frame   0x000009f8       0x58 uoscore-uedhoc-psk/build/libuoscore-uedhoc.a(retrieve_cred.o)
 .debug_frame   0x00000a50       0x3c uoscore-uedhoc-psk/build/libuoscore-uedhoc.a(edhoc_decode_bstr_type.o)
 .debug_frame   0x00000a8c      0x1f8 uoscore-uedhoc-psk/build/libuoscore-uedhoc.a(edhoc_decode_id_cred_x.o)
 .debug_frame   0x00000c84       0x3c uoscore-uedhoc-psk/build/libuoscore-uedhoc.a(edhoc_encode_bstr_type.o)
 .debug_frame   0x00000cc0       0x50 uoscore-uedhoc-psk/build/libuoscore-uedhoc.a(edhoc_encode_info.o)
