Archive member included to satisfy reference by file (symbol)

uoscore-uedhoc-psk/build/libuoscore-uedhoc.a(initiator.o)
                              build/edhoc_initiator_suite0.o (edhoc_initiator_run)
uoscore-uedhoc-psk/build/libuoscore-uedhoc.a(int_encode_decode.o)
                              uoscore-uedhoc-psk/build/libuoscore-uedhoc.a(initiator.o) (c_x_is_encoded_int)
uoscore-uedhoc-psk/build/libuoscore-uedhoc.a(okm.o)
                              uoscore-uedhoc-psk/build/libuoscore-uedhoc.a(initiator.o) (edhoc_kdf)
uoscore-uedhoc-psk/build/libuoscore-uedhoc.a(prk.o)
                              uoscore-uedhoc-psk/build/libuoscore-uedhoc.a(initiator.o) (prk_derive)
uoscore-uedhoc-psk/build/libuoscore-uedhoc.a(runtime_context.o)
                              uoscore-uedhoc-psk/build/libuoscore-uedhoc.a(initiator.o) (runtime_context_init)
uoscore-uedhoc-psk/build/libuoscore-uedhoc.a(suites.o)
                              uoscore-uedhoc-psk/build/libuoscore-uedhoc.a(initiator.o) (get_suite)
uoscore-uedhoc-psk/build/libuoscore-uedhoc.a(th.o)
                              uoscore-uedhoc-psk/build/libuoscore-uedhoc.a(initiator.o) (th2_calculate)
uoscore-uedhoc-psk/build/libuoscore-uedhoc.a(byte_array.o)
                              uoscore-uedhoc-psk/build/libuoscore-uedhoc.a(initiator.o) (NULL_ARRAY)
uoscore-uedhoc-psk/build/libuoscore-uedhoc.a(crypto_wrapper.o)
                              uoscore-uedhoc-psk/build/libuoscore-uedhoc.a(initiator.o) (hkdf_extract)
uoscore-uedhoc-psk/build/libuoscore-uedhoc.a(memcpy_s.o)
                              uoscore-uedhoc-psk/build/libuoscore-uedhoc.a(initiator.o) (check_buffer_size)
uoscore-uedhoc-psk/build/libuoscore-uedhoc.a(print_util.o)
                              uoscore-uedhoc-psk/build/libuoscore-uedhoc.a(initiator.o) (handle_runtime_error)
uoscore-uedhoc-psk/build/libuoscore-uedhoc.a(edhoc_decode_int_type.o)
                              uoscore-uedhoc-psk/build/libuoscore-uedhoc.a(int_encode_decode.o) (cbor_decode_int_type_i)
uoscore-uedhoc-psk/build/libuoscore-uedhoc.a(edhoc_encode_int_type.o)
                              uoscore-uedhoc-psk/build/libuoscore-uedhoc.a(int_encode_decode.o) (cbor_encode_int_type_i)
uoscore-uedhoc-psk/build/libuoscore-uedhoc.a(edhoc_encode_message_1.o)
                              uoscore-uedhoc-psk/build/libuoscore-uedhoc.a(initiator.o) (cbor_encode_message_1)
uoscore-uedhoc-psk/build/libuoscore-uedhoc.a(edhoc_encode_th2.o)
                              uoscore-uedhoc-psk/build/libuoscore-uedhoc.a(th.o) (cbor_encode_th2)
uoscore-uedhoc-psk/build/libuoscore-uedhoc.a(bstr_encode_decode.o)
                              uoscore-uedhoc-psk/build/libuoscore-uedhoc.a(initiator.o) (encode_bstr)
uoscore-uedhoc-psk/build/libuoscore-uedhoc.a(ciphertext.o)
                              uoscore-uedhoc-psk/build/libuoscore-uedhoc.a(initiator.o) (ciphertext_decrypt_split_psk)
uoscore-uedhoc-psk/build/libuoscore-uedhoc.a(edhoc_method_type.o)
                              uoscore-uedhoc-psk/build/libuoscore-uedhoc.a(initiator.o) (authentication_type_get)
uoscore-uedhoc-psk/build/libuoscore-uedhoc.a(hkdf_info.o)
                              uoscore-uedhoc-psk/build/libuoscore-uedhoc.a(okm.o) (create_hkdf_info)
uoscore-uedhoc-psk/build/libuoscore-uedhoc.a(plaintext_decode.o)
                              uoscore-uedhoc-psk/build/libuoscore-uedhoc.a(ciphertext.o) (plaintext_split_psk_msg2)
uoscore-uedhoc-psk/build/libuoscore-uedhoc.a(retrieve_cred.o)
                              uoscore-uedhoc-psk/build/libuoscore-uedhoc.a(ciphertext.o) (retrieve_cred)
uoscore-uedhoc-psk/build/libuoscore-uedhoc.a(edhoc_decode_bstr_type.o)
                              uoscore-uedhoc-psk/build/libuoscore-uedhoc.a(bstr_encode_decode.o) (cbor_decode_bstr_type_b_str)
uoscore-uedhoc-psk/build/libuoscore-uedhoc.a(edhoc_decode_id_cred_x.o)
                              uoscore-uedhoc-psk/build/libuoscore-uedhoc.a(retrieve_cred.o) (cbor_decode_id_cred_x_map)
uoscore-uedhoc-psk/build/libuoscore-uedhoc.a(edhoc_encode_bstr_type.o)
                              uoscore-uedhoc-psk/build/libuoscore-uedhoc.a(bstr_encode_decode.o) (cbor_encode_bstr_type_b_str)
uoscore-uedhoc-psk/build/libuoscore-uedhoc.a(edhoc_encode_info.o)
                              uoscore-uedhoc-psk/build/libuoscore-uedhoc.a(hkdf_info.o) (cbor_encode_info)

Discarded input sections

 .text          0x00000000        0x0 build/edhoc_initiator_suite0.o
 .data          0x00000000        0x0 build/edhoc_initiator_suite0.o
 .bss           0x00000000        0x0 build/edhoc_initiator_suite0.o
 .text          0x00000000        0x0 build/kprintf.o
 .data          0x00000000        0x0 build/kprintf.o
 .bss           0x00000000        0x0 build/kprintf.o
 .text.kputs    0x00000000       0x34 build/kprintf.o
 .text          0x00000000        0x0 build/libc_stubs.o
 .data          0x00000000        0x0 build/libc_stubs.o
 .bss           0x00000000        0x0 build/libc_stubs.o
[...]
Memory Configuration

Name             Origin             Length             Attributes
memory_mem       0x80000000         0x00010000         xrw
*default*        0x00000000         0xffffffff

Linker script and memory map

LOAD build/edhoc_initiator_suite0.o
LOAD build/kprintf.o
LOAD build/libc_stubs.o
LOAD build/csprng_stub.o
LOAD build/zcbor_common.o
LOAD build/zcbor_encode.o
LOAD build/zcbor_decode.o
LOAD build/aes_encrypt.o
LOAD build/ccm_mode.o
LOAD build/sha256.o
LOAD build/hmac.o
LOAD build/utils.o
LOAD build/ecc.o
LOAD build/ecc_dh.o
LOAD build/ecc_dsa.o
LOAD build/ecc_platform_specific.o
LOAD build/compact_x25519.o
LOAD build/compact_ed25519.o
LOAD build/compact_wipe.o
LOAD build/c25519.o
LOAD build/ed25519.o
LOAD build/edsign.o
LOAD build/f25519.o
LOAD build/fprime.o
LOAD build/sha512.o
LOAD build/crt0.o
LOAD uoscore-uedhoc-psk/build/libuoscore-uedhoc.a
                0x80000000                        PROVIDE (_ram = ORIGIN (memory_mem))
                0x80010000                        PROVIDE (_ram_end = (_ram + LENGTH (memory_mem)))

.text           0x80000000     0x4ea0
                [!provide]                        PROVIDE (_ftext = .)
 *(.text.init)
 .text.init     0x80000000       0x4a build/crt0.o
                0x80000000                _prog_start
 *(.text.unlikely .text.unlikely.*)
 *(.text .text.* .gnu.linkonce.t.*)
 .text.ead_process
                0x8000004a        0x4 build/edhoc_initiator_suite0.o
                0x8000004a                ead_process
 .text.rx_initiator
                0x8000004e       0x7c build/edhoc_initiator_suite0.o
                0x8000004e                rx_initiator
 .text.tx_initiator
                0x800000ca       0x68 build/edhoc_initiator_suite0.o
                0x800000ca                tx_initiator
 .text.startup.main
                0x80000132      0x178 build/edhoc_initiator_suite0.o
                0x80000132                main
 .text.kputc    0x800002aa        0xe build/kprintf.o
 .text.kprintf  0x800002b8      0x248 build/kprintf.o
                0x800002b8                kprintf
 .text.memcpy   0x80000500       0x1c build/libc_stubs.o
                0x80000500                memcpy
 .text.memset   0x8000051c       0x12 build/libc_stubs.o
                0x8000051c                memset
 .text.memcmp   0x8000052e       0x26 build/libc_stubs.o
                0x8000052e                memcmp
 .text.memmove  0x80000554       0x42 build/libc_stubs.o
                0x80000554                memmove
 .text.zcbor_new_backup
                0x80000596       0x44 build/zcbor_common.o
                0x80000596                zcbor_new_backup
 .text.zcbor_process_backup
                0x800005da       0xa8 build/zcbor_common.o
                0x800005da                zcbor_process_backup
 .text.zcbor_union_start_code
                0x80000682        0x4 build/zcbor_common.o
                0x80000682                zcbor_union_start_code
 .text.zcbor_union_end_code
                0x80000686        0x6 build/zcbor_common.o
                0x80000686                zcbor_union_end_code
 .text.zcbor_new_state
                0x8000068c       0x54 build/zcbor_common.o
                0x8000068c                zcbor_new_state
 .text.zcbor_header_len
                0x800006e0       0x28 build/zcbor_common.o
                0x800006e0                zcbor_header_len
 .text.zcbor_header_len_ptr
                0x80000708       0x2e build/zcbor_common.o
                0x80000708                zcbor_header_len_ptr
 .text.zcbor_entry_function
                0x80000736       0x6e build/zcbor_common.o
                0x80000736                zcbor_entry_function
 .text.encode_header_byte
                0x800007a4       0x28 build/zcbor_encode.o
 .text.value_encode_len
                0x800007cc       0x88 build/zcbor_encode.o
 .text.value_encode
                0x80000854       0x28 build/zcbor_encode.o
 .text.str_encode
                0x8000087c       0x7e build/zcbor_encode.o
 .text.zcbor_int_encode
                0x800008fa       0x58 build/zcbor_encode.o
                0x800008fa                zcbor_int_encode
 .text.zcbor_uint_encode
                0x80000952        0x8 build/zcbor_encode.o
                0x80000952                zcbor_uint_encode
 .text.zcbor_int32_encode
                0x8000095a        0x4 build/zcbor_encode.o
                0x8000095a                zcbor_int32_encode
 .text.zcbor_uint32_encode
                0x8000095e        0x4 build/zcbor_encode.o
                0x8000095e                zcbor_uint32_encode
 .text.zcbor_bstr_encode
                0x80000962        0x4 build/zcbor_encode.o
                0x80000962                zcbor_bstr_encode
 .text.zcbor_list_start_encode
                0x80000966        0x6 build/zcbor_encode.o
                0x80000966                zcbor_list_start_encode
 .text.zcbor_list_end_encode
                0x8000096c        0x6 build/zcbor_encode.o
                0x8000096c                zcbor_list_end_encode
 .text.zcbor_list_map_end_force_encode
                0x80000972        0x4 build/zcbor_encode.o
                0x80000972                zcbor_list_map_end_force_encode
 .text.zcbor_multi_encode
                0x80000976       0x3c build/zcbor_encode.o
                0x80000976                zcbor_multi_encode
 .text.zcbor_multi_encode_minmax
                0x800009b2       0x36 build/zcbor_encode.o
                0x800009b2                zcbor_multi_encode_minmax
 .text.zcbor_error.isra.0
                0x800009e8        0x6 build/zcbor_decode.o
 .text.err_restore
                0x800009ee        0xe build/zcbor_decode.o
 .text.initial_checks
                0x800009fc       0x1e build/zcbor_decode.o
 .text.type_check
                0x80000a1a       0x2c build/zcbor_decode.o
 .text.array_end_expect
                0x80000a46       0x30 build/zcbor_decode.o
 .text.list_map_end_decode
                0x80000a76       0x30 build/zcbor_decode.o
 .text.value_extract
                0x80000aa6       0xcc build/zcbor_decode.o
 .text.str_start_decode_with_overflow_check
                0x80000b72       0x3e build/zcbor_decode.o
 .text.list_map_start_decode
                0x80000bb0       0x76 build/zcbor_decode.o
 .text.zcbor_int_decode
                0x80000c26       0x74 build/zcbor_decode.o
                0x80000c26                zcbor_int_decode
 .text.zcbor_int32_decode
                0x80000c9a        0x4 build/zcbor_decode.o
                0x80000c9a                zcbor_int32_decode
 .text.zcbor_uint_decode
                0x80000c9e       0x2e build/zcbor_decode.o
                0x80000c9e                zcbor_uint_decode
 .text.zcbor_uint64_decode
                0x80000ccc        0x4 build/zcbor_decode.o
                0x80000ccc                zcbor_uint64_decode
 .text.zcbor_uint64_expect
                0x80000cd0       0x34 build/zcbor_decode.o
                0x80000cd0                zcbor_uint64_expect
 .text.zcbor_uint32_expect
                0x80000d04        0x4 build/zcbor_decode.o
                0x80000d04                zcbor_uint32_expect
 .text.zcbor_bstr_decode
                0x80000d08       0x22 build/zcbor_decode.o
                0x80000d08                zcbor_bstr_decode
 .text.zcbor_tstr_decode
                0x80000d2a       0x22 build/zcbor_decode.o
                0x80000d2a                zcbor_tstr_decode
 .text.zcbor_list_start_decode
                0x80000d4c        0x4 build/zcbor_decode.o
                0x80000d4c                zcbor_list_start_decode
 .text.zcbor_map_start_decode
                0x80000d50       0x36 build/zcbor_decode.o
                0x80000d50                zcbor_map_start_decode
 .text.zcbor_list_end_decode
                0x80000d86        0x2 build/zcbor_decode.o
                0x80000d86                zcbor_list_end_decode
 .text.zcbor_map_end_decode
                0x80000d88        0x2 build/zcbor_decode.o
                0x80000d88                zcbor_map_end_decode
 .text.zcbor_list_map_end_force_decode
                0x80000d8a        0x8 build/zcbor_decode.o
                0x80000d8a                zcbor_list_map_end_force_decode
 .text.zcbor_multi_decode
                0x80000d92       0x74 build/zcbor_decode.o
                0x80000d92                zcbor_multi_decode
 .text.zcbor_present_decode
                0x80000e06       0x2c build/zcbor_decode.o
                0x80000e06                zcbor_present_decode
 .text.add_round_key
                0x80000e32       0xda build/aes_encrypt.o
 .text.sub_bytes
                0x80000f0c       0x22 build/aes_encrypt.o
 .text.mult_row_column
                0x80000f2e       0xca build/aes_encrypt.o
 .text.tc_aes128_set_encrypt_key
                0x80000ff8       0xd4 build/aes_encrypt.o
                0x80000ff8                tc_aes128_set_encrypt_key
 .text.tc_aes_encrypt
                0x800010cc      0x1be build/aes_encrypt.o
                0x800010cc                tc_aes_encrypt
 .text.ccm_cbc_mac
                0x8000128a       0x80 build/ccm_mode.o
 .text.ccm_ctr_mode.constprop.0.isra.0
                0x8000130a       0xd8 build/ccm_mode.o
 .text.tc_ccm_config
                0x800013e2       0x3a build/ccm_mode.o
                0x800013e2                tc_ccm_config
 .text.tc_ccm_generation_encryption
                0x8000141c      0x13e build/ccm_mode.o
                0x8000141c                tc_ccm_generation_encryption
 .text.tc_ccm_decryption_verification
                0x8000155a      0x168 build/ccm_mode.o
                0x8000155a                tc_ccm_decryption_verification
 .text.compress
                0x800016c2      0x286 build/sha256.o
 .text.tc_sha256_init
                0x80001948       0x70 build/sha256.o
                0x80001948                tc_sha256_init
 .text.tc_sha256_update
                0x800019b8       0x72 build/sha256.o
                0x800019b8                tc_sha256_update
 .text.tc_sha256_final
                0x80001a2a       0xfc build/sha256.o
                0x80001a2a                tc_sha256_final
 .text.rekey    0x80001b26       0x48 build/hmac.o
 .text.tc_hmac_set_key
                0x80001b6e       0x84 build/hmac.o
                0x80001b6e                tc_hmac_set_key
 .text.tc_hmac_init
                0x80001bf2       0x26 build/hmac.o
                0x80001bf2                tc_hmac_init
 .text.tc_hmac_update
                0x80001c18       0x12 build/hmac.o
                0x80001c18                tc_hmac_update
 .text.tc_hmac_final
                0x80001c2a       0x5c build/hmac.o
                0x80001c2a                tc_hmac_final
 .text._copy    0x80001c86       0x22 build/utils.o
                0x80001c86                _copy
 .text._set     0x80001ca8        0x4 build/utils.o
                0x80001ca8                _set
 .text._double_byte
                0x80001cac       0x14 build/utils.o
                0x80001cac                _double_byte
 .text._compare
                0x80001cc0       0x26 build/utils.o
                0x80001cc0                _compare
 .text.compact_x25519_keygen
                0x80001ce6       0x54 build/compact_x25519.o
                0x80001ce6                compact_x25519_keygen
 .text.compact_wipe
                0x80001d3a       0x12 build/compact_wipe.o
                0x80001d3a                compact_wipe
 .text.xc_diffadd
                0x80001d4c       0x8e build/c25519.o
 .text.c25519_smult
                0x80001dda      0x152 build/c25519.o
                0x80001dda                c25519_smult
 .text.f25519_select
                0x80001f2c       0x34 build/f25519.o
                0x80001f2c                f25519_select
 .text.f25519_normalize
                0x80001f60       0x72 build/f25519.o
                0x80001f60                f25519_normalize
 .text.f25519_add
                0x80001fd2       0x60 build/f25519.o
                0x80001fd2                f25519_add
 .text.f25519_sub
                0x80002032       0x6a build/f25519.o
                0x80002032                f25519_sub
 .text.f25519_mul__distinct
                0x8000209c       0x90 build/f25519.o
                0x8000209c                f25519_mul__distinct
 .text.f25519_mul_c
                0x8000212c       0x52 build/f25519.o
                0x8000212c                f25519_mul_c
 .text.f25519_inv__distinct
                0x8000217e       0x80 build/f25519.o
                0x8000217e                f25519_inv__distinct
 .text          0x800021fe      0x7c6 uoscore-uedhoc-psk/build/libuoscore-uedhoc.a(initiator.o)
                0x800021fe                msg1_gen
                0x800022fe                msg3_gen
                0x80002818                edhoc_initiator_run_extended
                0x80002964                edhoc_initiator_run
 .text          0x800029c4       0xf4 uoscore-uedhoc-psk/build/libuoscore-uedhoc.a(int_encode_decode.o)
                0x800029c4                c_x_is_encoded_int
                0x80002a2e                c_r_is_raw_int
                0x80002a46                encode_int
                0x80002a7c                decode_int
 .text          0x80002ab8       0xd2 uoscore-uedhoc-psk/build/libuoscore-uedhoc.a(okm.o)
                0x80002ab8                edhoc_kdf
 .text          0x80002b8a       0xb2 uoscore-uedhoc-psk/build/libuoscore-uedhoc.a(prk.o)
                0x80002b8a                prk_derive
                0x80002ba0                prk_derive_psk
 .text          0x80002c3c       0x60 uoscore-uedhoc-psk/build/libuoscore-uedhoc.a(runtime_context.o)
                0x80002c3c                runtime_context_init
 .text          0x80002c9c       0x40 uoscore-uedhoc-psk/build/libuoscore-uedhoc.a(suites.o)
                0x80002c9c                get_suite
                0x80002cbe                get_hash_len
                0x80002cc4                get_aead_mac_len
                0x80002cc8                get_aead_key_len
                0x80002ccc                get_aead_iv_len
                0x80002cd0                get_signature_len
                0x80002cd6                get_ecdh_pk_len
 .text          0x80002cdc      0x4e2 uoscore-uedhoc-psk/build/libuoscore-uedhoc.a(th.o)
                0x80002cdc                th34_calculate
                0x80002e08                th2_calculate
                0x80002fd8                th3_calculate_psk
                0x80003094                th4_calculate_psk
 .text          0x800031be       0xc2 uoscore-uedhoc-psk/build/libuoscore-uedhoc.a(byte_array.o)
                0x800031be                byte_array_append
                0x80003214                byte_array_cpy
                0x80003252                array_equals
 .text          0x80003280      0x4a8 uoscore-uedhoc-psk/build/libuoscore-uedhoc.a(crypto_wrapper.o)
                0x80003472                aead
                0x80003534                sign
                0x80003538                verify
                0x80003540                hkdf_extract
                0x80003554                hkdf_expand
                0x80003568                hkdf_sha_256
                0x800035d8                shared_secret_derive
                0x8000362a                ephemeral_dh_key_gen
                0x800036b8                hash
 .text          0x80003728       0x40 uoscore-uedhoc-psk/build/libuoscore-uedhoc.a(memcpy_s.o)
                0x80003728                check_buffer_size
                0x8000372e                _memcpy_s
 .text          0x80003768       0x9e uoscore-uedhoc-psk/build/libuoscore-uedhoc.a(print_util.o)
                0x80003768                print_array
                0x800037e2                handle_runtime_error
                0x800037f4                handle_external_runtime_error
 .text          0x80003806       0x20 uoscore-uedhoc-psk/build/libuoscore-uedhoc.a(edhoc_decode_int_type.o)
                0x8000380a                cbor_decode_int_type_i
 .text          0x80003826       0x20 uoscore-uedhoc-psk/build/libuoscore-uedhoc.a(edhoc_encode_int_type.o)
                0x8000382a                cbor_encode_int_type_i
 .text          0x80003846       0xce uoscore-uedhoc-psk/build/libuoscore-uedhoc.a(edhoc_encode_message_1.o)
                0x800038f8                cbor_encode_message_1
 .text          0x80003914       0x44 uoscore-uedhoc-psk/build/libuoscore-uedhoc.a(edhoc_encode_th2.o)
                0x8000393c                cbor_encode_th2
 .text          0x80003958       0x9c uoscore-uedhoc-psk/build/libuoscore-uedhoc.a(bstr_encode_decode.o)
                0x80003958                encode_bstr
                0x80003994                decode_bstr
 .text          0x800039f4      0xda0 uoscore-uedhoc-psk/build/libuoscore-uedhoc.a(ciphertext.o)
                0x80003ad4                ciphertext_gen_psk
                0x80003d94                ciphertext_decrypt_split_psk
                0x80003f52                ciphertext_gen_psk_msg3
                0x80004386                ciphertext_decrypt_split_psk_msg3
 .text          0x80004794       0x12 uoscore-uedhoc-psk/build/libuoscore-uedhoc.a(edhoc_method_type.o)
                0x80004794                authentication_type_get
                0x8000479e                is_psk_authentication
 .text          0x800047a6       0x4c uoscore-uedhoc-psk/build/libuoscore-uedhoc.a(hkdf_info.o)
                0x800047a6                create_hkdf_info
 .text          0x800047f2      0x10a uoscore-uedhoc-psk/build/libuoscore-uedhoc.a(plaintext_decode.o)
                0x800047f2                plaintext_split_psk_msg2
 .text          0x800048fc      0x13e uoscore-uedhoc-psk/build/libuoscore-uedhoc.a(retrieve_cred.o)
                0x800048fc                retrieve_cred
 .text          0x80004a3a       0x20 uoscore-uedhoc-psk/build/libuoscore-uedhoc.a(edhoc_decode_bstr_type.o)
                0x80004a3e                cbor_decode_bstr_type_b_str
 .text          0x80004a5a      0x396 uoscore-uedhoc-psk/build/libuoscore-uedhoc.a(edhoc_decode_id_cred_x.o)
                0x80004dd4                cbor_decode_id_cred_x_map
 .text          0x80004df0       0x20 uoscore-uedhoc-psk/build/libuoscore-uedhoc.a(edhoc_encode_bstr_type.o)
                0x80004df4                cbor_encode_bstr_type_b_str
 .text          0x80004e10       0x50 uoscore-uedhoc-psk/build/libuoscore-uedhoc.a(edhoc_encode_info.o)
                0x80004e44                cbor_encode_info
                [!provide]                        PROVIDE (_etext = .)
                0x80004ea0                        . = (. + 0x40)
 *fill*         0x80004e60       0x40 

.eh_frame       0x80004ea0        0x0
 *(.eh_frame)

.srodata        0x80004ea0       0x23
 *(.srodata.*)
 .srodata.cred_r
                0x80004ea0        0x6 build/edhoc_initiator_suite0.o
 *fill*         0x80004ea6        0x2 
 .srodata.cred_i
                0x80004ea8        0x6 build/edhoc_initiator_suite0.o
 *fill*         0x80004eae        0x2 
 .srodata.id_cred_psk
                0x80004eb0        0x4 build/edhoc_initiator_suite0.o
 .srodata.suites
                0x80004eb4        0x1 build/edhoc_initiator_suite0.o
 *fill*         0x80004eb5        0x3 
 .srodata.c_i   0x80004eb8        0x1 build/edhoc_initiator_suite0.o
 *fill*         0x80004eb9        0x3 
 .srodata.CSWTCH.5
                0x80004ebc        0x7 build/zcbor_encode.o

.data           0x80004ec8        0x0
 *(.data .data.* .gnu.linkonce.d.*)
 *(.tohost)

.sdata          0x80004ec8        0x0
 *(.sdata .sdata.* .gnu.linkonce.s.*)

.rodata         0x80004ec8      0x59c
 *(.rodata .rodata.* .gnu.linkonce.r.*)
 .rodata.main.str1.4
                0x80004ec8      0x2e2 build/edhoc_initiator_suite0.o
                                 0x5d (size before relaxing)
 *fill*         0x800051aa        0x2 
 .rodata.psk    0x800051ac       0x10 build/edhoc_initiator_suite0.o
 .rodata.x_i    0x800051bc       0x20 build/edhoc_initiator_suite0.o
 .rodata.sbox   0x800051dc      0x100 build/aes_encrypt.o
 .rodata        0x800052dc       0x2c build/aes_encrypt.o
 .rodata.k256   0x80005308      0x100 build/sha256.o
 .rodata.c25519_base_x
                0x80005408       0x20 build/c25519.o
                0x80005408                c25519_base_x
 .rodata.f25519_one
                0x80005428       0x20 build/f25519.o
                0x80005428                f25519_one
 .rodata.str1.4
                0x80005448       0xbb uoscore-uedhoc-psk/build/libuoscore-uedhoc.a(initiator.o)
 .rodata.str1.4
                0x80005448       0x1e uoscore-uedhoc-psk/build/libuoscore-uedhoc.a(int_encode_decode.o)
 .rodata.str1.4
                0x80005448       0x10 uoscore-uedhoc-psk/build/libuoscore-uedhoc.a(okm.o)
 .rodata.str1.4
                0x80005448       0x10 uoscore-uedhoc-psk/build/libuoscore-uedhoc.a(prk.o)
 .rodata.str1.4
                0x80005448        0xf uoscore-uedhoc-psk/build/libuoscore-uedhoc.a(th.o)
 .rodata.str1.4
                0x80005448       0x18 uoscore-uedhoc-psk/build/libuoscore-uedhoc.a(byte_array.o)
 .rodata.str1.4
                0x80005448       0x1c uoscore-uedhoc-psk/build/libuoscore-uedhoc.a(crypto_wrapper.o)
 .rodata.str1.4
                0x80005448       0x16 uoscore-uedhoc-psk/build/libuoscore-uedhoc.a(memcpy_s.o)
 .rodata.str1.4
                0x80005448       0x6f uoscore-uedhoc-psk/build/libuoscore-uedhoc.a(print_util.o)
 .rodata.str1.4
                0x80005448       0x1f uoscore-uedhoc-psk/build/libuoscore-uedhoc.a(bstr_encode_decode.o)
 .rodata.str1.4
                0x80005448       0x4b uoscore-uedhoc-psk/build/libuoscore-uedhoc.a(ciphertext.o)
 .rodata.str1.4
                0x80005448       0x16 uoscore-uedhoc-psk/build/libuoscore-uedhoc.a(hkdf_info.o)
 .rodata.str1.4
                0x80005448       0x1d uoscore-uedhoc-psk/build/libuoscore-uedhoc.a(plaintext_decode.o)
 .rodata        0x80005448       0x1c uoscore-uedhoc-psk/build/libuoscore-uedhoc.a(plaintext_decode.o)
 .rodata.str1.4
                0x80005464       0x1a uoscore-uedhoc-psk/build/libuoscore-uedhoc.a(retrieve_cred.o)
 *(.dtb)
                [!provide]                        PROVIDE (_data = ADDR (.rodata))
                [!provide]                        PROVIDE (_data_lma = LOADADDR (.rodata))
                [!provide]                        PROVIDE (_edata = .)

.rela.dyn       0x80005464        0x0
 .rela.text.init
                0x80005464        0x0 build/edhoc_initiator_suite0.o

.bss            0x80005468       0x30
                0x80005468                        PROVIDE (_fbss = .)
                [!provide]                        PROVIDE (__global_pointer$ = (. + 0x7c0))
 *(.sbss .sbss.* .gnu.linkonce.sb.*)
 .sbss          0x80005468        0x9 uoscore-uedhoc-psk/build/libuoscore-uedhoc.a(byte_array.o)
                0x80005468                NULL_ARRAY
                0x80005470                EMPTY_STRING
 *(.bss .bss.* .gnu.linkonce.b.*)
 *fill*         0x80005471        0x3 
 .bss.g_x       0x80005474       0x20 build/edhoc_initiator_suite0.o
                0x80005498                        . = ALIGN (0x8)
 *fill*         0x80005494        0x4 
                0x80005498                        PROVIDE (_ebss = .)
                0x80005498                        PROVIDE (_end = .)
                0x80005498                        PROVIDE (_heap_start = _end)
                0x8000f800                        PROVIDE (_heap_end = (_ram_end - 0x800))
                [!provide]                        PROVIDE (_sp = _ram_end)
                0x00000001                        ASSERT ((_end <= (_ram_end - 0x800)), ERROR: Program too large! Need to leave 2KB for stack.)
                0x00005498                        _program_size = (_end - _ram)
                0x0000a368                        _available_heap = (_heap_end - _heap_start)
                0x00000800                        _stack_size = 0x800
OUTPUT(build/edhoc_initiator.elf elf32-littleriscv)

.comment        0x00000000       0x19
 .comment       0x00000000       0x19 build/edhoc_initiator_suite0.o
                                 0x1a (size before relaxing)
 .comment       0x00000019       0x1a build/kprintf.o
 .comment       0x00000019       0x1a build/libc_stubs.o
 .comment       0x00000019       0x1a build/zcbor_common.o
 .comment       0x00000019       0x1a build/zcbor_encode.o
 .comment       0x00000019       0x1a build/zcbor_decode.o
 .comment       0x00000019       0x1a build/aes_encrypt.o
 .comment       0x00000019       0x1a build/ccm_mode.o
 .comment       0x00000019       0x1a build/sha256.o
 .comment       0x00000019       0x1a build/hmac.o
 .comment       0x00000019       0x1a build/utils.o
 .comment       0x00000019       0x1a build/compact_x25519.o
 .comment       0x00000019       0x1a build/compact_wipe.o
 .comment       0x00000019       0x1a build/c25519.o
 .comment       0x00000019       0x1a build/f25519.o
 .comment       0x00000019       0x1a uoscore-uedhoc-psk/build/libuoscore-uedhoc.a(initiator.o)
 .comment       0x00000019       0x1a uoscore-uedhoc-psk/build/libuoscore-uedhoc.a(int_encode_decode.o)
 .comment       0x00000019       0x1a uoscore-uedhoc-psk/build/libuoscore-uedhoc.a(okm.o)
 .comment       0x00000019       0x1a uoscore-uedhoc-psk/build/libuoscore-uedhoc.a(prk.o)
 .comment       0x00000019       0x1a uoscore-uedhoc-psk/build/libuoscore-uedhoc.a(runtime_context.o)
 .comment       0x00000019       0x1a uoscore-uedhoc-psk/build/libuoscore-uedhoc.a(suites.o)
 .comment       0x00000019       0x1a uoscore-uedhoc-psk/build/libuoscore-uedhoc.a(th.o)
 .comment       0x00000019       0x1a uoscore-uedhoc-psk/build/libuoscore-uedhoc.a(byte_array.o)
 .comment       0x00000019       0x1a uoscore-uedhoc-psk/build/libuoscore-uedhoc.a(crypto_wrapper.o)
 .comment       0x00000019       0x1a uoscore-uedhoc-psk/build/libuoscore-uedhoc.a(memcpy_s.o)
 .comment       0x00000019       0x1a uoscore-uedhoc-psk/build/libuoscore-uedhoc.a(print_util.o)
 .comment       0x00000019       0x1a uoscore-uedhoc-psk/build/libuoscore-uedhoc.a(edhoc_decode_int_type.o)
 .comment       0x00000019       0x1a uoscore-uedhoc-psk/build/libuoscore-uedhoc.a(edhoc_encode_int_type.o)
 .comment       0x00000019       0x1a uoscore-uedhoc-psk/build/libuoscore-uedhoc.a(edhoc_encode_message_1.o)
 .comment       0x00000019       0x1a uoscore-uedhoc-psk/build/libuoscore-uedhoc.a(edhoc_encode_th2.o)
 .comment       0x00000019       0x1a uoscore-uedhoc-psk/build/libuoscore-uedhoc.a(bstr_encode_decode.o)
 .comment       0x00000019       0x1a uoscore-uedhoc-psk/build/libuoscore-uedhoc.a(ciphertext.o)
 .comment       0x00000019       0x1a uoscore-uedhoc-psk/build/libuoscore-uedhoc.a(edhoc_method_type.o)
 .comment       0x00000019       0x1a uoscore-uedhoc-psk/build/libuoscore-uedhoc.a(hkdf_info.o)
 .comment       0x00000019       0x1a uoscore-uedhoc-psk/build/libuoscore-uedhoc.a(plaintext_decode.o)
 .comment       0x00000019       0x1a uoscore-uedhoc-psk/build/libuoscore-uedhoc.a(retrieve_cred.o)
 .comment       0x00000019       0x1a uoscore-uedhoc-psk/build/libuoscore-uedhoc.a(edhoc_decode_bstr_type.o)
 .comment       0x00000019       0x1a uoscore-uedhoc-psk/build/libuoscore-uedhoc.a(edhoc_decode_id_cred_x.o)
 .comment       0x00000019       0x1a uoscore-uedhoc-psk/build/libuoscore-uedhoc.a(edhoc_encode_bstr_type.o)
 .comment       0x00000019       0x1a uoscore-uedhoc-psk/build/libuoscore-uedhoc.a(edhoc_encode_info.o)

.note.GNU-stack
                0x00000000        0x0
 .note.GNU-stack
                0x00000000        0x0 build/edhoc_initiator_suite0.o
 .note.GNU-stack
                0x00000000        0x0 build/kprintf.o
 .note.GNU-stack
                0x00000000        0x0 build/libc_stubs.o
 .note.GNU-stack
                0x00000000        0x0 build/zcbor_common.o
 .note.GNU-stack
                0x00000000        0x0 build/zcbor_encode.o
 .note.GNU-stack
                0x00000000        0x0 build/zcbor_decode.o
 .note.GNU-stack
                0x00000000        0x0 build/aes_encrypt.o
 .note.GNU-stack
                0x00000000        0x0 build/ccm_mode.o
 .note.GNU-stack
                0x00000000        0x0 build/sha256.o
 .note.GNU-stack
                0x00000000        0x0 build/hmac.o
 .note.GNU-stack
                0x00000000        0x0 build/utils.o
 .note.GNU-stack
                0x00000000        0x0 build/compact_x25519.o
 .note.GNU-stack
                0x00000000        0x0 build/compact_wipe.o
 .note.GNU-stack
                0x00000000        0x0 build/c25519.o
 .note.GNU-stack
                0x00000000        0x0 build/f25519.o
 .note.GNU-stack
                0x00000000        0x0 uoscore-uedhoc-psk/build/libuoscore-uedhoc.a(initiator.o)
 .note.GNU-stack
                0x00000000        0x0 uoscore-uedhoc-psk/build/libuoscore-uedhoc.a(int_encode_decode.o)
 .note.GNU-stack
                0x00000000        0x0 uoscore-uedhoc-psk/build/libuoscore-uedhoc.a(okm.o)
 .note.GNU-stack
                0x00000000        0x0 uoscore-uedhoc-psk/build/libuoscore-uedhoc.a(prk.o)
 .note.GNU-stack
                0x00000000        0x0 uoscore-uedhoc-psk/build/libuoscore-uedhoc.a(runtime_context.o)
 .note.GNU-stack
                0x00000000        0x0 uoscore-uedhoc-psk/build/libuoscore-uedhoc.a(suites.o)
 .note.GNU-stack
                0x00000000        0x0 uoscore-uedhoc-psk/build/libuoscore-uedhoc.a(th.o)
 .note.GNU-stack
                0x00000000        0x0 uoscore-uedhoc-psk/build/libuoscore-uedhoc.a(byte_array.o)
 .note.GNU-stack
                0x00000000        0x0 uoscore-uedhoc-psk/build/libuoscore-uedhoc.a(crypto_wrapper.o)
 .note.GNU-stack
                0x00000000        0x0 uoscore-uedhoc-psk/build/libuoscore-uedhoc.a(memcpy_s.o)
 .note.GNU-stack
                0x00000000        0x0 uoscore-uedhoc-psk/build/libuoscore-uedhoc.a(print_util.o)
 .note.GNU-stack
                0x00000000        0x0 uoscore-uedhoc-psk/build/libuoscore-uedhoc.a(edhoc_decode_int_type.o)
 .note.GNU-stack
                0x00000000        0x0 uoscore-uedhoc-psk/build/libuoscore-uedhoc.a(edhoc_encode_int_type.o)
 .note.GNU-stack
                0x00000000        0x0 uoscore-uedhoc-psk/build/libuoscore-uedhoc.a(edhoc_encode_message_1.o)
 .note.GNU-stack
                0x00000000        0x0 uoscore-uedhoc-psk/build/libuoscore-uedhoc.a(edhoc_encode_th2.o)
 .note.GNU-stack
                0x00000000        0x0 uoscore-uedhoc-psk/build/libuoscore-uedhoc.a(bstr_encode_decode.o)
 .note.GNU-stack
                0x00000000        0x0 uoscore-uedhoc-psk/build/libuoscore-uedhoc.a(ciphertext.o)
 .note.GNU-stack
                0x00000000        0x0 uoscore-uedhoc-psk/build/libuoscore-uedhoc.a(edhoc_method_type.o)
 .note.GNU-stack
                0x00000000        0x0 uoscore-uedhoc-psk/build/libuoscore-uedhoc.a(hkdf_info.o)
 .note.GNU-stack
                0x00000000        0x0 uoscore-uedhoc-psk/build/libuoscore-uedhoc.a(plaintext_decode.o)
 .note.GNU-stack
                0x00000000        0x0 uoscore-uedhoc-psk/build/libuoscore-uedhoc.a(retrieve_cred.o)
 .note.GNU-stack
                0x00000000        0x0 uoscore-uedhoc-psk/build/libuoscore-uedhoc.a(edhoc_decode_bstr_type.o)
 .note.GNU-stack
                0x00000000        0x0 uoscore-uedhoc-psk/build/libuoscore-uedhoc.a(edhoc_decode_id_cred_x.o)
 .note.GNU-stack
                0x00000000        0x0 uoscore-uedhoc-psk/build/libuoscore-uedhoc.a(edhoc_encode_bstr_type.o)
 .note.GNU-stack
                0x00000000        0x0 uoscore-uedhoc-psk/build/libuoscore-uedhoc.a(edhoc_encode_info.o)

.riscv.attributes
                0x00000000       0x67
 .riscv.attributes
                0x00000000       0x63 build/edhoc_initiator_suite0.o
 .riscv.attributes
                0x00000063       0x63 build/kprintf.o
 .riscv.attributes
                0x000000c6       0x63 build/libc_stubs.o
 .riscv.attributes
                0x00000129       0x63 build/zcbor_common.o
 .riscv.attributes
                0x0000018c       0x63 build/zcbor_encode.o
 .riscv.attributes
                0x000001ef       0x63 build/zcbor_decode.o
 .riscv.attributes
                0x00000252       0x63 build/aes_encrypt.o
 .riscv.attributes
                0x000002b5       0x63 build/ccm_mode.o
 .riscv.attributes
                0x00000318       0x63 build/sha256.o
 .riscv.attributes
                0x0000037b       0x63 build/hmac.o
 .riscv.attributes
                0x000003de       0x63 build/utils.o
 .riscv.attributes
                0x00000441       0x63 build/compact_x25519.o
 .riscv.attributes
                0x000004a4       0x63 build/compact_wipe.o
 .riscv.attributes
                0x00000507       0x63 build/c25519.o
 .riscv.attributes
                0x0000056a       0x63 build/f25519.o
 .riscv.attributes
                0x000005cd       0x65 build/crt0.o
 .riscv.attributes
                0x00000632       0x63 uoscore-uedhoc-psk/build/libuoscore-uedhoc.a(initiator.o)
 .riscv.attributes
                0x00000695       0x63 uoscore-uedhoc-psk/build/libuoscore-uedhoc.a(int_encode_decode.o)
 .riscv.attributes
                0x000006f8       0x63 uoscore-uedhoc-psk/build/libuoscore-uedhoc.a(okm.o)
 .riscv.attributes
                0x0000075b       0x63 uoscore-uedhoc-psk/build/libuoscore-uedhoc.a(prk.o)
 .riscv.attributes
                0x000007be       0x63 uoscore-uedhoc-psk/build/libuoscore-uedhoc.a(runtime_context.o)
 .riscv.attributes
                0x00000821       0x63 uoscore-uedhoc-psk/build/libuoscore-uedhoc.a(suites.o)
 .riscv.attributes
                0x00000884       0x63 uoscore-uedhoc-psk/build/libuoscore-uedhoc.a(th.o)
 .riscv.attributes
                0x000008e7       0x63 uoscore-uedhoc-psk/build/libuoscore-uedhoc.a(byte_array.o)
 .riscv.attributes
                0x0000094a       0x63 uoscore-uedhoc-psk/build/libuoscore-uedhoc.a(crypto_wrapper.o)
 .riscv.attributes
                0x000009ad       0x63 uoscore-uedhoc-psk/build/libuoscore-uedhoc.a(memcpy_s.o)
 .riscv.attributes
                0x00000a10       0x63 uoscore-uedhoc-psk/build/libuoscore-uedhoc.a(print_util.o)
 .riscv.attributes
                0x00000a73       0x63 uoscore-uedhoc-psk/build/libuoscore-uedhoc.a(edhoc_decode_int_type.o)
 .riscv.attributes
                0x00000ad6       0x63 uoscore-uedhoc-psk/build/libuoscore-uedhoc.a(edhoc_encode_int_type.o)
 .riscv.attributes
                0x00000b39       0x63 uoscore-uedhoc-psk/build/libuoscore-uedhoc.a(edhoc_encode_message_1.o)
 .riscv.attributes
                0x00000b9c       0x63 uoscore-uedhoc-psk/build/libuoscore-uedhoc.a(edhoc_encode_th2.o)
 .riscv.attributes
                0x00000bff       0x63 uoscore-uedhoc-psk/build/libuoscore-uedhoc.a(bstr_encode_decode.o)
 .riscv.attributes
                0x00000c62       0x63 uoscore-uedhoc-psk/build/libuoscore-uedhoc.a(ciphertext.o)
 .riscv.attributes
                0x00000cc5       0x63 uoscore-uedhoc-psk/build/libuoscore-uedhoc.a(edhoc_method_type.o)
 .riscv.attributes
                0x00000d28       0x63 uoscore-uedhoc-psk/build/libuoscore-uedhoc.a(hkdf_info.o)
 .riscv.attributes
                0x00000d8b       0x63 uoscore-uedhoc-psk/build/libuoscore-uedhoc.a(plaintext_decode.o)
 .riscv.attributes
                0x00000dee       0x63 uoscore-uedhoc-psk/build/libuoscore-uedhoc.a(retrieve_cred.o)
 .riscv.attributes
                0x00000e51       0x63 uoscore-uedhoc-psk/build/libuoscore-uedhoc.a(edhoc_decode_bstr_type.o)
 .riscv.attributes
                0x00000eb4       0x63 uoscore-uedhoc-psk/build/libuoscore-uedhoc.a(edhoc_decode_id_cred_x.o)
 .riscv.attributes
                0x00000f17       0x63 uoscore-uedhoc-psk/build/libuoscore-uedhoc.a(edhoc_encode_bstr_type.o)
 .riscv.attributes
                0x00000f7a       0x63 uoscore-uedhoc-psk/build/libuoscore-uedhoc.a(edhoc_encode_info.o)

.debug_info     0x00000000     0xd54b
 .debug_info    0x00000000     0x1fad uoscore-uedhoc-psk/build/libuoscore-uedhoc.a(initiator.o)
 .debug_info    0x00001fad      0x4f2 uoscore-uedhoc-psk/build/libuoscore-uedhoc.a(int_encode_decode.o)
 .debug_info    0x0000249f      0x439 uoscore-uedhoc-psk/build/libuoscore-uedhoc.a(okm.o)
 .debug_info    0x000028d8      0x6eb uoscore-uedhoc-psk/build/libuoscore-uedhoc.a(prk.o)
 .debug_info    0x00002fc3      0x348 uoscore-uedhoc-psk/build/libuoscore-uedhoc.a(runtime_context.o)
 .debug_info    0x0000330b      0x441 uoscore-uedhoc-psk/build/libuoscore-uedhoc.a(suites.o)
 .debug_info    0x0000374c      0xeb4 uoscore-uedhoc-psk/build/libuoscore-uedhoc.a(th.o)
 .debug_info    0x00004600      0x488 uoscore-uedhoc-psk/build/libuoscore-uedhoc.a(byte_array.o)
 .debug_info    0x00004a88     0x150d uoscore-uedhoc-psk/build/libuoscore-uedhoc.a(crypto_wrapper.o)
 .debug_info    0x00005f95      0x3b0 uoscore-uedhoc-psk/build/libuoscore-uedhoc.a(memcpy_s.o)
 .debug_info    0x00006345      0x284 uoscore-uedhoc-psk/build/libuoscore-uedhoc.a(print_util.o)
 .debug_info    0x000065c9      0x3df uoscore-uedhoc-psk/build/libuoscore-uedhoc.a(edhoc_decode_int_type.o)
 .debug_info    0x000069a8      0x3e4 uoscore-uedhoc-psk/build/libuoscore-uedhoc.a(edhoc_encode_int_type.o)
 .debug_info    0x00006d8c      0x6f5 uoscore-uedhoc-psk/build/libuoscore-uedhoc.a(edhoc_encode_message_1.o)
 .debug_info    0x00007481      0x43e uoscore-uedhoc-psk/build/libuoscore-uedhoc.a(edhoc_encode_th2.o)
 .debug_info    0x000078bf      0x4e4 uoscore-uedhoc-psk/build/libuoscore-uedhoc.a(bstr_encode_decode.o)
 .debug_info    0x00007da3     0x25a3 uoscore-uedhoc-psk/build/libuoscore-uedhoc.a(ciphertext.o)
 .debug_info    0x0000a346      0x12d uoscore-uedhoc-psk/build/libuoscore-uedhoc.a(edhoc_method_type.o)
 .debug_info    0x0000a473      0x3e8 uoscore-uedhoc-psk/build/libuoscore-uedhoc.a(hkdf_info.o)
 .debug_info    0x0000a85b      0x6d7 uoscore-uedhoc-psk/build/libuoscore-uedhoc.a(plaintext_decode.o)
 .debug_info    0x0000af32      0x922 uoscore-uedhoc-psk/build/libuoscore-uedhoc.a(retrieve_cred.o)
 .debug_info    0x0000b854      0x3ef uoscore-uedhoc-psk/build/libuoscore-uedhoc.a(edhoc_decode_bstr_type.o)
 .debug_info    0x0000bc43     0x1074 uoscore-uedhoc-psk/build/libuoscore-uedhoc.a(edhoc_decode_id_cred_x.o)
 .debug_info    0x0000ccb7      0x3f4 uoscore-uedhoc-psk/build/libuoscore-uedhoc.a(edhoc_encode_bstr_type.o)
 .debug_info    0x0000d0ab      0x4a0 uoscore-uedhoc-psk/build/libuoscore-uedhoc.a(edhoc_encode_info.o)

.debug_abbrev   0x00000000     0x2ef7
 .debug_abbrev  0x00000000      0x412 uoscore-uedhoc-psk/build/libuoscore-uedhoc.a(initiator.o)
 .debug_abbrev  0x00000412      0x183 uoscore-uedhoc-psk/build/libuoscore-uedhoc.a(int_encode_decode.o)
 .debug_abbrev  0x00000595      0x1ac uoscore-uedhoc-psk/build/libuoscore-uedhoc.a(okm.o)
 .debug_abbrev  0x00000741      0x1ed uoscore-uedhoc-psk/build/libuoscore-uedhoc.a(prk.o)
 .debug_abbrev  0x0000092e      0x111 uoscore-uedhoc-psk/build/libuoscore-uedhoc.a(runtime_context.o)
 .debug_abbrev  0x00000a3f      0x103 uoscore-uedhoc-psk/build/libuoscore-uedhoc.a(suites.o)
 .debug_abbrev  0x00000b42      0x2ac uoscore-uedhoc-psk/build/libuoscore-uedhoc.a(th.o)
 .debug_abbrev  0x00000dee      0x1e9 uoscore-uedhoc-psk/build/libuoscore-uedhoc.a(byte_array.o)
 .debug_abbrev  0x00000fd7      0x321 uoscore-uedhoc-psk/build/libuoscore-uedhoc.a(crypto_wrapper.o)
 .debug_abbrev  0x000012f8      0x18c uoscore-uedhoc-psk/build/libuoscore-uedhoc.a(memcpy_s.o)
 .debug_abbrev  0x00001484       0xfa uoscore-uedhoc-psk/build/libuoscore-uedhoc.a(print_util.o)
 .debug_abbrev  0x0000157e      0x191 uoscore-uedhoc-psk/build/libuoscore-uedhoc.a(edhoc_decode_int_type.o)
 .debug_abbrev  0x0000170f      0x191 uoscore-uedhoc-psk/build/libuoscore-uedhoc.a(edhoc_encode_int_type.o)
 .debug_abbrev  0x000018a0      0x1e0 uoscore-uedhoc-psk/build/libuoscore-uedhoc.a(edhoc_encode_message_1.o)
 .debug_abbrev  0x00001a80      0x1c0 uoscore-uedhoc-psk/build/libuoscore-uedhoc.a(edhoc_encode_th2.o)
 .debug_abbrev  0x00001c40      0x1a5 uoscore-uedhoc-psk/build/libuoscore-uedhoc.a(bstr_encode_decode.o)
 .debug_abbrev  0x00001de5      0x378 uoscore-uedhoc-psk/build/libuoscore-uedhoc.a(ciphertext.o)
 .debug_abbrev  0x0000215d       0xcb uoscore-uedhoc-psk/build/libuoscore-uedhoc.a(edhoc_method_type.o)
 .debug_abbrev  0x00002228      0x16f uoscore-uedhoc-psk/build/libuoscore-uedhoc.a(hkdf_info.o)
 .debug_abbrev  0x00002397      0x211 uoscore-uedhoc-psk/build/libuoscore-uedhoc.a(plaintext_decode.o)
 .debug_abbrev  0x000025a8      0x284 uoscore-uedhoc-psk/build/libuoscore-uedhoc.a(retrieve_cred.o)
 .debug_abbrev  0x0000282c      0x1a2 uoscore-uedhoc-psk/build/libuoscore-uedhoc.a(edhoc_decode_bstr_type.o)
 .debug_abbrev  0x000029ce      0x1e1 uoscore-uedhoc-psk/build/libuoscore-uedhoc.a(edhoc_decode_id_cred_x.o)
 .debug_abbrev  0x00002baf      0x1a2 uoscore-uedhoc-psk/build/libuoscore-uedhoc.a(edhoc_encode_bstr_type.o)
 .debug_abbrev  0x00002d51      0x1a6 uoscore-uedhoc-psk/build/libuoscore-uedhoc.a(edhoc_encode_info.o)

.debug_loc      0x00000000     0x6ac2
 .debug_loc     0x00000000      0xe91 uoscore-uedhoc-psk/build/libuoscore-uedhoc.a(initiator.o)
 .debug_loc     0x00000e91      0x28f uoscore-uedhoc-psk/build/libuoscore-uedhoc.a(int_encode_decode.o)
 .debug_loc     0x00001120      0x190 uoscore-uedhoc-psk/build/libuoscore-uedhoc.a(okm.o)
 .debug_loc     0x000012b0      0x290 uoscore-uedhoc-psk/build/libuoscore-uedhoc.a(prk.o)
 .debug_loc     0x00001540      0x12d uoscore-uedhoc-psk/build/libuoscore-uedhoc.a(suites.o)
 .debug_loc     0x0000166d      0x86f uoscore-uedhoc-psk/build/libuoscore-uedhoc.a(th.o)
 .debug_loc     0x00001edc      0x23a uoscore-uedhoc-psk/build/libuoscore-uedhoc.a(byte_array.o)
 .debug_loc     0x00002116      0xdf9 uoscore-uedhoc-psk/build/libuoscore-uedhoc.a(crypto_wrapper.o)
 .debug_loc     0x00002f0f      0x25b uoscore-uedhoc-psk/build/libuoscore-uedhoc.a(memcpy_s.o)
 .debug_loc     0x0000316a      0x251 uoscore-uedhoc-psk/build/libuoscore-uedhoc.a(print_util.o)
 .debug_loc     0x000033bb      0x102 uoscore-uedhoc-psk/build/libuoscore-uedhoc.a(edhoc_decode_int_type.o)
 .debug_loc     0x000034bd      0x102 uoscore-uedhoc-psk/build/libuoscore-uedhoc.a(edhoc_encode_int_type.o)
 .debug_loc     0x000035bf      0x14b uoscore-uedhoc-psk/build/libuoscore-uedhoc.a(edhoc_encode_message_1.o)
 .debug_loc     0x0000370a      0x161 uoscore-uedhoc-psk/build/libuoscore-uedhoc.a(edhoc_encode_th2.o)
 .debug_loc     0x0000386b      0x139 uoscore-uedhoc-psk/build/libuoscore-uedhoc.a(bstr_encode_decode.o)
 .debug_loc     0x000039a4     0x1e85 uoscore-uedhoc-psk/build/libuoscore-uedhoc.a(ciphertext.o)
 .debug_loc     0x00005829       0x3a uoscore-uedhoc-psk/build/libuoscore-uedhoc.a(edhoc_method_type.o)
 .debug_loc     0x00005863      0x112 uoscore-uedhoc-psk/build/libuoscore-uedhoc.a(hkdf_info.o)
 .debug_loc     0x00005975      0x37b uoscore-uedhoc-psk/build/libuoscore-uedhoc.a(plaintext_decode.o)
 .debug_loc     0x00005cf0      0x22d uoscore-uedhoc-psk/build/libuoscore-uedhoc.a(retrieve_cred.o)
 .debug_loc     0x00005f1d      0x102 uoscore-uedhoc-psk/build/libuoscore-uedhoc.a(edhoc_decode_bstr_type.o)
 .debug_loc     0x0000601f      0x870 uoscore-uedhoc-psk/build/libuoscore-uedhoc.a(edhoc_decode_id_cred_x.o)
 .debug_loc     0x0000688f      0x102 uoscore-uedhoc-psk/build/libuoscore-uedhoc.a(edhoc_encode_bstr_type.o)
 .debug_loc     0x00006991      0x131 uoscore-uedhoc-psk/build/libuoscore-uedhoc.a(edhoc_encode_info.o)

.debug_aranges  0x00000000      0x320
 .debug_aranges
                0x00000000       0x20 uoscore-uedhoc-psk/build/libuoscore-uedhoc.a(initiator.o)
 .debug_aranges
                0x00000020       0x20 uoscore-uedhoc-psk/build/libuoscore-uedhoc.a(int_encode_decode.o)
 .debug_aranges
                0x00000040       0x20 uoscore-uedhoc-psk/build/libuoscore-uedhoc.a(okm.o)
 .debug_aranges
                0x00000060       0x20 uoscore-uedhoc-psk/build/libuoscore-uedhoc.a(prk.o)
 .debug_aranges
                0x00000080       0x20 uoscore-uedhoc-psk/build/libuoscore-uedhoc.a(runtime_context.o)
 .debug_aranges
                0x000000a0       0x20 uoscore-uedhoc-psk/build/libuoscore-uedhoc.a(suites.o)
 .debug_aranges
                0x000000c0       0x20 uoscore-uedhoc-psk/build/libuoscore-uedhoc.a(th.o)
 .debug_aranges
                0x000000e0       0x20 uoscore-uedhoc-psk/build/libuoscore-uedhoc.a(byte_array.o)
 .debug_aranges
                0x00000100       0x20 uoscore-uedhoc-psk/build/libuoscore-uedhoc.a(crypto_wrapper.o)
 .debug_aranges
                0x00000120       0x20 uoscore-uedhoc-psk/build/libuoscore-uedhoc.a(memcpy_s.o)
 .debug_aranges
                0x00000140       0x20 uoscore-uedhoc-psk/build/libuoscore-uedhoc.a(print_util.o)
 .debug_aranges
                0x00000160       0x20 uoscore-uedhoc-psk/build/libuoscore-uedhoc.a(edhoc_decode_int_type.o)
 .debug_aranges
                0x00000180       0x20 uoscore-uedhoc-psk/build/libuoscore-uedhoc.a(edhoc_encode_int_type.o)
 .debug_aranges
                0x000001a0       0x20 uoscore-uedhoc-psk/build/libuoscore-uedhoc.a(edhoc_encode_message_1.o)
 .debug_aranges
                0x000001c0       0x20 uoscore-uedhoc-psk/build/libuoscore-uedhoc.a(edhoc_encode_th2.o)
 .debug_aranges
                0x000001e0       0x20 uoscore-uedhoc-psk/build/libuoscore-uedhoc.a(bstr_encode_decode.o)
 .debug_aranges
                0x00000200       0x20 uoscore-uedhoc-psk/build/libuoscore-uedhoc.a(ciphertext.o)
 .debug_aranges
                0x00000220       0x20 uoscore-uedhoc-psk/build/libuoscore-uedhoc.a(edhoc_method_type.o)
 .debug_aranges
                0x00000240       0x20 uoscore-uedhoc-psk/build/libuoscore-uedhoc.a(hkdf_info.o)
 .debug_aranges
                0x00000260       0x20 uoscore-uedhoc-psk/build/libuoscore-uedhoc.a(plaintext_decode.o)
 .debug_aranges
                0x00000280       0x20 uoscore-uedhoc-psk/build/libuoscore-uedhoc.a(retrieve_cred.o)
 .debug_aranges
                0x000002a0       0x20 uoscore-uedhoc-psk/build/libuoscore-uedhoc.a(edhoc_decode_bstr_type.o)
 .debug_aranges
                0x000002c0       0x20 uoscore-uedhoc-psk/build/libuoscore-uedhoc.a(edhoc_decode_id_cred_x.o)
 .debug_aranges
                0x000002e0       0x20 uoscore-uedhoc-psk/build/libuoscore-uedhoc.a(edhoc_encode_bstr_type.o)
 .debug_aranges
                0x00000300       0x20 uoscore-uedhoc-psk/build/libuoscore-uedhoc.a(edhoc_encode_info.o)

.debug_ranges   0x00000000      0xc40
 .debug_ranges  0x00000000      0x2a8 uoscore-uedhoc-psk/build/libuoscore-uedhoc.a(initiator.o)
 .debug_ranges  0x000002a8       0x40 uoscore-uedhoc-psk/build/libuoscore-uedhoc.a(int_encode_decode.o)
 .debug_ranges  0x000002e8       0x20 uoscore-uedhoc-psk/build/libuoscore-uedhoc.a(okm.o)
 .debug_ranges  0x00000308       0x38 uoscore-uedhoc-psk/build/libuoscore-uedhoc.a(prk.o)
 .debug_ranges  0x00000340      0x1e0 uoscore-uedhoc-psk/build/libuoscore-uedhoc.a(th.o)
 .debug_ranges  0x00000520       0x40 uoscore-uedhoc-psk/build/libuoscore-uedhoc.a(byte_array.o)
 .debug_ranges  0x00000560      0x250 uoscore-uedhoc-psk/build/libuoscore-uedhoc.a(crypto_wrapper.o)
 .debug_ranges  0x000007b0       0x40 uoscore-uedhoc-psk/build/libuoscore-uedhoc.a(memcpy_s.o)
 .debug_ranges  0x000007f0       0x18 uoscore-uedhoc-psk/build/libuoscore-uedhoc.a(print_util.o)
 .debug_ranges  0x00000808       0x38 uoscore-uedhoc-psk/build/libuoscore-uedhoc.a(bstr_encode_decode.o)
 .debug_ranges  0x00000840      0x318 uoscore-uedhoc-psk/build/libuoscore-uedhoc.a(ciphertext.o)
 .debug_ranges  0x00000b58       0x20 uoscore-uedhoc-psk/build/libuoscore-uedhoc.a(hkdf_info.o)
 .debug_ranges  0x00000b78       0x80 uoscore-uedhoc-psk/build/libuoscore-uedhoc.a(plaintext_decode.o)
 .debug_ranges  0x00000bf8       0x48 uoscore-uedhoc-psk/build/libuoscore-uedhoc.a(retrieve_cred.o)

.debug_macro    0x00000000     0x4fb5
 .debug_macro   0x00000000      0x304 uoscore-uedhoc-psk/build/libuoscore-uedhoc.a(initiator.o)
 .debug_macro   0x00000304      0x904 uoscore-uedhoc-psk/build/libuoscore-uedhoc.a(initiator.o)
 .debug_macro   0x00000c08       0x22 uoscore-uedhoc-psk/build/libuoscore-uedhoc.a(initiator.o)
 .debug_macro   0x00000c2a       0x22 uoscore-uedhoc-psk/build/libuoscore-uedhoc.a(initiator.o)
 .debug_macro   0x00000c4c       0x56 uoscore-uedhoc-psk/build/libuoscore-uedhoc.a(initiator.o)
 .debug_macro   0x00000ca2       0x51 uoscore-uedhoc-psk/build/libuoscore-uedhoc.a(initiator.o)
 .debug_macro   0x00000cf3      0x103 uoscore-uedhoc-psk/build/libuoscore-uedhoc.a(initiator.o)
 .debug_macro   0x00000df6       0x6a uoscore-uedhoc-psk/build/libuoscore-uedhoc.a(initiator.o)
 .debug_macro   0x00000e60      0x1df uoscore-uedhoc-psk/build/libuoscore-uedhoc.a(initiator.o)
 .debug_macro   0x0000103f       0x67 uoscore-uedhoc-psk/build/libuoscore-uedhoc.a(initiator.o)
 .debug_macro   0x000010a6       0x19 uoscore-uedhoc-psk/build/libuoscore-uedhoc.a(initiator.o)
 .debug_macro   0x000010bf       0x3b uoscore-uedhoc-psk/build/libuoscore-uedhoc.a(initiator.o)
 .debug_macro   0x000010fa       0x34 uoscore-uedhoc-psk/build/libuoscore-uedhoc.a(initiator.o)
 .debug_macro   0x0000112e       0x16 uoscore-uedhoc-psk/build/libuoscore-uedhoc.a(initiator.o)
 .debug_macro   0x00001144       0x9e uoscore-uedhoc-psk/build/libuoscore-uedhoc.a(initiator.o)
 .debug_macro   0x000011e2      0x364 uoscore-uedhoc-psk/build/libuoscore-uedhoc.a(initiator.o)
 .debug_macro   0x00001546      0x112 uoscore-uedhoc-psk/build/libuoscore-uedhoc.a(initiator.o)
 .debug_macro   0x00001658       0x10 uoscore-uedhoc-psk/build/libuoscore-uedhoc.a(initiator.o)
 .debug_macro   0x00001668       0x16 uoscore-uedhoc-psk/build/libuoscore-uedhoc.a(initiator.o)
 .debug_macro   0x0000167e       0x4a uoscore-uedhoc-psk/build/libuoscore-uedhoc.a(initiator.o)
 .debug_macro   0x000016c8       0x34 uoscore-uedhoc-psk/build/libuoscore-uedhoc.a(initiator.o)
 .debug_macro   0x000016fc       0x10 uoscore-uedhoc-psk/build/libuoscore-uedhoc.a(initiator.o)
 .debug_macro   0x0000170c       0x52 uoscore-uedhoc-psk/build/libuoscore-uedhoc.a(initiator.o)
 .debug_macro   0x0000175e      0x1de uoscore-uedhoc-psk/build/libuoscore-uedhoc.a(initiator.o)
 .debug_macro   0x0000193c       0x16 uoscore-uedhoc-psk/build/libuoscore-uedhoc.a(initiator.o)
 .debug_macro   0x00001952       0x16 uoscore-uedhoc-psk/build/libuoscore-uedhoc.a(initiator.o)
 .debug_macro   0x00001968      0x12a uoscore-uedhoc-psk/build/libuoscore-uedhoc.a(initiator.o)
 .debug_macro   0x00001a92       0x22 uoscore-uedhoc-psk/build/libuoscore-uedhoc.a(initiator.o)
 .debug_macro   0x00001ab4       0x10 uoscore-uedhoc-psk/build/libuoscore-uedhoc.a(initiator.o)
 .debug_macro   0x00001ac4       0x10 uoscore-uedhoc-psk/build/libuoscore-uedhoc.a(initiator.o)
 .debug_macro   0x00001ad4      0x130 uoscore-uedhoc-psk/build/libuoscore-uedhoc.a(initiator.o)
 .debug_macro   0x00001c04       0x16 uoscore-uedhoc-psk/build/libuoscore-uedhoc.a(initiator.o)
 .debug_macro   0x00001c1a       0x3c uoscore-uedhoc-psk/build/libuoscore-uedhoc.a(initiator.o)
 .debug_macro   0x00001c56      0x1aa uoscore-uedhoc-psk/build/libuoscore-uedhoc.a(initiator.o)
 .debug_macro   0x00001e00      0x1d4 uoscore-uedhoc-psk/build/libuoscore-uedhoc.a(int_encode_decode.o)
 .debug_macro   0x00001fd4      0x1b4 uoscore-uedhoc-psk/build/libuoscore-uedhoc.a(okm.o)
 .debug_macro   0x00002188      0x1df uoscore-uedhoc-psk/build/libuoscore-uedhoc.a(prk.o)
 .debug_macro   0x00002367       0x61 uoscore-uedhoc-psk/build/libuoscore-uedhoc.a(prk.o)
 .debug_macro   0x000023c8       0x5c uoscore-uedhoc-psk/build/libuoscore-uedhoc.a(prk.o)
 .debug_macro   0x00002424      0x190 uoscore-uedhoc-psk/build/libuoscore-uedhoc.a(prk.o)
 .debug_macro   0x000025b4       0x57 uoscore-uedhoc-psk/build/libuoscore-uedhoc.a(prk.o)
 .debug_macro   0x0000260b       0x10 uoscore-uedhoc-psk/build/libuoscore-uedhoc.a(prk.o)
 .debug_macro   0x0000261b       0x1c uoscore-uedhoc-psk/build/libuoscore-uedhoc.a(prk.o)
 .debug_macro   0x00002637      0x1f7 uoscore-uedhoc-psk/build/libuoscore-uedhoc.a(runtime_context.o)
 .debug_macro   0x0000282e      0x153 uoscore-uedhoc-psk/build/libuoscore-uedhoc.a(suites.o)
 .debug_macro   0x00002981      0x240 uoscore-uedhoc-psk/build/libuoscore-uedhoc.a(th.o)
 .debug_macro   0x00002bc1      0x177 uoscore-uedhoc-psk/build/libuoscore-uedhoc.a(byte_array.o)
 .debug_macro   0x00002d38      0x280 uoscore-uedhoc-psk/build/libuoscore-uedhoc.a(crypto_wrapper.o)
 .debug_macro   0x00002fb8       0x10 uoscore-uedhoc-psk/build/libuoscore-uedhoc.a(crypto_wrapper.o)
 .debug_macro   0x00002fc8       0x16 uoscore-uedhoc-psk/build/libuoscore-uedhoc.a(crypto_wrapper.o)
 .debug_macro   0x00002fde       0x10 uoscore-uedhoc-psk/build/libuoscore-uedhoc.a(crypto_wrapper.o)
 .debug_macro   0x00002fee       0x28 uoscore-uedhoc-psk/build/libuoscore-uedhoc.a(crypto_wrapper.o)
 .debug_macro   0x00003016       0x10 uoscore-uedhoc-psk/build/libuoscore-uedhoc.a(crypto_wrapper.o)
 .debug_macro   0x00003026       0x1c uoscore-uedhoc-psk/build/libuoscore-uedhoc.a(crypto_wrapper.o)
 .debug_macro   0x00003042       0x16 uoscore-uedhoc-psk/build/libuoscore-uedhoc.a(crypto_wrapper.o)
 .debug_macro   0x00003058      0x174 uoscore-uedhoc-psk/build/libuoscore-uedhoc.a(memcpy_s.o)
 .debug_macro   0x000031cc      0x157 uoscore-uedhoc-psk/build/libuoscore-uedhoc.a(print_util.o)
 .debug_macro   0x00003323      0x1be uoscore-uedhoc-psk/build/libuoscore-uedhoc.a(edhoc_decode_int_type.o)
 .debug_macro   0x000034e1      0x1b0 uoscore-uedhoc-psk/build/libuoscore-uedhoc.a(edhoc_decode_int_type.o)
 .debug_macro   0x00003691       0x42 uoscore-uedhoc-psk/build/libuoscore-uedhoc.a(edhoc_decode_int_type.o)
 .debug_macro   0x000036d3       0x2e uoscore-uedhoc-psk/build/libuoscore-uedhoc.a(edhoc_decode_int_type.o)
 .debug_macro   0x00003701      0x1be uoscore-uedhoc-psk/build/libuoscore-uedhoc.a(edhoc_encode_int_type.o)
 .debug_macro   0x000038bf       0x26 uoscore-uedhoc-psk/build/libuoscore-uedhoc.a(edhoc_encode_int_type.o)
 .debug_macro   0x000038e5      0x1c2 uoscore-uedhoc-psk/build/libuoscore-uedhoc.a(edhoc_encode_message_1.o)
 .debug_macro   0x00003aa7      0x1c2 uoscore-uedhoc-psk/build/libuoscore-uedhoc.a(edhoc_encode_th2.o)
 .debug_macro   0x00003c69      0x1fd uoscore-uedhoc-psk/build/libuoscore-uedhoc.a(bstr_encode_decode.o)
 .debug_macro   0x00003e66      0x21a uoscore-uedhoc-psk/build/libuoscore-uedhoc.a(ciphertext.o)
 .debug_macro   0x00004080      0x15c uoscore-uedhoc-psk/build/libuoscore-uedhoc.a(edhoc_method_type.o)
 .debug_macro   0x000041dc      0x1e5 uoscore-uedhoc-psk/build/libuoscore-uedhoc.a(hkdf_info.o)
 .debug_macro   0x000043c1      0x2b1 uoscore-uedhoc-psk/build/libuoscore-uedhoc.a(plaintext_decode.o)
 .debug_macro   0x00004672      0x243 uoscore-uedhoc-psk/build/libuoscore-uedhoc.a(retrieve_cred.o)
 .debug_macro   0x000048b5      0x1be uoscore-uedhoc-psk/build/libuoscore-uedhoc.a(edhoc_decode_bstr_type.o)
 .debug_macro   0x00004a73      0x1c2 uoscore-uedhoc-psk/build/libuoscore-uedhoc.a(edhoc_decode_id_cred_x.o)
 .debug_macro   0x00004c35      0x1be uoscore-uedhoc-psk/build/libuoscore-uedhoc.a(edhoc_encode_bstr_type.o)
 .debug_macro   0x00004df3      0x1c2 uoscore-uedhoc-psk/build/libuoscore-uedhoc.a(edhoc_encode_info.o)

.debug_line     0x00000000     0xc4eb
 .debug_line    0x00000000     0x1905 uoscore-uedhoc-psk/build/libuoscore-uedhoc.a(initiator.o)
 .debug_line    0x00001905      0x5ee uoscore-uedhoc-psk/build/libuoscore-uedhoc.a(int_encode_decode.o)
 .debug_line    0x00001ef3      0x51f uoscore-uedhoc-psk/build/libuoscore-uedhoc.a(okm.o)
 .debug_line    0x00002412      0x4d9 uoscore-uedhoc-psk/build/libuoscore-uedhoc.a(prk.o)
 .debug_line    0x000028eb      0x44f uoscore-uedhoc-psk/build/libuoscore-uedhoc.a(runtime_context.o)
 .debug_line    0x00002d3a      0x3f3 uoscore-uedhoc-psk/build/libuoscore-uedhoc.a(suites.o)
 .debug_line    0x0000312d     0x108f uoscore-uedhoc-psk/build/libuoscore-uedhoc.a(th.o)
 .debug_line    0x000041bc      0x471 uoscore-uedhoc-psk/build/libuoscore-uedhoc.a(byte_array.o)
 .debug_line    0x0000462d     0x1062 uoscore-uedhoc-psk/build/libuoscore-uedhoc.a(crypto_wrapper.o)
 .debug_line    0x0000568f      0x3ac uoscore-uedhoc-psk/build/libuoscore-uedhoc.a(memcpy_s.o)
 .debug_line    0x00005a3b      0x3af uoscore-uedhoc-psk/build/libuoscore-uedhoc.a(print_util.o)
 .debug_line    0x00005dea      0x355 uoscore-uedhoc-psk/build/libuoscore-uedhoc.a(edhoc_decode_int_type.o)
 .debug_line    0x0000613f      0x355 uoscore-uedhoc-psk/build/libuoscore-uedhoc.a(edhoc_encode_int_type.o)
 .debug_line    0x00006494      0x47e uoscore-uedhoc-psk/build/libuoscore-uedhoc.a(edhoc_encode_message_1.o)
 .debug_line    0x00006912      0x3c0 uoscore-uedhoc-psk/build/libuoscore-uedhoc.a(edhoc_encode_th2.o)
 .debug_line    0x00006cd2      0x50b uoscore-uedhoc-psk/build/libuoscore-uedhoc.a(bstr_encode_decode.o)
 .debug_line    0x000071dd     0x27e9 uoscore-uedhoc-psk/build/libuoscore-uedhoc.a(ciphertext.o)
 .debug_line    0x000099c6      0x2e8 uoscore-uedhoc-psk/build/libuoscore-uedhoc.a(edhoc_method_type.o)
 .debug_line    0x00009cae      0x441 uoscore-uedhoc-psk/build/libuoscore-uedhoc.a(hkdf_info.o)
 .debug_line    0x0000a0ef      0x760 uoscore-uedhoc-psk/build/libuoscore-uedhoc.a(plaintext_decode.o)
 .debug_line    0x0000a84f      0x632 uoscore-uedhoc-psk/build/libuoscore-uedhoc.a(retrieve_cred.o)
 .debug_line    0x0000ae81      0x358 uoscore-uedhoc-psk/build/libuoscore-uedhoc.a(edhoc_decode_bstr_type.o)
 .debug_line    0x0000b1d9      0xc13 uoscore-uedhoc-psk/build/libuoscore-uedhoc.a(edhoc_decode_id_cred_x.o)
 .debug_line    0x0000bdec      0x358 uoscore-uedhoc-psk/build/libuoscore-uedhoc.a(edhoc_encode_bstr_type.o)
 .debug_line    0x0000c144      0x3a7 uoscore-uedhoc-psk/build/libuoscore-uedhoc.a(edhoc_encode_info.o)

.debug_str      0x00000000     0xafea
 .debug_str     0x00000000     0xafea uoscore-uedhoc-psk/build/libuoscore-uedhoc.a(initiator.o)
                               0x93d5 (size before relaxing)
 .debug_str     0x0000afea     0x779c uoscore-uedhoc-psk/build/libuoscore-uedhoc.a(int_encode_decode.o)
 .debug_str     0x0000afea     0x7faa uoscore-uedhoc-psk/build/libuoscore-uedhoc.a(okm.o)
 .debug_str     0x0000afea     0x815b uoscore-uedhoc-psk/build/libuoscore-uedhoc.a(prk.o)
 .debug_str     0x0000afea     0x7c87 uoscore-uedhoc-psk/build/libuoscore-uedhoc.a(runtime_context.o)
 .debug_str     0x0000afea     0x75c2 uoscore-uedhoc-psk/build/libuoscore-uedhoc.a(suites.o)
 .debug_str     0x0000afea     0x8ca4 uoscore-uedhoc-psk/build/libuoscore-uedhoc.a(th.o)
 .debug_str     0x0000afea     0x76aa uoscore-uedhoc-psk/build/libuoscore-uedhoc.a(byte_array.o)
 .debug_str     0x0000afea     0x8597 uoscore-uedhoc-psk/build/libuoscore-uedhoc.a(crypto_wrapper.o)
 .debug_str     0x0000afea     0x7530 uoscore-uedhoc-psk/build/libuoscore-uedhoc.a(memcpy_s.o)
 .debug_str     0x0000afea     0x7065 uoscore-uedhoc-psk/build/libuoscore-uedhoc.a(print_util.o)
 .debug_str     0x0000afea     0x7eec uoscore-uedhoc-psk/build/libuoscore-uedhoc.a(edhoc_decode_int_type.o)
 .debug_str     0x0000afea     0x7cf5 uoscore-uedhoc-psk/build/libuoscore-uedhoc.a(edhoc_encode_int_type.o)
 .debug_str     0x0000afea     0x7ed8 uoscore-uedhoc-psk/build/libuoscore-uedhoc.a(edhoc_encode_message_1.o)
 .debug_str     0x0000afea     0x7cee uoscore-uedhoc-psk/build/libuoscore-uedhoc.a(edhoc_encode_th2.o)
 .debug_str     0x0000afea     0x822b uoscore-uedhoc-psk/build/libuoscore-uedhoc.a(bstr_encode_decode.o)
 .debug_str     0x0000afea     0x8566 uoscore-uedhoc-psk/build/libuoscore-uedhoc.a(ciphertext.o)
 .debug_str     0x0000afea     0x710b uoscore-uedhoc-psk/build/libuoscore-uedhoc.a(edhoc_method_type.o)
 .debug_str     0x0000afea     0x81e5 uoscore-uedhoc-psk/build/libuoscore-uedhoc.a(hkdf_info.o)
 .debug_str     0x0000afea     0x83c5 uoscore-uedhoc-psk/build/libuoscore-uedhoc.a(plaintext_decode.o)
 .debug_str     0x0000afea     0x865f uoscore-uedhoc-psk/build/libuoscore-uedhoc.a(retrieve_cred.o)
 .debug_str     0x0000afea     0x7ef9 uoscore-uedhoc-psk/build/libuoscore-uedhoc.a(edhoc_decode_bstr_type.o)
 .debug_str     0x0000afea     0x84ec uoscore-uedhoc-psk/build/libuoscore-uedhoc.a(edhoc_decode_id_cred_x.o)
 .debug_str     0x0000afea     0x7d02 uoscore-uedhoc-psk/build/libuoscore-uedhoc.a(edhoc_encode_bstr_type.o)
 .debug_str     0x0000afea     0x7d2e uoscore-uedhoc-psk/build/libuoscore-uedhoc.a(edhoc_encode_info.o)

.debug_frame    0x00000000      0xd7c
 .debug_frame   0x00000000      0x110 uoscore-uedhoc-psk/build/libuoscore-uedhoc.a(initiator.o)
 .debug_frame   0x00000110       0x74 uoscore-uedhoc-psk/build/libuoscore-uedhoc.a(int_encode_decode.o)
 .debug_frame   0x00000184       0x4c uoscore-uedhoc-psk/build/libuoscore-uedhoc.a(okm.o)
 .debug_frame   0x000001d0       0x64 uoscore-uedhoc-psk/build/libuoscore-uedhoc.a(prk.o)
 .debug_frame   0x00000234       0x20 uoscore-uedhoc-psk/build/libuoscore-uedhoc.a(runtime_context.o)
 .debug_frame   0x00000254       0x80 uoscore-uedhoc-psk/build/libuoscore-uedhoc.a(suites.o)
 .debug_frame   0x000002d4      0x10c uoscore-uedhoc-psk/build/libuoscore-uedhoc.a(th.o)
 .debug_frame   0x000003e0       0x78 uoscore-uedhoc-psk/build/libuoscore-uedhoc.a(byte_array.o)
 .debug_frame   0x00000458      0x1b0 uoscore-uedhoc-psk/build/libuoscore-uedhoc.a(crypto_wrapper.o)
 .debug_frame   0x00000608       0x44 uoscore-uedhoc-psk/build/libuoscore-uedhoc.a(memcpy_s.o)
 .debug_frame   0x0000064c       0x70 uoscore-uedhoc-psk/build/libuoscore-uedhoc.a(print_util.o)
 .debug_frame   0x000006bc       0x3c uoscore-uedhoc-psk/build/libuoscore-uedhoc.a(edhoc_decode_int_type.o)
 .debug_frame   0x000006f8       0x3c uoscore-uedhoc-psk/build/libuoscore-uedhoc.a(edhoc_encode_int_type.o)
 .debug_frame   0x00000734       0x54 uoscore-uedhoc-psk/build/libuoscore-uedhoc.a(edhoc_encode_message_1.o)
 .debug_frame   0x00000788       0x58 uoscore-uedhoc-psk/build/libuoscore-uedhoc.a(edhoc_encode_th2.o)
 .debug_frame   0x000007e0       0x5c uoscore-uedhoc-psk/build/libuoscore-uedhoc.a(bstr_encode_decode.o)
 .debug_frame   0x0000083c      0x17c uoscore-uedhoc-psk/build/libuoscore-uedhoc.a(ciphertext.o)
 .debug_frame   0x000009b8       0x30 uoscore-uedhoc-psk/build/libuoscore-uedhoc.a(edhoc_method_type.o)
 .debug_frame   0x000009e8       0x34 uoscore-uedhoc-psk/build/libuoscore-uedhoc.a(hkdf_info.o)
 .debug_frame   0x00000a1c       0x48 uoscore-uedhoc-psk/build/libuoscore-uedhoc.a(plaintext_decode.o)
 .debug_frame   0x00000a64       0x58 uoscore-uedhoc-psk/build/libuoscore-uedhoc.a(retrieve_cred.o)
 .debug_frame   0x00000abc       0x3c uoscore-uedhoc-psk/build/libuoscore-uedhoc.a(edhoc_decode_bstr_type.o)
 .debug_frame   0x00000af8      0x1f8 uoscore-uedhoc-psk/build/libuoscore-uedhoc.a(edhoc_decode_id_cred_x.o)
 .debug_frame   0x00000cf0       0x3c uoscore-uedhoc-psk/build/libuoscore-uedhoc.a(edhoc_encode_bstr_type.o)
 .debug_frame   0x00000d2c       0x50 uoscore-uedhoc-psk/build/libuoscore-uedhoc.a(edhoc_encode_info.o)
